Archive member included because of file (symbol)

/cygdrive/c/gccfd/gnuarm/bin/../lib/gcc/arm-elf/4.0.2/../../../../arm-elf/lib/thumb/interwork/libc.a(memcpy.o)
                              FreeRTOS/Source/queue.o (memcpy)
/cygdrive/c/gccfd/gnuarm/bin/../lib/gcc/arm-elf/4.0.2/../../../../arm-elf/lib/thumb/interwork/libc.a(memset.o)
                              FreeRTOS/Source/tasks.o (memset)
/cygdrive/c/gccfd/gnuarm/bin/../lib/gcc/arm-elf/4.0.2/../../../../arm-elf/lib/thumb/interwork/libc.a(sprintf.o)
                              usb/source/usb_comm.o (sprintf)
/cygdrive/c/gccfd/gnuarm/bin/../lib/gcc/arm-elf/4.0.2/../../../../arm-elf/lib/thumb/interwork/libc.a(strcpy.o)
                              usb/source/usb_comm.o (strcpy)
/cygdrive/c/gccfd/gnuarm/bin/../lib/gcc/arm-elf/4.0.2/../../../../arm-elf/lib/thumb/interwork/libc.a(strlen.o)
                              usb/source/usb_comm.o (strlen)
/cygdrive/c/gccfd/gnuarm/bin/../lib/gcc/arm-elf/4.0.2/../../../../arm-elf/lib/thumb/interwork/libc.a(strncpy.o)
                              FreeRTOS/Source/tasks.o (strncpy)
/cygdrive/c/gccfd/gnuarm/bin/../lib/gcc/arm-elf/4.0.2/../../../../arm-elf/lib/thumb/interwork/libc.a(vfprintf.o)
                              /cygdrive/c/gccfd/gnuarm/bin/../lib/gcc/arm-elf/4.0.2/../../../../arm-elf/lib/thumb/interwork/libc.a(sprintf.o) (_vfprintf_r)
/cygdrive/c/gccfd/gnuarm/bin/../lib/gcc/arm-elf/4.0.2/../../../../arm-elf/lib/thumb/interwork/libc.a(wcrtomb.o)
                              /cygdrive/c/gccfd/gnuarm/bin/../lib/gcc/arm-elf/4.0.2/../../../../arm-elf/lib/thumb/interwork/libc.a(vfprintf.o) (_wcrtomb_r)
/cygdrive/c/gccfd/gnuarm/bin/../lib/gcc/arm-elf/4.0.2/../../../../arm-elf/lib/thumb/interwork/libc.a(wcsrtombs.o)
                              /cygdrive/c/gccfd/gnuarm/bin/../lib/gcc/arm-elf/4.0.2/../../../../arm-elf/lib/thumb/interwork/libc.a(vfprintf.o) (_wcsrtombs_r)
/cygdrive/c/gccfd/gnuarm/bin/../lib/gcc/arm-elf/4.0.2/../../../../arm-elf/lib/thumb/interwork/libc.a(wctomb_r.o)
                              /cygdrive/c/gccfd/gnuarm/bin/../lib/gcc/arm-elf/4.0.2/../../../../arm-elf/lib/thumb/interwork/libc.a(wcrtomb.o) (_wctomb_r)
/cygdrive/c/gccfd/gnuarm/bin/../lib/gcc/arm-elf/4.0.2/../../../../arm-elf/lib/thumb/interwork/libc.a(wsetup.o)
                              /cygdrive/c/gccfd/gnuarm/bin/../lib/gcc/arm-elf/4.0.2/../../../../arm-elf/lib/thumb/interwork/libc.a(vfprintf.o) (__swsetup)
/cygdrive/c/gccfd/gnuarm/bin/../lib/gcc/arm-elf/4.0.2/../../../../arm-elf/lib/thumb/interwork/libc.a(dtoa.o)
                              /cygdrive/c/gccfd/gnuarm/bin/../lib/gcc/arm-elf/4.0.2/../../../../arm-elf/lib/thumb/interwork/libc.a(vfprintf.o) (_dtoa_r)
/cygdrive/c/gccfd/gnuarm/bin/../lib/gcc/arm-elf/4.0.2/../../../../arm-elf/lib/thumb/interwork/libc.a(fflush.o)
                              /cygdrive/c/gccfd/gnuarm/bin/../lib/gcc/arm-elf/4.0.2/../../../../arm-elf/lib/thumb/interwork/libc.a(vfprintf.o) (fflush)
/cygdrive/c/gccfd/gnuarm/bin/../lib/gcc/arm-elf/4.0.2/../../../../arm-elf/lib/thumb/interwork/libc.a(findfp.o)
                              /cygdrive/c/gccfd/gnuarm/bin/../lib/gcc/arm-elf/4.0.2/../../../../arm-elf/lib/thumb/interwork/libc.a(vfprintf.o) (__sinit)
/cygdrive/c/gccfd/gnuarm/bin/../lib/gcc/arm-elf/4.0.2/../../../../arm-elf/lib/thumb/interwork/libc.a(freer.o)
                              /cygdrive/c/gccfd/gnuarm/bin/../lib/gcc/arm-elf/4.0.2/../../../../arm-elf/lib/thumb/interwork/libc.a(vfprintf.o) (_free_r)
/cygdrive/c/gccfd/gnuarm/bin/../lib/gcc/arm-elf/4.0.2/../../../../arm-elf/lib/thumb/interwork/libc.a(fvwrite.o)
                              /cygdrive/c/gccfd/gnuarm/bin/../lib/gcc/arm-elf/4.0.2/../../../../arm-elf/lib/thumb/interwork/libc.a(vfprintf.o) (__sfvwrite)
/cygdrive/c/gccfd/gnuarm/bin/../lib/gcc/arm-elf/4.0.2/../../../../arm-elf/lib/thumb/interwork/libc.a(fwalk.o)
                              /cygdrive/c/gccfd/gnuarm/bin/../lib/gcc/arm-elf/4.0.2/../../../../arm-elf/lib/thumb/interwork/libc.a(fflush.o) (_fwalk)
/cygdrive/c/gccfd/gnuarm/bin/../lib/gcc/arm-elf/4.0.2/../../../../arm-elf/lib/thumb/interwork/libc.a(impure.o)
                              /cygdrive/c/gccfd/gnuarm/bin/../lib/gcc/arm-elf/4.0.2/../../../../arm-elf/lib/thumb/interwork/libc.a(fflush.o) (_global_impure_ptr)
/cygdrive/c/gccfd/gnuarm/bin/../lib/gcc/arm-elf/4.0.2/../../../../arm-elf/lib/thumb/interwork/libc.a(locale.o)
                              /cygdrive/c/gccfd/gnuarm/bin/../lib/gcc/arm-elf/4.0.2/../../../../arm-elf/lib/thumb/interwork/libc.a(wctomb_r.o) (__lc_ctype)
/cygdrive/c/gccfd/gnuarm/bin/../lib/gcc/arm-elf/4.0.2/../../../../arm-elf/lib/thumb/interwork/libc.a(makebuf.o)
                              /cygdrive/c/gccfd/gnuarm/bin/../lib/gcc/arm-elf/4.0.2/../../../../arm-elf/lib/thumb/interwork/libc.a(wsetup.o) (__smakebuf)
/cygdrive/c/gccfd/gnuarm/bin/../lib/gcc/arm-elf/4.0.2/../../../../arm-elf/lib/thumb/interwork/libc.a(mallocr.o)
[...]
Memory Configuration

Name             Origin             Length             Attributes
FLASH            0x00100000         0x00010000         xr
DATA             0x00200000         0x00004000         rw
STACK            0x00204000         0x00000000         rw
*default*        0x00000000         0xffffffff

Linker script and memory map

LOAD startup_SAM7S.o
LOAD FreeRTOS/Source/portable/GCC/ARM7_AT91SAM7S/portISR.o
LOAD interrupt_utils.o
LOAD blinker.o
LOAD usb/source/USBIsr.o
LOAD main.o
LOAD hardware/lib_AT91SAM7S256.o
LOAD FreeRTOS/Source/tasks.o
LOAD FreeRTOS/Source/queue.o
LOAD FreeRTOS/Source/list.o
LOAD FreeRTOS/Source/portable/MemMang/heap_2.o
LOAD FreeRTOS/Source/portable/GCC/ARM7_AT91SAM7S/port.o
LOAD led_debug.o
LOAD usb/source/usb_comm.o
LOAD usb/source/USB-CDC.o
LOAD logger/loggerHardware.o
LOAD /cygdrive/c/gccfd/gnuarm/bin/../lib/gcc/arm-elf/4.0.2/../../../../arm-elf/lib/thumb/interwork/libc.a
LOAD /cygdrive/c/gccfd/gnuarm/bin/../lib/gcc/arm-elf/4.0.2/../../../../arm-elf/lib/thumb/interwork/libm.a
LOAD /cygdrive/c/gccfd/gnuarm/bin/../lib/gcc/arm-elf/4.0.2/../../../../arm-elf/lib/thumb/interwork/libc.a
LOAD /cygdrive/c/gccfd/gnuarm/bin/../lib/gcc/arm-elf/4.0.2/thumb/interwork/libgcc.a
LOAD /cygdrive/c/gccfd/gnuarm/bin/../lib/gcc/arm-elf/4.0.2/thumb/interwork/libgcc.a
LOAD /cygdrive/c/gccfd/gnuarm/bin/../lib/gcc/arm-elf/4.0.2/../../../../arm-elf/lib/thumb/interwork/libc.a
LOAD /cygdrive/c/gccfd/gnuarm/bin/../lib/gcc/arm-elf/4.0.2/thumb/interwork/libgcc.a

.text           0x00100000     0x8098
 *(.vectrom)
 .vectrom       0x00100000       0x58 startup_SAM7S.o
                0x00100050                IRQ_Handler
                0x00100040                Undef_Handler
                0x0010004c                DAbt_Handler
                0x00100054                FIQ_Handler
                0x00100048                PAbt_Handler
 *(.init)
 .init          0x00100058      0x160 startup_SAM7S.o
                0x00100058                _startup
 *(.text .text.*)
 .text.vPortISRStartFirstTask
                0x001001b8       0x54 FreeRTOS/Source/portable/GCC/ARM7_AT91SAM7S/portISR.o
                0x001001b8                vPortISRStartFirstTask
 .text.SWI_Handler
                0x0010020c       0xac FreeRTOS/Source/portable/GCC/ARM7_AT91SAM7S/portISR.o
                0x0010020c                SWI_Handler
 .text.vPreemptiveTick
                0x001002b8       0xc0 FreeRTOS/Source/portable/GCC/ARM7_AT91SAM7S/portISR.o
                0x001002b8                vPreemptiveTick
 .text.vPortDisableInterruptsFromThumb
                0x00100378       0x18 FreeRTOS/Source/portable/GCC/ARM7_AT91SAM7S/portISR.o
                0x00100378                vPortDisableInterruptsFromThumb
 .text.vPortEnterCritical
                0x00100390       0x2c FreeRTOS/Source/portable/GCC/ARM7_AT91SAM7S/portISR.o
                0x00100390                vPortEnterCritical
 .text.vPortExitCritical
                0x001003bc       0x44 FreeRTOS/Source/portable/GCC/ARM7_AT91SAM7S/portISR.o
                0x001003bc                vPortExitCritical
 .text.vUSB_ISR
                0x00100400      0x23c usb/source/USBIsr.o
                0x00100400                vUSB_ISR
 .text.main     0x0010063c       0xb4 main.o
                0x0010063c                main
 .text.StatusLED2
                0x001006f0       0x10 main.o
 .text.StatusLED1
                0x00100700       0x10 main.o
 .text.AT91F_AIC_ConfigureIt
                0x00100710       0x28 hardware/lib_AT91SAM7S256.o
                0x00100710                AT91F_AIC_ConfigureIt
 .text.AT91F_PIO_CfgPeriph
                0x00100738        0xc hardware/lib_AT91SAM7S256.o
                0x00100738                AT91F_PIO_CfgPeriph
 .text.AT91F_PIO_CfgOutput
                0x00100744        0x8 hardware/lib_AT91SAM7S256.o
                0x00100744                AT91F_PIO_CfgOutput
 .text.AT91F_PIO_GetInput
                0x0010074c        0x4 hardware/lib_AT91SAM7S256.o
                0x0010074c                AT91F_PIO_GetInput
 .text.AT91F_PIO_SetOutput
                0x00100750        0x4 hardware/lib_AT91SAM7S256.o
                0x00100750                AT91F_PIO_SetOutput
 .text.AT91F_PIO_ClearOutput
                0x00100754        0x4 hardware/lib_AT91SAM7S256.o
                0x00100754                AT91F_PIO_ClearOutput
 .text.AT91F_PMC_EnablePeriphClock
                0x00100758        0x4 hardware/lib_AT91SAM7S256.o
                0x00100758                AT91F_PMC_EnablePeriphClock
 .text.AT91F_RSTSetMode
                0x0010075c        0xc hardware/lib_AT91SAM7S256.o
                0x0010075c                AT91F_RSTSetMode
 .text.AT91F_ADC_GetStatus
                0x00100768        0x4 hardware/lib_AT91SAM7S256.o
                0x00100768                AT91F_ADC_GetStatus
 .text.AT91F_ADC_CfgModeReg
                0x0010076c        0x4 hardware/lib_AT91SAM7S256.o
                0x0010076c                AT91F_ADC_CfgModeReg
 .text.AT91F_ADC_EnableChannel
                0x00100770        0x4 hardware/lib_AT91SAM7S256.o
                0x00100770                AT91F_ADC_EnableChannel
 .text.AT91F_ADC_StartConversion
                0x00100774        0x8 hardware/lib_AT91SAM7S256.o
                0x00100774                AT91F_ADC_StartConversion
 .text.AT91F_ADC_SoftReset
                0x0010077c        0x8 hardware/lib_AT91SAM7S256.o
                0x0010077c                AT91F_ADC_SoftReset
 .text.AT91F_ADC_GetConvertedDataCH0
                0x00100784        0x4 hardware/lib_AT91SAM7S256.o
                0x00100784                AT91F_ADC_GetConvertedDataCH0
 .text.AT91F_ADC_GetConvertedDataCH1
                0x00100788        0x4 hardware/lib_AT91SAM7S256.o
                0x00100788                AT91F_ADC_GetConvertedDataCH1
 .text.AT91F_ADC_GetConvertedDataCH2
                0x0010078c        0x4 hardware/lib_AT91SAM7S256.o
                0x0010078c                AT91F_ADC_GetConvertedDataCH2
 .text.AT91F_ADC_GetConvertedDataCH3
                0x00100790        0x4 hardware/lib_AT91SAM7S256.o
                0x00100790                AT91F_ADC_GetConvertedDataCH3
 .text.AT91F_ADC_GetConvertedDataCH4
                0x00100794        0x4 hardware/lib_AT91SAM7S256.o
                0x00100794                AT91F_ADC_GetConvertedDataCH4
 .text.AT91F_ADC_GetConvertedDataCH5
                0x00100798        0x4 hardware/lib_AT91SAM7S256.o
                0x00100798                AT91F_ADC_GetConvertedDataCH5
 .text.AT91F_ADC_GetConvertedDataCH6
                0x0010079c        0x4 hardware/lib_AT91SAM7S256.o
                0x0010079c                AT91F_ADC_GetConvertedDataCH6
 .text.AT91F_ADC_GetConvertedDataCH7
                0x001007a0        0x4 hardware/lib_AT91SAM7S256.o
                0x001007a0                AT91F_ADC_GetConvertedDataCH7
 .text.vTaskSuspendAll
                0x001007a4       0x1c FreeRTOS/Source/tasks.o
                0x001007a4                vTaskSuspendAll
 .text.vTaskIncrementTick
                0x001007c0       0xb0 FreeRTOS/Source/tasks.o
                0x001007c0                vTaskIncrementTick
 .text.xTaskResumeAll
                0x00100870       0xd0 FreeRTOS/Source/tasks.o
                0x00100870                xTaskResumeAll
 .text.vTaskDelay
                0x00100940       0x58 FreeRTOS/Source/tasks.o
                0x00100940                vTaskDelay
 .text.vTaskSwitchContext
                0x00100998       0xa8 FreeRTOS/Source/tasks.o
                0x00100998                vTaskSwitchContext
 .text.vTaskPlaceOnEventList
                0x00100a40       0x4c FreeRTOS/Source/tasks.o
                0x00100a40                vTaskPlaceOnEventList
 .text.xTaskRemoveFromEventList
                0x00100a8c       0x74 FreeRTOS/Source/tasks.o
                0x00100a8c                xTaskRemoveFromEventList
 .text.vTaskSetTimeOutState
                0x00100b00       0x18 FreeRTOS/Source/tasks.o
                0x00100b00                vTaskSetTimeOutState
 .text.vTaskMissedYield
                0x00100b18        0xc FreeRTOS/Source/tasks.o
                0x00100b18                vTaskMissedYield
 .text.prvIdleTask
                0x00100b24       0x10 FreeRTOS/Source/tasks.o
 .text.xTaskCreate
                0x00100b34      0x18c FreeRTOS/Source/tasks.o
                0x00100b34                xTaskCreate
 .text.vTaskStartScheduler
                0x00100cc0       0x44 FreeRTOS/Source/tasks.o
                0x00100cc0                vTaskStartScheduler
 .text.xTaskCheckForTimeOut
                0x00100d04       0x4c FreeRTOS/Source/tasks.o
                0x00100d04                xTaskCheckForTimeOut
 .text.xQueueCreate
                0x00100d50       0x68 FreeRTOS/Source/queue.o
                0x00100d50                xQueueCreate
 .text.xQueueSendFromISR
                0x00100db8       0x60 FreeRTOS/Source/queue.o
                0x00100db8                xQueueSendFromISR
 .text.uxQueueMessagesWaiting
                0x00100e18       0x18 FreeRTOS/Source/queue.o
                0x00100e18                uxQueueMessagesWaiting
 .text.prvUnlockQueue
                0x00100e30       0x68 FreeRTOS/Source/queue.o
 .text.xQueueReceive
                0x00100e98       0xe4 FreeRTOS/Source/queue.o
                0x00100e98                xQueueReceive
 .text.xQueueSend
                0x00100f7c       0xe8 FreeRTOS/Source/queue.o
                0x00100f7c                xQueueSend
 .text.vListInitialise
                0x00101064       0x18 FreeRTOS/Source/list.o
                0x00101064                vListInitialise
 .text.vListInitialiseItem
                0x0010107c        0x8 FreeRTOS/Source/list.o
                0x0010107c                vListInitialiseItem
 .text.vListInsertEnd
                0x00101084       0x1c FreeRTOS/Source/list.o
                0x00101084                vListInsertEnd
 .text.vListInsert
                0x001010a0       0x34 FreeRTOS/Source/list.o
                0x001010a0                vListInsert
 .text.vListRemove
                0x001010d4       0x20 FreeRTOS/Source/list.o
                0x001010d4                vListRemove
 .text.pvPortMalloc
                0x001010f4       0xb4 FreeRTOS/Source/portable/MemMang/heap_2.o
                0x001010f4                pvPortMalloc
 .text.vPortFree
                0x001011a8       0x30 FreeRTOS/Source/portable/MemMang/heap_2.o
                0x001011a8                vPortFree
 .text.pxPortInitialiseStack
                0x001011d8       0xa4 FreeRTOS/Source/portable/GCC/ARM7_AT91SAM7S/port.o
                0x001011d8                pxPortInitialiseStack
 .text.xPortStartScheduler
                0x0010127c       0x40 FreeRTOS/Source/portable/GCC/ARM7_AT91SAM7S/port.o
                0x0010127c                xPortStartScheduler
 .text.Init_LEDs
                0x001012bc       0x20 led_debug.o
                0x001012bc                Init_LEDs
 .text.Toggle_LED
                0x001012dc       0x2c led_debug.o
                0x001012dc                Toggle_LED
 .text.SendBytes
                0x00101308       0x20 usb/source/usb_comm.o
                0x00101308                SendBytes
 .text.onUSBCommTask
                0x00101328      0x164 usb/source/usb_comm.o
                0x00101328                onUSBCommTask
 .text.vUSBIsInitialized
                0x0010148c        0xc usb/source/USB-CDC.o
                0x0010148c                vUSBIsInitialized
 .text.vUSBSendByte
                0x00101498       0x20 usb/source/USB-CDC.o
                0x00101498                vUSBSendByte
 .text.vUSBReceiveByte
                0x001014b8       0x18 usb/source/USB-CDC.o
                0x001014b8                vUSBReceiveByte
 .text.prvSendZLP
                0x001014d0       0x44 usb/source/USB-CDC.o
 .text.prvSendStall
                0x00101514       0x24 usb/source/USB-CDC.o
 .text.prvSendNextSegment
                0x00101538       0xa4 usb/source/USB-CDC.o
 .text.prvSendControlData
                0x001015dc       0x50 usb/source/USB-CDC.o
 .text.vUSBCDCTask
                0x0010162c      0x4ec usb/source/USB-CDC.o
                0x0010162c                vUSBCDCTask
 .text.PWM_ConfigureChannel
                0x00101b18       0x28 logger/loggerHardware.o
                0x00101b18                PWM_ConfigureChannel
 .text.PWM_SetPeriod
                0x00101b40       0x48 logger/loggerHardware.o
                0x00101b40                PWM_SetPeriod
 .text.PWM_SetDutyCycle
                0x00101b88       0x48 logger/loggerHardware.o
                0x00101b88                PWM_SetDutyCycle
 .text.GetClockConfiguration
                0x00101bd0       0x74 logger/loggerHardware.o
                0x00101bd0                GetClockConfiguration
 .text.PWM_ConfigureClocks
                0x00101c44       0x34 logger/loggerHardware.o
                0x00101c44                PWM_ConfigureClocks
 .text.InitADC  0x00101c78       0x28 logger/loggerHardware.o
                0x00101c78                InitADC
 .text.ReadAllADC
                0x00101ca0       0x6c logger/loggerHardware.o
                0x00101ca0                ReadAllADC
 .text.InitPWM  0x00101d0c       0xf8 logger/loggerHardware.o
                0x00101d0c                InitPWM
 .text          0x00101e04       0x68 /cygdrive/c/gccfd/gnuarm/bin/../lib/gcc/arm-elf/4.0.2/../../../../arm-elf/lib/thumb/interwork/libc.a(memcpy.o)
                0x00101e04                memcpy
 .text          0x00101e6c       0x68 /cygdrive/c/gccfd/gnuarm/bin/../lib/gcc/arm-elf/4.0.2/../../../../arm-elf/lib/thumb/interwork/libc.a(memset.o)
                0x00101e6c                memset
 .text          0x00101ed4       0x84 /cygdrive/c/gccfd/gnuarm/bin/../lib/gcc/arm-elf/4.0.2/../../../../arm-elf/lib/thumb/interwork/libc.a(sprintf.o)
                0x00101ed4                _sprintf_r
                0x00101f14                sprintf
 .text          0x00101f58       0x60 /cygdrive/c/gccfd/gnuarm/bin/../lib/gcc/arm-elf/4.0.2/../../../../arm-elf/lib/thumb/interwork/libc.a(strcpy.o)
                0x00101f58                strcpy
 .text          0x00101fb8       0x48 /cygdrive/c/gccfd/gnuarm/bin/../lib/gcc/arm-elf/4.0.2/../../../../arm-elf/lib/thumb/interwork/libc.a(strlen.o)
                0x00101fb8                strlen
 .text          0x00102000       0x84 /cygdrive/c/gccfd/gnuarm/bin/../lib/gcc/arm-elf/4.0.2/../../../../arm-elf/lib/thumb/interwork/libc.a(strncpy.o)
                0x00102000                strncpy
 .text          0x00102084     0x1914 /cygdrive/c/gccfd/gnuarm/bin/../lib/gcc/arm-elf/4.0.2/../../../../arm-elf/lib/thumb/interwork/libc.a(vfprintf.o)
                0x001020a4                _vfprintf_r
                0x00103978                vfprintf
 .text          0x00103998       0x54 /cygdrive/c/gccfd/gnuarm/bin/../lib/gcc/arm-elf/4.0.2/../../../../arm-elf/lib/thumb/interwork/libc.a(wcrtomb.o)
                0x00103998                _wcrtomb_r
                0x001039cc                wcrtomb
 .text          0x001039ec      0x100 /cygdrive/c/gccfd/gnuarm/bin/../lib/gcc/arm-elf/4.0.2/../../../../arm-elf/lib/thumb/interwork/libc.a(wcsrtombs.o)
                0x001039ec                _wcsrtombs_r
                0x00103ac4                wcsrtombs
 .text          0x00103aec      0x2a8 /cygdrive/c/gccfd/gnuarm/bin/../lib/gcc/arm-elf/4.0.2/../../../../arm-elf/lib/thumb/interwork/libc.a(wctomb_r.o)
                0x00103aec                _wctomb_r
 .text          0x00103d94       0xa8 /cygdrive/c/gccfd/gnuarm/bin/../lib/gcc/arm-elf/4.0.2/../../../../arm-elf/lib/thumb/interwork/libc.a(wsetup.o)
                0x00103d94                __swsetup
 .text          0x00103e3c      0xf08 /cygdrive/c/gccfd/gnuarm/bin/../lib/gcc/arm-elf/4.0.2/../../../../arm-elf/lib/thumb/interwork/libc.a(dtoa.o)
                0x00103f8c                _dtoa_r
 .text          0x00104d44       0x90 /cygdrive/c/gccfd/gnuarm/bin/../lib/gcc/arm-elf/4.0.2/../../../../arm-elf/lib/thumb/interwork/libc.a(fflush.o)
                0x00104d44                fflush
 .text          0x00104dd4      0x1c0 /cygdrive/c/gccfd/gnuarm/bin/../lib/gcc/arm-elf/4.0.2/../../../../arm-elf/lib/thumb/interwork/libc.a(findfp.o)
                0x00104e74                __sinit
                0x00104e0c                __sfmoreglue
                0x00104e58                _cleanup
                0x00104e48                _cleanup_r
                0x00104f64                __fp_lock_all
                0x00104e40                __sfp_lock_acquire
                0x00104ed0                __sfp
                0x00104e70                __sinit_lock_release
                0x00104f7c                __fp_unlock_all
                0x00104e44                __sfp_lock_release
                0x00104e6c                __sinit_lock_acquire
 .text          0x00104f94      0x260 /cygdrive/c/gccfd/gnuarm/bin/../lib/gcc/arm-elf/4.0.2/../../../../arm-elf/lib/thumb/interwork/libc.a(freer.o)
                0x00105034                _free_r
                0x00104f94                _malloc_trim_r
 .text          0x001051f4      0x2a8 /cygdrive/c/gccfd/gnuarm/bin/../lib/gcc/arm-elf/4.0.2/../../../../arm-elf/lib/thumb/interwork/libc.a(fvwrite.o)
                0x001051f4                __sfvwrite
 .text          0x0010549c       0xe0 /cygdrive/c/gccfd/gnuarm/bin/../lib/gcc/arm-elf/4.0.2/../../../../arm-elf/lib/thumb/interwork/libc.a(fwalk.o)
                0x0010549c                _fwalk
                0x00105508                _fwalk_reent
 .text          0x0010557c       0x80 /cygdrive/c/gccfd/gnuarm/bin/../lib/gcc/arm-elf/4.0.2/../../../../arm-elf/lib/thumb/interwork/libc.a(locale.o)
                0x0010557c                _setlocale_r
                0x001055b8                __locale_charset
                0x001055c4                _localeconv_r
                0x001055cc                setlocale
                0x001055e8                localeconv
 .text          0x001055fc       0xe0 /cygdrive/c/gccfd/gnuarm/bin/../lib/gcc/arm-elf/4.0.2/../../../../arm-elf/lib/thumb/interwork/libc.a(makebuf.o)
                0x001055fc                __smakebuf
 .text          0x001056dc      0x548 /cygdrive/c/gccfd/gnuarm/bin/../lib/gcc/arm-elf/4.0.2/../../../../arm-elf/lib/thumb/interwork/libc.a(mallocr.o)
                0x001056dc                _malloc_r
 .text          0x00105c24       0x90 /cygdrive/c/gccfd/gnuarm/bin/../lib/gcc/arm-elf/4.0.2/../../../../arm-elf/lib/thumb/interwork/libc.a(memchr.o)
                0x00105c24                memchr
 .text          0x00105cb4       0x90 /cygdrive/c/gccfd/gnuarm/bin/../lib/gcc/arm-elf/4.0.2/../../../../arm-elf/lib/thumb/interwork/libc.a(memmove.o)
                0x00105cb4                memmove
 .text          0x00105d44        0x8 /cygdrive/c/gccfd/gnuarm/bin/../lib/gcc/arm-elf/4.0.2/../../../../arm-elf/lib/thumb/interwork/libc.a(mlock.o)
                0x00105d48                __malloc_unlock
                0x00105d44                __malloc_lock
 .text          0x00105d4c      0x8ec /cygdrive/c/gccfd/gnuarm/bin/../lib/gcc/arm-elf/4.0.2/../../../../arm-elf/lib/thumb/interwork/libc.a(mprec.o)
                0x001065f4                _mprec_log10
                0x00105ef8                _hi0bits
                0x00105d4c                _Balloc
                0x001064b8                _d2b
                0x00105fc4                _multiply
                0x001065a0                _ratio
                0x00105e58                _s2b
                0x00105fac                _i2b
                0x00105f40                _lo0bits
                0x00106264                __mcmp
                0x00106110                _pow5mult
                0x001063a0                _ulp
                0x001063f4                _b2d
                0x00105dbc                _multadd
                0x001062a8                __mdiff
                0x001061b0                _lshift
                0x00105da4                _Bfree
 .text          0x00106638      0x3ac /cygdrive/c/gccfd/gnuarm/bin/../lib/gcc/arm-elf/4.0.2/../../../../arm-elf/lib/thumb/interwork/libc.a(reallocr.o)
                0x00106638                _realloc_r
 .text          0x001069e4       0x24 /cygdrive/c/gccfd/gnuarm/bin/../lib/gcc/arm-elf/4.0.2/../../../../arm-elf/lib/thumb/interwork/libc.a(s_isinf.o)
                0x001069e4                isinf
 .text          0x00106a08       0x1c /cygdrive/c/gccfd/gnuarm/bin/../lib/gcc/arm-elf/4.0.2/../../../../arm-elf/lib/thumb/interwork/libc.a(s_isnan.o)
                0x00106a08                isnan
 .text          0x00106a24       0x28 /cygdrive/c/gccfd/gnuarm/bin/../lib/gcc/arm-elf/4.0.2/../../../../arm-elf/lib/thumb/interwork/libc.a(sbrkr.o)
                0x00106a24                _sbrk_r
 .text          0x00106a4c       0xe4 /cygdrive/c/gccfd/gnuarm/bin/../lib/gcc/arm-elf/4.0.2/../../../../arm-elf/lib/thumb/interwork/libc.a(stdio.o)
                0x00106ad4                __sseek
                0x00106a4c                __sread
                0x00106b14                __sclose
                0x00106a88                __swrite
 .text          0x00106b30       0x88 /cygdrive/c/gccfd/gnuarm/bin/../lib/gcc/arm-elf/4.0.2/../../../../arm-elf/lib/thumb/interwork/libc.a(strcmp.o)
                0x00106b30                strcmp
 .text          0x00106bb8      0x504 /cygdrive/c/gccfd/gnuarm/bin/../lib/gcc/arm-elf/4.0.2/../../../../arm-elf/lib/thumb/interwork/libc.a(syscalls.o)
                0x00106c24                _getpid
                0x00106cec                initialise_monitor_handles
                0x00106cbc                isatty
                0x00106c60                _fstat
                0x00106f70                _open
                0x00106c28                _sbrk
                0x00106c94                _raise
                0x00106c98                _times
                0x00106f84                _stat
                0x00106ed4                _lseek
                0x00106c84                _link
                0x00106e28                _swiwrite
                0x00106cd8                _rename
                0x00106d9c                _swilseek
                0x00106e50                _swiclose
                0x00106ee4                _swiopen
                0x00106c8c                _unlink
                0x00106fc0                _write
                0x00107074                _kill
                0x00107090                _gettimeofday
                0x00107010                _read
                0x0010705c                _exit
                0x00106cc0                _system
                0x00106d74                _swiread
                0x00106ec4                _close
 .text          0x001070bc       0x2c /cygdrive/c/gccfd/gnuarm/bin/../lib/gcc/arm-elf/4.0.2/../../../../arm-elf/lib/thumb/interwork/libc.a(writer.o)
                0x001070bc                _write_r
 .text          0x001070e8       0x64 /cygdrive/c/gccfd/gnuarm/bin/../lib/gcc/arm-elf/4.0.2/../../../../arm-elf/lib/thumb/interwork/libc.a(callocr.o)
                0x001070e8                _calloc_r
 .text          0x0010714c       0x28 /cygdrive/c/gccfd/gnuarm/bin/../lib/gcc/arm-elf/4.0.2/../../../../arm-elf/lib/thumb/interwork/libc.a(closer.o)
                0x0010714c                _close_r
 .text          0x00107174        0xc /cygdrive/c/gccfd/gnuarm/bin/../lib/gcc/arm-elf/4.0.2/../../../../arm-elf/lib/thumb/interwork/libc.a(errno.o)
                0x00107174                __errno
 .text          0x00107180       0xbc /cygdrive/c/gccfd/gnuarm/bin/../lib/gcc/arm-elf/4.0.2/../../../../arm-elf/lib/thumb/interwork/libc.a(fclose.o)
                0x00107180                _fclose_r
                0x00107224                fclose
 .text          0x0010723c       0x2c /cygdrive/c/gccfd/gnuarm/bin/../lib/gcc/arm-elf/4.0.2/../../../../arm-elf/lib/thumb/interwork/libc.a(fstatr.o)
                0x0010723c                _fstat_r
 .text          0x00107268       0x2c /cygdrive/c/gccfd/gnuarm/bin/../lib/gcc/arm-elf/4.0.2/../../../../arm-elf/lib/thumb/interwork/libc.a(lseekr.o)
                0x00107268                _lseek_r
 .text          0x00107294       0x2c /cygdrive/c/gccfd/gnuarm/bin/../lib/gcc/arm-elf/4.0.2/../../../../arm-elf/lib/thumb/interwork/libc.a(readr.o)
                0x00107294                _read_r
 .text          0x001072c0       0x8c /cygdrive/c/gccfd/gnuarm/bin/../lib/gcc/arm-elf/4.0.2/thumb/interwork/libgcc.a(_udivsi3.o)
                0x001072c0                __udivsi3
                0x0010733c                __aeabi_uidivmod
 .text          0x0010734c       0xa4 /cygdrive/c/gccfd/gnuarm/bin/../lib/gcc/arm-elf/4.0.2/thumb/interwork/libgcc.a(_divsi3.o)
                0x0010734c                __divsi3
                0x001073e0                __aeabi_idivmod
 .text          0x001073f0       0xc8 /cygdrive/c/gccfd/gnuarm/bin/../lib/gcc/arm-elf/4.0.2/thumb/interwork/libgcc.a(_umodsi3.o)
                0x001073f0                __umodsi3
 .text          0x001074b8       0xd8 /cygdrive/c/gccfd/gnuarm/bin/../lib/gcc/arm-elf/4.0.2/thumb/interwork/libgcc.a(_modsi3.o)
                0x001074b8                __modsi3
 .text          0x00107590        0x4 /cygdrive/c/gccfd/gnuarm/bin/../lib/gcc/arm-elf/4.0.2/thumb/interwork/libgcc.a(_dvmd_tls.o)
                0x00107590                __aeabi_ldiv0
                0x00107590                __div0
                0x00107590                __aeabi_idiv0
 .text          0x00107594      0x430 /cygdrive/c/gccfd/gnuarm/bin/../lib/gcc/arm-elf/4.0.2/thumb/interwork/libgcc.a(_addsubdf3.o)
                0x00107958                __floatdidf
                0x001078d8                __floatsidf
                0x001078b0                __aeabi_ui2d
                0x00107594                __aeabi_drsub
                0x00107904                __extendsfdf2
                0x001075a0                __adddf3
                0x001078b0                __floatunsidf
                0x001075a0                __aeabi_dadd
                0x00107944                __aeabi_ul2d
                0x0010759c                __aeabi_dsub
                0x00107944                __floatundidf
                0x001078d8                __aeabi_i2d
                0x00107958                __aeabi_l2d
                0x00107904                __aeabi_f2d
                0x0010759c                __subdf3
 .text          0x001079c4      0x49c /cygdrive/c/gccfd/gnuarm/bin/../lib/gcc/arm-elf/4.0.2/thumb/interwork/libgcc.a(_muldivdf3.o)
                0x00107c54                __aeabi_ddiv
                0x001079c4                __aeabi_dmul
                0x00107c54                __divdf3
                0x001079c4                __muldf3
 .text          0x00107e60      0x140 /cygdrive/c/gccfd/gnuarm/bin/../lib/gcc/arm-elf/4.0.2/thumb/interwork/libgcc.a(_cmpdf2.o)
                0x00107f58                __aeabi_dcmple
                0x00107e70                __cmpdf2
                0x00107e70                __eqdf2
                0x00107e60                __gtdf2
                0x00107f10                __aeabi_cdcmple
                0x00107ef4                __aeabi_cdrcmple
                0x00107e68                __ltdf2
                0x00107f40                __aeabi_dcmplt
                0x00107e68                __ledf2
                0x00107f88                __aeabi_dcmpgt
                0x00107f70                __aeabi_dcmpge
                0x00107e70                __nedf2
                0x00107f28                __aeabi_dcmpeq
                0x00107f10                __aeabi_cdcmpeq
                0x00107e60                __gedf2
 .text          0x00107fa0       0x5c /cygdrive/c/gccfd/gnuarm/bin/../lib/gcc/arm-elf/4.0.2/thumb/interwork/libgcc.a(_fixdfsi.o)
                0x00107fa0                __fixdfsi
                0x00107fa0                __aeabi_d2iz
 *(.gnu.linkonce.t.*)
 *(.glue_7t .glue_7)
 .glue_7        0x00107ffc       0x24 /cygdrive/c/gccfd/gnuarm/bin/../lib/gcc/arm-elf/4.0.2/../../../../arm-elf/lib/thumb/interwork/libc.a(reent.o)
                0x00108014                __xQueueSendFromISR_from_arm
                0x00108008                __vTaskIncrementTick_from_arm
                0x00107ffc                __vTaskSwitchContext_from_arm
 .glue_7t       0x00108020       0x78 /cygdrive/c/gccfd/gnuarm/bin/../lib/gcc/arm-elf/4.0.2/../../../../arm-elf/lib/thumb/interwork/libc.a(reent.o)
                0x00108024                __vPortEnterCritical_change_to_arm
                0x00108088                ____gtdf2_from_thumb
                0x00108058                ____subdf3_from_thumb
                0x00108054                ____ltdf2_change_to_arm
                0x0010805c                ____subdf3_change_to_arm
                0x0010802c                __vPortExitCritical_change_to_arm
                0x00108094                ____gedf2_change_to_arm
                0x00108038                __vPortISRStartFirstTask_from_thumb
                0x00108040                ____eqdf2_from_thumb
                0x00108078                ____fixdfsi_from_thumb
                0x00108030                __vPortDisableInterruptsFromThumb_from_thumb
                0x00108084                ____divdf3_change_to_arm
                0x00108090                ____gedf2_from_thumb
                0x00108028                __vPortExitCritical_from_thumb
                0x00108064                ____muldf3_change_to_arm
                0x0010807c                ____fixdfsi_change_to_arm
                0x00108080                ____divdf3_from_thumb
                0x0010806c                ____adddf3_change_to_arm
                0x0010808c                ____gtdf2_change_to_arm
                0x00108020                __vPortEnterCritical_from_thumb
                0x00108070                ____floatsidf_from_thumb
                0x00108050                ____ltdf2_from_thumb
                0x0010803c                __vPortISRStartFirstTask_change_to_arm
                0x0010804c                ____nedf2_change_to_arm
                0x00108068                ____adddf3_from_thumb
                0x00108034                __vPortDisableInterruptsFromThumb_change_to_arm
                0x00108044                ____eqdf2_change_to_arm
                0x00108060                ____muldf3_from_thumb
                0x00108048                ____nedf2_from_thumb
                0x00108074                ____floatsidf_change_to_arm
 *(.fini)
 *(.gcc_except_table)
                0x00108098                . = ALIGN (0x4)

.ctors          0x00108098        0x0
                0x00108098                PROVIDE (__ctors_start__, .)
 *(SORT(.ctors.*))
 *(.ctors)
                0x00108098                PROVIDE (__ctors_end__, .)

.dtors          0x00108098        0x0
                0x00108098                PROVIDE (__dtors_start__, .)
 *(SORT(.dtors.*))
 *(.dtors)
                0x00108098                PROVIDE (__dtors_end__, .)

.rodata         0x00108098      0x570
 *(.rodata .rodata.*)
 .rodata.str1.4
                0x00108098       0x1b main.o
                                 0x1c (size before relaxing)
 *fill*         0x001080b3        0x1 00
 .rodata.str1.4
                0x001080b4        0x5 FreeRTOS/Source/tasks.o
                                  0x8 (size before relaxing)
 *fill*         0x001080b9        0x3 00
 .rodata.str1.4
                0x001080bc       0x65 usb/source/usb_comm.o
                                 0x68 (size before relaxing)
 .rodata.pxConfigDescriptor
                0x00108121       0x43 usb/source/USB-CDC.o
                0x00108121                pxConfigDescriptor
 .rodata.pxDeviceDescriptor
                0x00108164       0x12 usb/source/USB-CDC.o
                0x00108164                pxDeviceDescriptor
 .rodata.pxInterfaceStringDescriptor
                0x00108176       0x1e usb/source/USB-CDC.o
                0x00108176                pxInterfaceStringDescriptor
 .rodata.pxConfigurationStringDescriptor
                0x00108194       0x26 usb/source/USB-CDC.o
                0x00108194                pxConfigurationStringDescriptor
 .rodata.pxProductStringDescriptor
                0x001081ba       0x24 usb/source/USB-CDC.o
                0x001081ba                pxProductStringDescriptor
 .rodata.pxManufacturerStringDescriptor
                0x001081de       0x12 usb/source/USB-CDC.o
                0x001081de                pxManufacturerStringDescriptor
 .rodata.pxLanguageStringDescriptor
                0x001081f0        0x4 usb/source/USB-CDC.o
                0x001081f0                pxLanguageStringDescriptor
 .rodata.pxLineCoding
                0x001081f4        0x7 usb/source/USB-CDC.o
 *fill*         0x001081fb        0x1 00
 .rodata.vUSBCDCTask
                0x001081fc       0x3c usb/source/USB-CDC.o
 .rodata.C.0.2451
                0x00108238       0x2c logger/loggerHardware.o
 .rodata        0x00108264      0x18c /cygdrive/c/gccfd/gnuarm/bin/../lib/gcc/arm-elf/4.0.2/../../../../arm-elf/lib/thumb/interwork/libc.a(vfprintf.o)
 .rodata.str1.4
                0x001083f0       0x62 /cygdrive/c/gccfd/gnuarm/bin/../lib/gcc/arm-elf/4.0.2/../../../../arm-elf/lib/thumb/interwork/libc.a(vfprintf.o)
                                 0x64 (size before relaxing)
 *fill*         0x00108452        0x2 00
 .rodata.str1.4
                0x00108454       0x1e /cygdrive/c/gccfd/gnuarm/bin/../lib/gcc/arm-elf/4.0.2/../../../../arm-elf/lib/thumb/interwork/libc.a(wctomb_r.o)
                                 0x20 (size before relaxing)
 *fill*         0x00108472        0x2 00
 .rodata.str1.4
                0x00108474       0x10 /cygdrive/c/gccfd/gnuarm/bin/../lib/gcc/arm-elf/4.0.2/../../../../arm-elf/lib/thumb/interwork/libc.a(dtoa.o)
                                 0x14 (size before relaxing)
 .rodata        0x00108484       0x18 /cygdrive/c/gccfd/gnuarm/bin/../lib/gcc/arm-elf/4.0.2/../../../../arm-elf/lib/thumb/interwork/libc.a(dtoa.o)
 .rodata        0x0010849c        0x4 /cygdrive/c/gccfd/gnuarm/bin/../lib/gcc/arm-elf/4.0.2/../../../../arm-elf/lib/thumb/interwork/libc.a(impure.o)
                0x0010849c                _global_impure_ptr
 .rodata.str1.4
                0x001084a0        0x2 /cygdrive/c/gccfd/gnuarm/bin/../lib/gcc/arm-elf/4.0.2/../../../../arm-elf/lib/thumb/interwork/libc.a(impure.o)
                                  0x4 (size before relaxing)
 *fill*         0x001084a2        0x2 00
 .rodata.str1.4
                0x001084a4        0xb /cygdrive/c/gccfd/gnuarm/bin/../lib/gcc/arm-elf/4.0.2/../../../../arm-elf/lib/thumb/interwork/libc.a(locale.o)
                                 0x18 (size before relaxing)
 *fill*         0x001084af        0x1 00
 .rodata        0x001084b0       0x30 /cygdrive/c/gccfd/gnuarm/bin/../lib/gcc/arm-elf/4.0.2/../../../../arm-elf/lib/thumb/interwork/libc.a(locale.o)
 .rodata        0x001084e0      0x124 /cygdrive/c/gccfd/gnuarm/bin/../lib/gcc/arm-elf/4.0.2/../../../../arm-elf/lib/thumb/interwork/libc.a(mprec.o)
                0x001084e0                __mprec_tinytens
                0x00108530                __mprec_tens
                0x00108508                __mprec_bigtens
 .rodata.str1.4
                0x00108604        0x4 /cygdrive/c/gccfd/gnuarm/bin/../lib/gcc/arm-elf/4.0.2/../../../../arm-elf/lib/thumb/interwork/libc.a(syscalls.o)
 *(.gnu.linkonce.r.*)
                0x00108608                . = ALIGN (0x4)
                0x00108608                _etext = .
                0x00108608                PROVIDE (etext, .)

.data           0x00200000      0x880 load address 0x00108608
                0x00200000                _data = .
 *(.vectram)
 .vectram       0x00200000       0x58 startup_SAM7S.o
 *(.data)
 .data          0x00200058      0x404 /cygdrive/c/gccfd/gnuarm/bin/../lib/gcc/arm-elf/4.0.2/../../../../arm-elf/lib/thumb/interwork/libc.a(impure.o)
                0x00200458                _impure_ptr
 .data          0x0020045c       0x14 /cygdrive/c/gccfd/gnuarm/bin/../lib/gcc/arm-elf/4.0.2/../../../../arm-elf/lib/thumb/interwork/libc.a(locale.o)
                0x00200468                __mb_cur_max
                0x0020045c                __lc_ctype
 .data          0x00200470      0x410 /cygdrive/c/gccfd/gnuarm/bin/../lib/gcc/arm-elf/4.0.2/../../../../arm-elf/lib/thumb/interwork/libc.a(mallocr.o)
                0x00200470                __malloc_sbrk_base
                0x00200478                __malloc_av_
                0x00200474                __malloc_trim_threshold
                0x00200880                . = ALIGN (0x4)
 *(.fastrun)

.data.ulCriticalNesting
                0x00200880        0x4 load address 0x00108e88
 .data.ulCriticalNesting
                0x00200880        0x4 FreeRTOS/Source/portable/GCC/ARM7_AT91SAM7S/portISR.o
                0x00200880                ulCriticalNesting

.data.duty      0x00200884        0x2 load address 0x00108e8c
 .data.duty     0x00200884        0x2 usb/source/usb_comm.o
                0x00200884                duty
                0x00200888                . = ALIGN (0x4)
                0x00200888                _edata = .
                0x00200888                PROVIDE (edata, .)

.bss            0x00200888       0xec
                0x00200888                __bss_start = .
                0x00200888                __bss_start__ = .
 *(.bss)
 .bss           0x00200888       0x34 /cygdrive/c/gccfd/gnuarm/bin/../lib/gcc/arm-elf/4.0.2/../../../../arm-elf/lib/thumb/interwork/libc.a(mallocr.o)
                0x002008b8                __malloc_top_pad
                0x002008b4                __malloc_max_sbrked_mem
                0x00200888                __malloc_current_mallinfo
                0x002008b0                __malloc_max_total_mem
 .bss           0x002008bc       0xb0 /cygdrive/c/gccfd/gnuarm/bin/../lib/gcc/arm-elf/4.0.2/../../../../arm-elf/lib/thumb/interwork/libc.a(syscalls.o)
 *(COMMON)
 COMMON         0x0020096c        0x4 usb/source/USB-CDC.o
                0x0020096c                xUSBInterruptQueue
 COMMON         0x00200970        0x4 /cygdrive/c/gccfd/gnuarm/bin/../lib/gcc/arm-elf/4.0.2/../../../../arm-elf/lib/thumb/interwork/libc.a(reent.o)
                0x00200970                errno

.bss.ulNextMessage.2587
                0x00200974        0x4
 .bss.ulNextMessage.2587
                0x00200974        0x4 usb/source/USBIsr.o

.bss.xISRMessages
                0x00200978       0x40
 .bss.xISRMessages
                0x00200978       0x40 usb/source/USBIsr.o

.bss.pxCurrentTCB
                0x002009b8        0x4
 .bss.pxCurrentTCB
                0x002009b8        0x4 FreeRTOS/Source/tasks.o
                0x002009b8                pxCurrentTCB

.bss.xMissedYield
                0x002009bc        0x4
 .bss.xMissedYield
                0x002009bc        0x4 FreeRTOS/Source/tasks.o

.bss.xTickCount
                0x002009c0        0x4
 .bss.xTickCount
                0x002009c0        0x4 FreeRTOS/Source/tasks.o

.bss.xNumOfOverflows
                0x002009c4        0x4
 .bss.xNumOfOverflows
                0x002009c4        0x4 FreeRTOS/Source/tasks.o

.bss.uxTopReadyPriority
                0x002009c8        0x4
 .bss.uxTopReadyPriority
                0x002009c8        0x4 FreeRTOS/Source/tasks.o

.bss.uxSchedulerSuspended
                0x002009cc        0x4
 .bss.uxSchedulerSuspended
                0x002009cc        0x4 FreeRTOS/Source/tasks.o

.bss.uxMissedTicks
                0x002009d0        0x4
 .bss.uxMissedTicks
                0x002009d0        0x4 FreeRTOS/Source/tasks.o

.bss.uxCurrentNumberOfTasks
                0x002009d4        0x4
 .bss.uxCurrentNumberOfTasks
                0x002009d4        0x4 FreeRTOS/Source/tasks.o

.bss.xSchedulerRunning
                0x002009d8        0x4
 .bss.xSchedulerRunning
                0x002009d8        0x4 FreeRTOS/Source/tasks.o

.bss.uxTopUsedPriority
                0x002009dc        0x4
 .bss.uxTopUsedPriority
                0x002009dc        0x4 FreeRTOS/Source/tasks.o

.bss.uxTaskNumber.3709
                0x002009e0        0x4
 .bss.uxTaskNumber.3709
                0x002009e0        0x4 FreeRTOS/Source/tasks.o

.bss.xSuspendedTaskList
                0x002009e4       0x14
 .bss.xSuspendedTaskList
                0x002009e4       0x14 FreeRTOS/Source/tasks.o

.bss.xPendingReadyList
                0x002009f8       0x14
 .bss.xPendingReadyList
                0x002009f8       0x14 FreeRTOS/Source/tasks.o

.bss.pxOverflowDelayedTaskList
                0x00200a0c        0x4
 .bss.pxOverflowDelayedTaskList
                0x00200a0c        0x4 FreeRTOS/Source/tasks.o

.bss.pxDelayedTaskList
                0x00200a10        0x4
 .bss.pxDelayedTaskList
                0x00200a10        0x4 FreeRTOS/Source/tasks.o

.bss.xDelayedTaskList2
                0x00200a14       0x14
 .bss.xDelayedTaskList2
                0x00200a14       0x14 FreeRTOS/Source/tasks.o

.bss.xDelayedTaskList1
                0x00200a28       0x14
 .bss.xDelayedTaskList1
                0x00200a28       0x14 FreeRTOS/Source/tasks.o

.bss.pxReadyTasksLists
                0x00200a3c       0x64
 .bss.pxReadyTasksLists
                0x00200a3c       0x64 FreeRTOS/Source/tasks.o

.bss.xHeapHasBeenInitialised.3010
                0x00200aa0        0x4
 .bss.xHeapHasBeenInitialised.3010
                0x00200aa0        0x4 FreeRTOS/Source/portable/MemMang/heap_2.o

.bss.xEnd       0x00200aa4        0x8
 .bss.xEnd      0x00200aa4        0x8 FreeRTOS/Source/portable/MemMang/heap_2.o

.bss.xStart     0x00200aac        0x8
 .bss.xStart    0x00200aac        0x8 FreeRTOS/Source/portable/MemMang/heap_2.o

.bss.xHeap      0x00200ab4     0x2714
 .bss.xHeap     0x00200ab4     0x2714 FreeRTOS/Source/portable/MemMang/heap_2.o

.bss.usbIntefacedInitialized
                0x002031c8        0x4
 .bss.usbIntefacedInitialized
                0x002031c8        0x4 usb/source/USB-CDC.o

.bss.eDriverState
                0x002031cc        0x4
 .bss.eDriverState
                0x002031cc        0x4 usb/source/USB-CDC.o

.bss.ucUSBConfig
                0x002031d0        0x1
 .bss.ucUSBConfig
                0x002031d0        0x1 usb/source/USB-CDC.o

.bss.ulReceivedAddress
                0x002031d4        0x4
 .bss.ulReceivedAddress
                0x002031d4        0x4 usb/source/USB-CDC.o

.bss.xRequest.3556
                0x002031d8        0x8
 .bss.xRequest.3556
                0x002031d8        0x8 usb/source/USB-CDC.o

.bss.uiCurrentBank
                0x002031e0        0x4
 .bss.uiCurrentBank
                0x002031e0        0x4 usb/source/USB-CDC.o

.bss.ucControlState
                0x002031e4        0x1
 .bss.ucControlState
                0x002031e4        0x1 usb/source/USB-CDC.o

.bss.xTxCDC     0x002031e8        0x4
 .bss.xTxCDC    0x002031e8        0x4 usb/source/USB-CDC.o

.bss.xRxCDC     0x002031ec        0x4
 .bss.xRxCDC    0x002031ec        0x4 usb/source/USB-CDC.o

.bss.pxControlRx
                0x002031f0       0x88
 .bss.pxControlRx
                0x002031f0       0x88 usb/source/USB-CDC.o

.bss.pxControlTx
                0x00203278       0x88
 .bss.pxControlTx
                0x00203278       0x88 usb/source/USB-CDC.o
                0x00203300                . = ALIGN (0x4)
                0x00203300                __bss_end__ = .
                0x00203300                __bss_end__ = .
                0x00203300                _end = .
                0x00203300                PROVIDE (end, .)
                0x00203300                . = ALIGN (0x4)

.int_data
 *(.internal_ram_top)

.stab
 *(.stab)

.stabstr
 *(.stabstr)

.stab.excl
 *(.stab.excl)

.stab.exclstr
 *(.stab.exclstr)

.stab.index
 *(.stab.index)

.stab.indexstr
 *(.stab.indexstr)

.comment        0x00000000      0x3f0
 *(.comment)
 .comment       0x00000000       0x12 FreeRTOS/Source/portable/GCC/ARM7_AT91SAM7S/portISR.o
 .comment       0x00000012       0x12 interrupt_utils.o
 .comment       0x00000024       0x12 blinker.o
 .comment       0x00000036       0x12 usb/source/USBIsr.o
 .comment       0x00000048       0x12 main.o
 .comment       0x0000005a       0x12 hardware/lib_AT91SAM7S256.o
 .comment       0x0000006c       0x12 FreeRTOS/Source/tasks.o
 .comment       0x0000007e       0x12 FreeRTOS/Source/queue.o
 .comment       0x00000090       0x12 FreeRTOS/Source/list.o
 .comment       0x000000a2       0x12 FreeRTOS/Source/portable/MemMang/heap_2.o
 .comment       0x000000b4       0x12 FreeRTOS/Source/portable/GCC/ARM7_AT91SAM7S/port.o
 .comment       0x000000c6       0x12 led_debug.o
 .comment       0x000000d8       0x12 usb/source/usb_comm.o
 .comment       0x000000ea       0x12 usb/source/USB-CDC.o
 .comment       0x000000fc       0x12 logger/loggerHardware.o
 .comment       0x0000010e       0x12 /cygdrive/c/gccfd/gnuarm/bin/../lib/gcc/arm-elf/4.0.2/../../../../arm-elf/lib/thumb/interwork/libc.a(memcpy.o)
 .comment       0x00000120       0x12 /cygdrive/c/gccfd/gnuarm/bin/../lib/gcc/arm-elf/4.0.2/../../../../arm-elf/lib/thumb/interwork/libc.a(memset.o)
 .comment       0x00000132       0x12 /cygdrive/c/gccfd/gnuarm/bin/../lib/gcc/arm-elf/4.0.2/../../../../arm-elf/lib/thumb/interwork/libc.a(sprintf.o)
 .comment       0x00000144       0x12 /cygdrive/c/gccfd/gnuarm/bin/../lib/gcc/arm-elf/4.0.2/../../../../arm-elf/lib/thumb/interwork/libc.a(strcpy.o)
 .comment       0x00000156       0x12 /cygdrive/c/gccfd/gnuarm/bin/../lib/gcc/arm-elf/4.0.2/../../../../arm-elf/lib/thumb/interwork/libc.a(strlen.o)
 .comment       0x00000168       0x12 /cygdrive/c/gccfd/gnuarm/bin/../lib/gcc/arm-elf/4.0.2/../../../../arm-elf/lib/thumb/interwork/libc.a(strncpy.o)
 .comment       0x0000017a       0x12 /cygdrive/c/gccfd/gnuarm/bin/../lib/gcc/arm-elf/4.0.2/../../../../arm-elf/lib/thumb/interwork/libc.a(vfprintf.o)
 .comment       0x0000018c       0x12 /cygdrive/c/gccfd/gnuarm/bin/../lib/gcc/arm-elf/4.0.2/../../../../arm-elf/lib/thumb/interwork/libc.a(wcrtomb.o)
 .comment       0x0000019e       0x12 /cygdrive/c/gccfd/gnuarm/bin/../lib/gcc/arm-elf/4.0.2/../../../../arm-elf/lib/thumb/interwork/libc.a(wcsrtombs.o)
 .comment       0x000001b0       0x12 /cygdrive/c/gccfd/gnuarm/bin/../lib/gcc/arm-elf/4.0.2/../../../../arm-elf/lib/thumb/interwork/libc.a(wctomb_r.o)
 .comment       0x000001c2       0x12 /cygdrive/c/gccfd/gnuarm/bin/../lib/gcc/arm-elf/4.0.2/../../../../arm-elf/lib/thumb/interwork/libc.a(wsetup.o)
 .comment       0x000001d4       0x12 /cygdrive/c/gccfd/gnuarm/bin/../lib/gcc/arm-elf/4.0.2/../../../../arm-elf/lib/thumb/interwork/libc.a(dtoa.o)
 .comment       0x000001e6       0x12 /cygdrive/c/gccfd/gnuarm/bin/../lib/gcc/arm-elf/4.0.2/../../../../arm-elf/lib/thumb/interwork/libc.a(fflush.o)
 .comment       0x000001f8       0x12 /cygdrive/c/gccfd/gnuarm/bin/../lib/gcc/arm-elf/4.0.2/../../../../arm-elf/lib/thumb/interwork/libc.a(findfp.o)
 .comment       0x0000020a       0x12 /cygdrive/c/gccfd/gnuarm/bin/../lib/gcc/arm-elf/4.0.2/../../../../arm-elf/lib/thumb/interwork/libc.a(freer.o)
 .comment       0x0000021c       0x12 /cygdrive/c/gccfd/gnuarm/bin/../lib/gcc/arm-elf/4.0.2/../../../../arm-elf/lib/thumb/interwork/libc.a(fvwrite.o)
 .comment       0x0000022e       0x12 /cygdrive/c/gccfd/gnuarm/bin/../lib/gcc/arm-elf/4.0.2/../../../../arm-elf/lib/thumb/interwork/libc.a(fwalk.o)
 .comment       0x00000240       0x12 /cygdrive/c/gccfd/gnuarm/bin/../lib/gcc/arm-elf/4.0.2/../../../../arm-elf/lib/thumb/interwork/libc.a(impure.o)
 .comment       0x00000252       0x12 /cygdrive/c/gccfd/gnuarm/bin/../lib/gcc/arm-elf/4.0.2/../../../../arm-elf/lib/thumb/interwork/libc.a(locale.o)
 .comment       0x00000264       0x12 /cygdrive/c/gccfd/gnuarm/bin/../lib/gcc/arm-elf/4.0.2/../../../../arm-elf/lib/thumb/interwork/libc.a(makebuf.o)
 .comment       0x00000276       0x12 /cygdrive/c/gccfd/gnuarm/bin/../lib/gcc/arm-elf/4.0.2/../../../../arm-elf/lib/thumb/interwork/libc.a(mallocr.o)
 .comment       0x00000288       0x12 /cygdrive/c/gccfd/gnuarm/bin/../lib/gcc/arm-elf/4.0.2/../../../../arm-elf/lib/thumb/interwork/libc.a(memchr.o)
 .comment       0x0000029a       0x12 /cygdrive/c/gccfd/gnuarm/bin/../lib/gcc/arm-elf/4.0.2/../../../../arm-elf/lib/thumb/interwork/libc.a(memmove.o)
 .comment       0x000002ac       0x12 /cygdrive/c/gccfd/gnuarm/bin/../lib/gcc/arm-elf/4.0.2/../../../../arm-elf/lib/thumb/interwork/libc.a(mlock.o)
 .comment       0x000002be       0x12 /cygdrive/c/gccfd/gnuarm/bin/../lib/gcc/arm-elf/4.0.2/../../../../arm-elf/lib/thumb/interwork/libc.a(mprec.o)
 .comment       0x000002d0       0x12 /cygdrive/c/gccfd/gnuarm/bin/../lib/gcc/arm-elf/4.0.2/../../../../arm-elf/lib/thumb/interwork/libc.a(reallocr.o)
 .comment       0x000002e2       0x12 /cygdrive/c/gccfd/gnuarm/bin/../lib/gcc/arm-elf/4.0.2/../../../../arm-elf/lib/thumb/interwork/libc.a(s_isinf.o)
 .comment       0x000002f4       0x12 /cygdrive/c/gccfd/gnuarm/bin/../lib/gcc/arm-elf/4.0.2/../../../../arm-elf/lib/thumb/interwork/libc.a(s_isnan.o)
 .comment       0x00000306       0x12 /cygdrive/c/gccfd/gnuarm/bin/../lib/gcc/arm-elf/4.0.2/../../../../arm-elf/lib/thumb/interwork/libc.a(sbrkr.o)
 .comment       0x00000318       0x12 /cygdrive/c/gccfd/gnuarm/bin/../lib/gcc/arm-elf/4.0.2/../../../../arm-elf/lib/thumb/interwork/libc.a(stdio.o)
 .comment       0x0000032a       0x12 /cygdrive/c/gccfd/gnuarm/bin/../lib/gcc/arm-elf/4.0.2/../../../../arm-elf/lib/thumb/interwork/libc.a(strcmp.o)
 .comment       0x0000033c       0x12 /cygdrive/c/gccfd/gnuarm/bin/../lib/gcc/arm-elf/4.0.2/../../../../arm-elf/lib/thumb/interwork/libc.a(syscalls.o)
 .comment       0x0000034e       0x12 /cygdrive/c/gccfd/gnuarm/bin/../lib/gcc/arm-elf/4.0.2/../../../../arm-elf/lib/thumb/interwork/libc.a(writer.o)
 .comment       0x00000360       0x12 /cygdrive/c/gccfd/gnuarm/bin/../lib/gcc/arm-elf/4.0.2/../../../../arm-elf/lib/thumb/interwork/libc.a(callocr.o)
 .comment       0x00000372       0x12 /cygdrive/c/gccfd/gnuarm/bin/../lib/gcc/arm-elf/4.0.2/../../../../arm-elf/lib/thumb/interwork/libc.a(closer.o)
 .comment       0x00000384       0x12 /cygdrive/c/gccfd/gnuarm/bin/../lib/gcc/arm-elf/4.0.2/../../../../arm-elf/lib/thumb/interwork/libc.a(errno.o)
 .comment       0x00000396       0x12 /cygdrive/c/gccfd/gnuarm/bin/../lib/gcc/arm-elf/4.0.2/../../../../arm-elf/lib/thumb/interwork/libc.a(fclose.o)
 .comment       0x000003a8       0x12 /cygdrive/c/gccfd/gnuarm/bin/../lib/gcc/arm-elf/4.0.2/../../../../arm-elf/lib/thumb/interwork/libc.a(fstatr.o)
 .comment       0x000003ba       0x12 /cygdrive/c/gccfd/gnuarm/bin/../lib/gcc/arm-elf/4.0.2/../../../../arm-elf/lib/thumb/interwork/libc.a(lseekr.o)
 .comment       0x000003cc       0x12 /cygdrive/c/gccfd/gnuarm/bin/../lib/gcc/arm-elf/4.0.2/../../../../arm-elf/lib/thumb/interwork/libc.a(readr.o)
 .comment       0x000003de       0x12 /cygdrive/c/gccfd/gnuarm/bin/../lib/gcc/arm-elf/4.0.2/../../../../arm-elf/lib/thumb/interwork/libc.a(reent.o)

.debug
 *(.debug)

.line
 *(.line)

.debug_srcinfo
 *(.debug_srcinfo)

.debug_sfnames
 *(.debug_sfnames)

.debug_aranges  0x00000000      0x620
 *(.debug_aranges)
 .debug_aranges
                0x00000000       0x20 /cygdrive/c/gccfd/gnuarm/bin/../lib/gcc/arm-elf/4.0.2/../../../../arm-elf/lib/thumb/interwork/libc.a(memcpy.o)
 .debug_aranges
                0x00000020       0x20 /cygdrive/c/gccfd/gnuarm/bin/../lib/gcc/arm-elf/4.0.2/../../../../arm-elf/lib/thumb/interwork/libc.a(memset.o)
 .debug_aranges
                0x00000040       0x20 /cygdrive/c/gccfd/gnuarm/bin/../lib/gcc/arm-elf/4.0.2/../../../../arm-elf/lib/thumb/interwork/libc.a(sprintf.o)
 .debug_aranges
                0x00000060       0x20 /cygdrive/c/gccfd/gnuarm/bin/../lib/gcc/arm-elf/4.0.2/../../../../arm-elf/lib/thumb/interwork/libc.a(strcpy.o)
 .debug_aranges
                0x00000080       0x20 /cygdrive/c/gccfd/gnuarm/bin/../lib/gcc/arm-elf/4.0.2/../../../../arm-elf/lib/thumb/interwork/libc.a(strlen.o)
 .debug_aranges
                0x000000a0       0x20 /cygdrive/c/gccfd/gnuarm/bin/../lib/gcc/arm-elf/4.0.2/../../../../arm-elf/lib/thumb/interwork/libc.a(strncpy.o)
 .debug_aranges
                0x000000c0       0x20 /cygdrive/c/gccfd/gnuarm/bin/../lib/gcc/arm-elf/4.0.2/../../../../arm-elf/lib/thumb/interwork/libc.a(vfprintf.o)
 .debug_aranges
                0x000000e0       0x20 /cygdrive/c/gccfd/gnuarm/bin/../lib/gcc/arm-elf/4.0.2/../../../../arm-elf/lib/thumb/interwork/libc.a(wcrtomb.o)
 .debug_aranges
                0x00000100       0x20 /cygdrive/c/gccfd/gnuarm/bin/../lib/gcc/arm-elf/4.0.2/../../../../arm-elf/lib/thumb/interwork/libc.a(wcsrtombs.o)
 .debug_aranges
                0x00000120       0x20 /cygdrive/c/gccfd/gnuarm/bin/../lib/gcc/arm-elf/4.0.2/../../../../arm-elf/lib/thumb/interwork/libc.a(wctomb_r.o)
 .debug_aranges
                0x00000140       0x20 /cygdrive/c/gccfd/gnuarm/bin/../lib/gcc/arm-elf/4.0.2/../../../../arm-elf/lib/thumb/interwork/libc.a(wsetup.o)
 .debug_aranges
                0x00000160       0x20 /cygdrive/c/gccfd/gnuarm/bin/../lib/gcc/arm-elf/4.0.2/../../../../arm-elf/lib/thumb/interwork/libc.a(dtoa.o)
 .debug_aranges
                0x00000180       0x20 /cygdrive/c/gccfd/gnuarm/bin/../lib/gcc/arm-elf/4.0.2/../../../../arm-elf/lib/thumb/interwork/libc.a(fflush.o)
 .debug_aranges
                0x000001a0       0x20 /cygdrive/c/gccfd/gnuarm/bin/../lib/gcc/arm-elf/4.0.2/../../../../arm-elf/lib/thumb/interwork/libc.a(findfp.o)
 .debug_aranges
                0x000001c0       0x20 /cygdrive/c/gccfd/gnuarm/bin/../lib/gcc/arm-elf/4.0.2/../../../../arm-elf/lib/thumb/interwork/libc.a(freer.o)
 .debug_aranges
                0x000001e0       0x20 /cygdrive/c/gccfd/gnuarm/bin/../lib/gcc/arm-elf/4.0.2/../../../../arm-elf/lib/thumb/interwork/libc.a(fvwrite.o)
 .debug_aranges
                0x00000200       0x20 /cygdrive/c/gccfd/gnuarm/bin/../lib/gcc/arm-elf/4.0.2/../../../../arm-elf/lib/thumb/interwork/libc.a(fwalk.o)
 .debug_aranges
                0x00000220       0x20 /cygdrive/c/gccfd/gnuarm/bin/../lib/gcc/arm-elf/4.0.2/../../../../arm-elf/lib/thumb/interwork/libc.a(locale.o)
 .debug_aranges
                0x00000240       0x20 /cygdrive/c/gccfd/gnuarm/bin/../lib/gcc/arm-elf/4.0.2/../../../../arm-elf/lib/thumb/interwork/libc.a(makebuf.o)
 .debug_aranges
                0x00000260       0x20 /cygdrive/c/gccfd/gnuarm/bin/../lib/gcc/arm-elf/4.0.2/../../../../arm-elf/lib/thumb/interwork/libc.a(mallocr.o)
 .debug_aranges
                0x00000280       0x20 /cygdrive/c/gccfd/gnuarm/bin/../lib/gcc/arm-elf/4.0.2/../../../../arm-elf/lib/thumb/interwork/libc.a(memchr.o)
 .debug_aranges
                0x000002a0       0x20 /cygdrive/c/gccfd/gnuarm/bin/../lib/gcc/arm-elf/4.0.2/../../../../arm-elf/lib/thumb/interwork/libc.a(memmove.o)
 .debug_aranges
                0x000002c0       0x20 /cygdrive/c/gccfd/gnuarm/bin/../lib/gcc/arm-elf/4.0.2/../../../../arm-elf/lib/thumb/interwork/libc.a(mlock.o)
 .debug_aranges
                0x000002e0       0x20 /cygdrive/c/gccfd/gnuarm/bin/../lib/gcc/arm-elf/4.0.2/../../../../arm-elf/lib/thumb/interwork/libc.a(mprec.o)
 .debug_aranges
                0x00000300       0x20 /cygdrive/c/gccfd/gnuarm/bin/../lib/gcc/arm-elf/4.0.2/../../../../arm-elf/lib/thumb/interwork/libc.a(reallocr.o)
 .debug_aranges
                0x00000320       0x20 /cygdrive/c/gccfd/gnuarm/bin/../lib/gcc/arm-elf/4.0.2/../../../../arm-elf/lib/thumb/interwork/libc.a(s_isinf.o)
 .debug_aranges
                0x00000340       0x20 /cygdrive/c/gccfd/gnuarm/bin/../lib/gcc/arm-elf/4.0.2/../../../../arm-elf/lib/thumb/interwork/libc.a(s_isnan.o)
 .debug_aranges
                0x00000360       0x20 /cygdrive/c/gccfd/gnuarm/bin/../lib/gcc/arm-elf/4.0.2/../../../../arm-elf/lib/thumb/interwork/libc.a(sbrkr.o)
 .debug_aranges
                0x00000380       0x20 /cygdrive/c/gccfd/gnuarm/bin/../lib/gcc/arm-elf/4.0.2/../../../../arm-elf/lib/thumb/interwork/libc.a(stdio.o)
 .debug_aranges
                0x000003a0       0x20 /cygdrive/c/gccfd/gnuarm/bin/../lib/gcc/arm-elf/4.0.2/../../../../arm-elf/lib/thumb/interwork/libc.a(strcmp.o)
 .debug_aranges
                0x000003c0       0x20 /cygdrive/c/gccfd/gnuarm/bin/../lib/gcc/arm-elf/4.0.2/../../../../arm-elf/lib/thumb/interwork/libc.a(syscalls.o)
 .debug_aranges
                0x000003e0       0x20 /cygdrive/c/gccfd/gnuarm/bin/../lib/gcc/arm-elf/4.0.2/../../../../arm-elf/lib/thumb/interwork/libc.a(writer.o)
 .debug_aranges
                0x00000400       0x20 /cygdrive/c/gccfd/gnuarm/bin/../lib/gcc/arm-elf/4.0.2/../../../../arm-elf/lib/thumb/interwork/libc.a(callocr.o)
 .debug_aranges
                0x00000420       0x20 /cygdrive/c/gccfd/gnuarm/bin/../lib/gcc/arm-elf/4.0.2/../../../../arm-elf/lib/thumb/interwork/libc.a(closer.o)
 .debug_aranges
                0x00000440       0x20 /cygdrive/c/gccfd/gnuarm/bin/../lib/gcc/arm-elf/4.0.2/../../../../arm-elf/lib/thumb/interwork/libc.a(errno.o)
 .debug_aranges
                0x00000460       0x20 /cygdrive/c/gccfd/gnuarm/bin/../lib/gcc/arm-elf/4.0.2/../../../../arm-elf/lib/thumb/interwork/libc.a(fclose.o)
 .debug_aranges
                0x00000480       0x20 /cygdrive/c/gccfd/gnuarm/bin/../lib/gcc/arm-elf/4.0.2/../../../../arm-elf/lib/thumb/interwork/libc.a(fstatr.o)
 .debug_aranges
                0x000004a0       0x20 /cygdrive/c/gccfd/gnuarm/bin/../lib/gcc/arm-elf/4.0.2/../../../../arm-elf/lib/thumb/interwork/libc.a(lseekr.o)
 .debug_aranges
                0x000004c0       0x20 /cygdrive/c/gccfd/gnuarm/bin/../lib/gcc/arm-elf/4.0.2/../../../../arm-elf/lib/thumb/interwork/libc.a(readr.o)
 .debug_aranges
                0x000004e0       0x20 /cygdrive/c/gccfd/gnuarm/bin/../lib/gcc/arm-elf/4.0.2/../../../../arm-elf/lib/thumb/interwork/libc.a(reent.o)
 .debug_aranges
                0x00000500       0x20 /cygdrive/c/gccfd/gnuarm/bin/../lib/gcc/arm-elf/4.0.2/thumb/interwork/libgcc.a(_udivsi3.o)
 .debug_aranges
                0x00000520       0x20 /cygdrive/c/gccfd/gnuarm/bin/../lib/gcc/arm-elf/4.0.2/thumb/interwork/libgcc.a(_divsi3.o)
 .debug_aranges
                0x00000540       0x20 /cygdrive/c/gccfd/gnuarm/bin/../lib/gcc/arm-elf/4.0.2/thumb/interwork/libgcc.a(_umodsi3.o)
 .debug_aranges
                0x00000560       0x20 /cygdrive/c/gccfd/gnuarm/bin/../lib/gcc/arm-elf/4.0.2/thumb/interwork/libgcc.a(_modsi3.o)
 .debug_aranges
                0x00000580       0x20 /cygdrive/c/gccfd/gnuarm/bin/../lib/gcc/arm-elf/4.0.2/thumb/interwork/libgcc.a(_dvmd_tls.o)
 .debug_aranges
                0x000005a0       0x20 /cygdrive/c/gccfd/gnuarm/bin/../lib/gcc/arm-elf/4.0.2/thumb/interwork/libgcc.a(_addsubdf3.o)
 .debug_aranges
                0x000005c0       0x20 /cygdrive/c/gccfd/gnuarm/bin/../lib/gcc/arm-elf/4.0.2/thumb/interwork/libgcc.a(_muldivdf3.o)
 .debug_aranges
                0x000005e0       0x20 /cygdrive/c/gccfd/gnuarm/bin/../lib/gcc/arm-elf/4.0.2/thumb/interwork/libgcc.a(_cmpdf2.o)
 .debug_aranges
                0x00000600       0x20 /cygdrive/c/gccfd/gnuarm/bin/../lib/gcc/arm-elf/4.0.2/thumb/interwork/libgcc.a(_fixdfsi.o)

.debug_pubnames
                0x00000000      0xa09
 *(.debug_pubnames)
 .debug_pubnames
                0x00000000       0x1d /cygdrive/c/gccfd/gnuarm/bin/../lib/gcc/arm-elf/4.0.2/../../../../arm-elf/lib/thumb/interwork/libc.a(memcpy.o)
 .debug_pubnames
                0x0000001d       0x1d /cygdrive/c/gccfd/gnuarm/bin/../lib/gcc/arm-elf/4.0.2/../../../../arm-elf/lib/thumb/interwork/libc.a(memset.o)
 .debug_pubnames
                0x0000003a       0x2d /cygdrive/c/gccfd/gnuarm/bin/../lib/gcc/arm-elf/4.0.2/../../../../arm-elf/lib/thumb/interwork/libc.a(sprintf.o)
 .debug_pubnames
                0x00000067       0x1d /cygdrive/c/gccfd/gnuarm/bin/../lib/gcc/arm-elf/4.0.2/../../../../arm-elf/lib/thumb/interwork/libc.a(strcpy.o)
 .debug_pubnames
                0x00000084       0x1d /cygdrive/c/gccfd/gnuarm/bin/../lib/gcc/arm-elf/4.0.2/../../../../arm-elf/lib/thumb/interwork/libc.a(strlen.o)
 .debug_pubnames
                0x000000a1       0x1e /cygdrive/c/gccfd/gnuarm/bin/../lib/gcc/arm-elf/4.0.2/../../../../arm-elf/lib/thumb/interwork/libc.a(strncpy.o)
 .debug_pubnames
                0x000000bf       0x2f /cygdrive/c/gccfd/gnuarm/bin/../lib/gcc/arm-elf/4.0.2/../../../../arm-elf/lib/thumb/interwork/libc.a(vfprintf.o)
 .debug_pubnames
                0x000000ee       0x2d /cygdrive/c/gccfd/gnuarm/bin/../lib/gcc/arm-elf/4.0.2/../../../../arm-elf/lib/thumb/interwork/libc.a(wcrtomb.o)
 .debug_pubnames
                0x0000011b       0x31 /cygdrive/c/gccfd/gnuarm/bin/../lib/gcc/arm-elf/4.0.2/../../../../arm-elf/lib/thumb/interwork/libc.a(wcsrtombs.o)
 .debug_pubnames
                0x0000014c       0x20 /cygdrive/c/gccfd/gnuarm/bin/../lib/gcc/arm-elf/4.0.2/../../../../arm-elf/lib/thumb/interwork/libc.a(wctomb_r.o)
 .debug_pubnames
                0x0000016c       0x20 /cygdrive/c/gccfd/gnuarm/bin/../lib/gcc/arm-elf/4.0.2/../../../../arm-elf/lib/thumb/interwork/libc.a(wsetup.o)
 .debug_pubnames
                0x0000018c       0x1e /cygdrive/c/gccfd/gnuarm/bin/../lib/gcc/arm-elf/4.0.2/../../../../arm-elf/lib/thumb/interwork/libc.a(dtoa.o)
 .debug_pubnames
                0x000001aa       0x1d /cygdrive/c/gccfd/gnuarm/bin/../lib/gcc/arm-elf/4.0.2/../../../../arm-elf/lib/thumb/interwork/libc.a(fflush.o)
 .debug_pubnames
                0x000001c7       0xdb /cygdrive/c/gccfd/gnuarm/bin/../lib/gcc/arm-elf/4.0.2/../../../../arm-elf/lib/thumb/interwork/libc.a(findfp.o)
 .debug_pubnames
                0x000002a2       0x31 /cygdrive/c/gccfd/gnuarm/bin/../lib/gcc/arm-elf/4.0.2/../../../../arm-elf/lib/thumb/interwork/libc.a(freer.o)
 .debug_pubnames
                0x000002d3       0x21 /cygdrive/c/gccfd/gnuarm/bin/../lib/gcc/arm-elf/4.0.2/../../../../arm-elf/lib/thumb/interwork/libc.a(fvwrite.o)
 .debug_pubnames
                0x000002f4       0x2e /cygdrive/c/gccfd/gnuarm/bin/../lib/gcc/arm-elf/4.0.2/../../../../arm-elf/lib/thumb/interwork/libc.a(fwalk.o)
 .debug_pubnames
                0x00000322       0x39 /cygdrive/c/gccfd/gnuarm/bin/../lib/gcc/arm-elf/4.0.2/../../../../arm-elf/lib/thumb/interwork/libc.a(impure.o)
 .debug_pubnames
                0x0000035b       0xc3 /cygdrive/c/gccfd/gnuarm/bin/../lib/gcc/arm-elf/4.0.2/../../../../arm-elf/lib/thumb/interwork/libc.a(locale.o)
 .debug_pubnames
                0x0000041e       0x21 /cygdrive/c/gccfd/gnuarm/bin/../lib/gcc/arm-elf/4.0.2/../../../../arm-elf/lib/thumb/interwork/libc.a(makebuf.o)
 .debug_pubnames
                0x0000043f       0xce /cygdrive/c/gccfd/gnuarm/bin/../lib/gcc/arm-elf/4.0.2/../../../../arm-elf/lib/thumb/interwork/libc.a(mallocr.o)
 .debug_pubnames
                0x0000050d       0x1d /cygdrive/c/gccfd/gnuarm/bin/../lib/gcc/arm-elf/4.0.2/../../../../arm-elf/lib/thumb/interwork/libc.a(memchr.o)
 .debug_pubnames
                0x0000052a       0x1e /cygdrive/c/gccfd/gnuarm/bin/../lib/gcc/arm-elf/4.0.2/../../../../arm-elf/lib/thumb/interwork/libc.a(memmove.o)
 .debug_pubnames
                0x00000548       0x38 /cygdrive/c/gccfd/gnuarm/bin/../lib/gcc/arm-elf/4.0.2/../../../../arm-elf/lib/thumb/interwork/libc.a(mlock.o)
 .debug_pubnames
                0x00000580      0x112 /cygdrive/c/gccfd/gnuarm/bin/../lib/gcc/arm-elf/4.0.2/../../../../arm-elf/lib/thumb/interwork/libc.a(mprec.o)
 .debug_pubnames
                0x00000692       0x21 /cygdrive/c/gccfd/gnuarm/bin/../lib/gcc/arm-elf/4.0.2/../../../../arm-elf/lib/thumb/interwork/libc.a(reallocr.o)
 .debug_pubnames
                0x000006b3       0x1c /cygdrive/c/gccfd/gnuarm/bin/../lib/gcc/arm-elf/4.0.2/../../../../arm-elf/lib/thumb/interwork/libc.a(s_isinf.o)
 .debug_pubnames
                0x000006cf       0x1c /cygdrive/c/gccfd/gnuarm/bin/../lib/gcc/arm-elf/4.0.2/../../../../arm-elf/lib/thumb/interwork/libc.a(s_isnan.o)
 .debug_pubnames
                0x000006eb       0x1e /cygdrive/c/gccfd/gnuarm/bin/../lib/gcc/arm-elf/4.0.2/../../../../arm-elf/lib/thumb/interwork/libc.a(sbrkr.o)
 .debug_pubnames
                0x00000709       0x44 /cygdrive/c/gccfd/gnuarm/bin/../lib/gcc/arm-elf/4.0.2/../../../../arm-elf/lib/thumb/interwork/libc.a(stdio.o)
 .debug_pubnames
                0x0000074d       0x1d /cygdrive/c/gccfd/gnuarm/bin/../lib/gcc/arm-elf/4.0.2/../../../../arm-elf/lib/thumb/interwork/libc.a(strcmp.o)
 .debug_pubnames
                0x0000076a      0x14a /cygdrive/c/gccfd/gnuarm/bin/../lib/gcc/arm-elf/4.0.2/../../../../arm-elf/lib/thumb/interwork/libc.a(syscalls.o)
 .debug_pubnames
                0x000008b4       0x1f /cygdrive/c/gccfd/gnuarm/bin/../lib/gcc/arm-elf/4.0.2/../../../../arm-elf/lib/thumb/interwork/libc.a(writer.o)
 .debug_pubnames
                0x000008d3       0x20 /cygdrive/c/gccfd/gnuarm/bin/../lib/gcc/arm-elf/4.0.2/../../../../arm-elf/lib/thumb/interwork/libc.a(callocr.o)
 .debug_pubnames
                0x000008f3       0x1f /cygdrive/c/gccfd/gnuarm/bin/../lib/gcc/arm-elf/4.0.2/../../../../arm-elf/lib/thumb/interwork/libc.a(closer.o)
 .debug_pubnames
                0x00000912       0x1e /cygdrive/c/gccfd/gnuarm/bin/../lib/gcc/arm-elf/4.0.2/../../../../arm-elf/lib/thumb/interwork/libc.a(errno.o)
 .debug_pubnames
                0x00000930       0x2b /cygdrive/c/gccfd/gnuarm/bin/../lib/gcc/arm-elf/4.0.2/../../../../arm-elf/lib/thumb/interwork/libc.a(fclose.o)
 .debug_pubnames
                0x0000095b       0x1f /cygdrive/c/gccfd/gnuarm/bin/../lib/gcc/arm-elf/4.0.2/../../../../arm-elf/lib/thumb/interwork/libc.a(fstatr.o)
 .debug_pubnames
                0x0000097a       0x1f /cygdrive/c/gccfd/gnuarm/bin/../lib/gcc/arm-elf/4.0.2/../../../../arm-elf/lib/thumb/interwork/libc.a(lseekr.o)
 .debug_pubnames
                0x00000999       0x1e /cygdrive/c/gccfd/gnuarm/bin/../lib/gcc/arm-elf/4.0.2/../../../../arm-elf/lib/thumb/interwork/libc.a(readr.o)
 .debug_pubnames
                0x000009b7       0x52 /cygdrive/c/gccfd/gnuarm/bin/../lib/gcc/arm-elf/4.0.2/../../../../arm-elf/lib/thumb/interwork/libc.a(reent.o)

.debug_info     0x00000000    0x16869
 *(.debug_info .gnu.linkonce.wi.*)
 .debug_info    0x00000000      0x10d /cygdrive/c/gccfd/gnuarm/bin/../lib/gcc/arm-elf/4.0.2/../../../../arm-elf/lib/thumb/interwork/libc.a(memcpy.o)
 .debug_info    0x0000010d      0x111 /cygdrive/c/gccfd/gnuarm/bin/../lib/gcc/arm-elf/4.0.2/../../../../arm-elf/lib/thumb/interwork/libc.a(memset.o)
 .debug_info    0x0000021e      0xa00 /cygdrive/c/gccfd/gnuarm/bin/../lib/gcc/arm-elf/4.0.2/../../../../arm-elf/lib/thumb/interwork/libc.a(sprintf.o)
 .debug_info    0x00000c1e      0x10c /cygdrive/c/gccfd/gnuarm/bin/../lib/gcc/arm-elf/4.0.2/../../../../arm-elf/lib/thumb/interwork/libc.a(strcpy.o)
 .debug_info    0x00000d2a       0xd5 /cygdrive/c/gccfd/gnuarm/bin/../lib/gcc/arm-elf/4.0.2/../../../../arm-elf/lib/thumb/interwork/libc.a(strlen.o)
 .debug_info    0x00000dff      0x126 /cygdrive/c/gccfd/gnuarm/bin/../lib/gcc/arm-elf/4.0.2/../../../../arm-elf/lib/thumb/interwork/libc.a(strncpy.o)
 .debug_info    0x00000f25     0x10f2 /cygdrive/c/gccfd/gnuarm/bin/../lib/gcc/arm-elf/4.0.2/../../../../arm-elf/lib/thumb/interwork/libc.a(vfprintf.o)
 .debug_info    0x00002017      0x9ee /cygdrive/c/gccfd/gnuarm/bin/../lib/gcc/arm-elf/4.0.2/../../../../arm-elf/lib/thumb/interwork/libc.a(wcrtomb.o)
 .debug_info    0x00002a05      0xa84 /cygdrive/c/gccfd/gnuarm/bin/../lib/gcc/arm-elf/4.0.2/../../../../arm-elf/lib/thumb/interwork/libc.a(wcsrtombs.o)
 .debug_info    0x00003489      0x9f6 /cygdrive/c/gccfd/gnuarm/bin/../lib/gcc/arm-elf/4.0.2/../../../../arm-elf/lib/thumb/interwork/libc.a(wctomb_r.o)
 .debug_info    0x00003e7f      0x939 /cygdrive/c/gccfd/gnuarm/bin/../lib/gcc/arm-elf/4.0.2/../../../../arm-elf/lib/thumb/interwork/libc.a(wsetup.o)
 .debug_info    0x000047b8      0xd65 /cygdrive/c/gccfd/gnuarm/bin/../lib/gcc/arm-elf/4.0.2/../../../../arm-elf/lib/thumb/interwork/libc.a(dtoa.o)
 .debug_info    0x0000551d      0x973 /cygdrive/c/gccfd/gnuarm/bin/../lib/gcc/arm-elf/4.0.2/../../../../arm-elf/lib/thumb/interwork/libc.a(fflush.o)
 .debug_info    0x00005e90      0xb67 /cygdrive/c/gccfd/gnuarm/bin/../lib/gcc/arm-elf/4.0.2/../../../../arm-elf/lib/thumb/interwork/libc.a(findfp.o)
 .debug_info    0x000069f7      0xbb3 /cygdrive/c/gccfd/gnuarm/bin/../lib/gcc/arm-elf/4.0.2/../../../../arm-elf/lib/thumb/interwork/libc.a(freer.o)
 .debug_info    0x000075aa      0xa63 /cygdrive/c/gccfd/gnuarm/bin/../lib/gcc/arm-elf/4.0.2/../../../../arm-elf/lib/thumb/interwork/libc.a(fvwrite.o)
 .debug_info    0x0000800d      0xadb /cygdrive/c/gccfd/gnuarm/bin/../lib/gcc/arm-elf/4.0.2/../../../../arm-elf/lib/thumb/interwork/libc.a(fwalk.o)
 .debug_info    0x00008ae8      0x922 /cygdrive/c/gccfd/gnuarm/bin/../lib/gcc/arm-elf/4.0.2/../../../../arm-elf/lib/thumb/interwork/libc.a(impure.o)
 .debug_info    0x0000940a      0xb7c /cygdrive/c/gccfd/gnuarm/bin/../lib/gcc/arm-elf/4.0.2/../../../../arm-elf/lib/thumb/interwork/libc.a(locale.o)
 .debug_info    0x00009f86      0xad8 /cygdrive/c/gccfd/gnuarm/bin/../lib/gcc/arm-elf/4.0.2/../../../../arm-elf/lib/thumb/interwork/libc.a(makebuf.o)
 .debug_info    0x0000aa5e      0xcbd /cygdrive/c/gccfd/gnuarm/bin/../lib/gcc/arm-elf/4.0.2/../../../../arm-elf/lib/thumb/interwork/libc.a(mallocr.o)
 .debug_info    0x0000b71b      0x136 /cygdrive/c/gccfd/gnuarm/bin/../lib/gcc/arm-elf/4.0.2/../../../../arm-elf/lib/thumb/interwork/libc.a(memchr.o)
 .debug_info    0x0000b851      0x13e /cygdrive/c/gccfd/gnuarm/bin/../lib/gcc/arm-elf/4.0.2/../../../../arm-elf/lib/thumb/interwork/libc.a(memmove.o)
 .debug_info    0x0000b98f      0x93e /cygdrive/c/gccfd/gnuarm/bin/../lib/gcc/arm-elf/4.0.2/../../../../arm-elf/lib/thumb/interwork/libc.a(mlock.o)
 .debug_info    0x0000c2cd     0x1332 /cygdrive/c/gccfd/gnuarm/bin/../lib/gcc/arm-elf/4.0.2/../../../../arm-elf/lib/thumb/interwork/libc.a(mprec.o)
 .debug_info    0x0000d5ff      0xbc3 /cygdrive/c/gccfd/gnuarm/bin/../lib/gcc/arm-elf/4.0.2/../../../../arm-elf/lib/thumb/interwork/libc.a(reallocr.o)
 .debug_info    0x0000e1c2       0xd8 /cygdrive/c/gccfd/gnuarm/bin/../lib/gcc/arm-elf/4.0.2/../../../../arm-elf/lib/thumb/interwork/libc.a(s_isinf.o)
 .debug_info    0x0000e29a       0xd6 /cygdrive/c/gccfd/gnuarm/bin/../lib/gcc/arm-elf/4.0.2/../../../../arm-elf/lib/thumb/interwork/libc.a(s_isnan.o)
 .debug_info    0x0000e370      0x951 /cygdrive/c/gccfd/gnuarm/bin/../lib/gcc/arm-elf/4.0.2/../../../../arm-elf/lib/thumb/interwork/libc.a(sbrkr.o)
 .debug_info    0x0000ecc1      0xa70 /cygdrive/c/gccfd/gnuarm/bin/../lib/gcc/arm-elf/4.0.2/../../../../arm-elf/lib/thumb/interwork/libc.a(stdio.o)
 .debug_info    0x0000f731       0xd9 /cygdrive/c/gccfd/gnuarm/bin/../lib/gcc/arm-elf/4.0.2/../../../../arm-elf/lib/thumb/interwork/libc.a(strcmp.o)
 .debug_info    0x0000f80a     0x15b0 /cygdrive/c/gccfd/gnuarm/bin/../lib/gcc/arm-elf/4.0.2/../../../../arm-elf/lib/thumb/interwork/libc.a(syscalls.o)
 .debug_info    0x00010dba      0x980 /cygdrive/c/gccfd/gnuarm/bin/../lib/gcc/arm-elf/4.0.2/../../../../arm-elf/lib/thumb/interwork/libc.a(writer.o)
 .debug_info    0x0001173a      0xa02 /cygdrive/c/gccfd/gnuarm/bin/../lib/gcc/arm-elf/4.0.2/../../../../arm-elf/lib/thumb/interwork/libc.a(callocr.o)
 .debug_info    0x0001213c      0x945 /cygdrive/c/gccfd/gnuarm/bin/../lib/gcc/arm-elf/4.0.2/../../../../arm-elf/lib/thumb/interwork/libc.a(closer.o)
 .debug_info    0x00012a81      0x914 /cygdrive/c/gccfd/gnuarm/bin/../lib/gcc/arm-elf/4.0.2/../../../../arm-elf/lib/thumb/interwork/libc.a(errno.o)
 .debug_info    0x00013395      0x980 /cygdrive/c/gccfd/gnuarm/bin/../lib/gcc/arm-elf/4.0.2/../../../../arm-elf/lib/thumb/interwork/libc.a(fclose.o)
 .debug_info    0x00013d15      0xabd /cygdrive/c/gccfd/gnuarm/bin/../lib/gcc/arm-elf/4.0.2/../../../../arm-elf/lib/thumb/interwork/libc.a(fstatr.o)
 .debug_info    0x000147d2      0x96a /cygdrive/c/gccfd/gnuarm/bin/../lib/gcc/arm-elf/4.0.2/../../../../arm-elf/lib/thumb/interwork/libc.a(lseekr.o)
 .debug_info    0x0001513c      0x979 /cygdrive/c/gccfd/gnuarm/bin/../lib/gcc/arm-elf/4.0.2/../../../../arm-elf/lib/thumb/interwork/libc.a(readr.o)
 .debug_info    0x00015ab5      0x9fe /cygdrive/c/gccfd/gnuarm/bin/../lib/gcc/arm-elf/4.0.2/../../../../arm-elf/lib/thumb/interwork/libc.a(reent.o)
 .debug_info    0x000164b3       0x6a /cygdrive/c/gccfd/gnuarm/bin/../lib/gcc/arm-elf/4.0.2/thumb/interwork/libgcc.a(_udivsi3.o)
 .debug_info    0x0001651d       0x6a /cygdrive/c/gccfd/gnuarm/bin/../lib/gcc/arm-elf/4.0.2/thumb/interwork/libgcc.a(_divsi3.o)
 .debug_info    0x00016587       0x6a /cygdrive/c/gccfd/gnuarm/bin/../lib/gcc/arm-elf/4.0.2/thumb/interwork/libgcc.a(_umodsi3.o)
 .debug_info    0x000165f1       0x6a /cygdrive/c/gccfd/gnuarm/bin/../lib/gcc/arm-elf/4.0.2/thumb/interwork/libgcc.a(_modsi3.o)
 .debug_info    0x0001665b       0x6a /cygdrive/c/gccfd/gnuarm/bin/../lib/gcc/arm-elf/4.0.2/thumb/interwork/libgcc.a(_dvmd_tls.o)
 .debug_info    0x000166c5       0x69 /cygdrive/c/gccfd/gnuarm/bin/../lib/gcc/arm-elf/4.0.2/thumb/interwork/libgcc.a(_addsubdf3.o)
 .debug_info    0x0001672e       0x69 /cygdrive/c/gccfd/gnuarm/bin/../lib/gcc/arm-elf/4.0.2/thumb/interwork/libgcc.a(_muldivdf3.o)
 .debug_info    0x00016797       0x69 /cygdrive/c/gccfd/gnuarm/bin/../lib/gcc/arm-elf/4.0.2/thumb/interwork/libgcc.a(_cmpdf2.o)
 .debug_info    0x00016800       0x69 /cygdrive/c/gccfd/gnuarm/bin/../lib/gcc/arm-elf/4.0.2/thumb/interwork/libgcc.a(_fixdfsi.o)

.debug_abbrev   0x00000000     0x3e11
 *(.debug_abbrev)
 .debug_abbrev  0x00000000       0x99 /cygdrive/c/gccfd/gnuarm/bin/../lib/gcc/arm-elf/4.0.2/../../../../arm-elf/lib/thumb/interwork/libc.a(memcpy.o)
 .debug_abbrev  0x00000099       0x9a /cygdrive/c/gccfd/gnuarm/bin/../lib/gcc/arm-elf/4.0.2/../../../../arm-elf/lib/thumb/interwork/libc.a(memset.o)
 .debug_abbrev  0x00000133      0x193 /cygdrive/c/gccfd/gnuarm/bin/../lib/gcc/arm-elf/4.0.2/../../../../arm-elf/lib/thumb/interwork/libc.a(sprintf.o)
 .debug_abbrev  0x000002c6       0x80 /cygdrive/c/gccfd/gnuarm/bin/../lib/gcc/arm-elf/4.0.2/../../../../arm-elf/lib/thumb/interwork/libc.a(strcpy.o)
 .debug_abbrev  0x00000346       0x8b /cygdrive/c/gccfd/gnuarm/bin/../lib/gcc/arm-elf/4.0.2/../../../../arm-elf/lib/thumb/interwork/libc.a(strlen.o)
 .debug_abbrev  0x000003d1       0x8d /cygdrive/c/gccfd/gnuarm/bin/../lib/gcc/arm-elf/4.0.2/../../../../arm-elf/lib/thumb/interwork/libc.a(strncpy.o)
 .debug_abbrev  0x0000045e      0x35d /cygdrive/c/gccfd/gnuarm/bin/../lib/gcc/arm-elf/4.0.2/../../../../arm-elf/lib/thumb/interwork/libc.a(vfprintf.o)
 .debug_abbrev  0x000007bb      0x1a7 /cygdrive/c/gccfd/gnuarm/bin/../lib/gcc/arm-elf/4.0.2/../../../../arm-elf/lib/thumb/interwork/libc.a(wcrtomb.o)
 .debug_abbrev  0x00000962      0x1a4 /cygdrive/c/gccfd/gnuarm/bin/../lib/gcc/arm-elf/4.0.2/../../../../arm-elf/lib/thumb/interwork/libc.a(wcsrtombs.o)
 .debug_abbrev  0x00000b06      0x1ab /cygdrive/c/gccfd/gnuarm/bin/../lib/gcc/arm-elf/4.0.2/../../../../arm-elf/lib/thumb/interwork/libc.a(wctomb_r.o)
 .debug_abbrev  0x00000cb1      0x170 /cygdrive/c/gccfd/gnuarm/bin/../lib/gcc/arm-elf/4.0.2/../../../../arm-elf/lib/thumb/interwork/libc.a(wsetup.o)
 .debug_abbrev  0x00000e21      0x232 /cygdrive/c/gccfd/gnuarm/bin/../lib/gcc/arm-elf/4.0.2/../../../../arm-elf/lib/thumb/interwork/libc.a(dtoa.o)
 .debug_abbrev  0x00001053      0x17f /cygdrive/c/gccfd/gnuarm/bin/../lib/gcc/arm-elf/4.0.2/../../../../arm-elf/lib/thumb/interwork/libc.a(fflush.o)
 .debug_abbrev  0x000011d2      0x235 /cygdrive/c/gccfd/gnuarm/bin/../lib/gcc/arm-elf/4.0.2/../../../../arm-elf/lib/thumb/interwork/libc.a(findfp.o)
 .debug_abbrev  0x00001407      0x1d9 /cygdrive/c/gccfd/gnuarm/bin/../lib/gcc/arm-elf/4.0.2/../../../../arm-elf/lib/thumb/interwork/libc.a(freer.o)
 .debug_abbrev  0x000015e0      0x1b4 /cygdrive/c/gccfd/gnuarm/bin/../lib/gcc/arm-elf/4.0.2/../../../../arm-elf/lib/thumb/interwork/libc.a(fvwrite.o)
 .debug_abbrev  0x00001794      0x1e1 /cygdrive/c/gccfd/gnuarm/bin/../lib/gcc/arm-elf/4.0.2/../../../../arm-elf/lib/thumb/interwork/libc.a(fwalk.o)
 .debug_abbrev  0x00001975      0x157 /cygdrive/c/gccfd/gnuarm/bin/../lib/gcc/arm-elf/4.0.2/../../../../arm-elf/lib/thumb/interwork/libc.a(impure.o)
 .debug_abbrev  0x00001acc      0x1de /cygdrive/c/gccfd/gnuarm/bin/../lib/gcc/arm-elf/4.0.2/../../../../arm-elf/lib/thumb/interwork/libc.a(locale.o)
 .debug_abbrev  0x00001caa      0x1a8 /cygdrive/c/gccfd/gnuarm/bin/../lib/gcc/arm-elf/4.0.2/../../../../arm-elf/lib/thumb/interwork/libc.a(makebuf.o)
 .debug_abbrev  0x00001e52      0x214 /cygdrive/c/gccfd/gnuarm/bin/../lib/gcc/arm-elf/4.0.2/../../../../arm-elf/lib/thumb/interwork/libc.a(mallocr.o)
 .debug_abbrev  0x00002066       0xa8 /cygdrive/c/gccfd/gnuarm/bin/../lib/gcc/arm-elf/4.0.2/../../../../arm-elf/lib/thumb/interwork/libc.a(memchr.o)
 .debug_abbrev  0x0000210e       0x99 /cygdrive/c/gccfd/gnuarm/bin/../lib/gcc/arm-elf/4.0.2/../../../../arm-elf/lib/thumb/interwork/libc.a(memmove.o)
 .debug_abbrev  0x000021a7      0x16a /cygdrive/c/gccfd/gnuarm/bin/../lib/gcc/arm-elf/4.0.2/../../../../arm-elf/lib/thumb/interwork/libc.a(mlock.o)
 .debug_abbrev  0x00002311      0x249 /cygdrive/c/gccfd/gnuarm/bin/../lib/gcc/arm-elf/4.0.2/../../../../arm-elf/lib/thumb/interwork/libc.a(mprec.o)
 .debug_abbrev  0x0000255a      0x1c3 /cygdrive/c/gccfd/gnuarm/bin/../lib/gcc/arm-elf/4.0.2/../../../../arm-elf/lib/thumb/interwork/libc.a(reallocr.o)
 .debug_abbrev  0x0000271d       0x79 /cygdrive/c/gccfd/gnuarm/bin/../lib/gcc/arm-elf/4.0.2/../../../../arm-elf/lib/thumb/interwork/libc.a(s_isinf.o)
 .debug_abbrev  0x00002796       0x79 /cygdrive/c/gccfd/gnuarm/bin/../lib/gcc/arm-elf/4.0.2/../../../../arm-elf/lib/thumb/interwork/libc.a(s_isnan.o)
 .debug_abbrev  0x0000280f      0x18e /cygdrive/c/gccfd/gnuarm/bin/../lib/gcc/arm-elf/4.0.2/../../../../arm-elf/lib/thumb/interwork/libc.a(sbrkr.o)
 .debug_abbrev  0x0000299d      0x1aa /cygdrive/c/gccfd/gnuarm/bin/../lib/gcc/arm-elf/4.0.2/../../../../arm-elf/lib/thumb/interwork/libc.a(stdio.o)
 .debug_abbrev  0x00002b47       0x71 /cygdrive/c/gccfd/gnuarm/bin/../lib/gcc/arm-elf/4.0.2/../../../../arm-elf/lib/thumb/interwork/libc.a(strcmp.o)
 .debug_abbrev  0x00002bb8      0x395 /cygdrive/c/gccfd/gnuarm/bin/../lib/gcc/arm-elf/4.0.2/../../../../arm-elf/lib/thumb/interwork/libc.a(syscalls.o)
 .debug_abbrev  0x00002f4d      0x184 /cygdrive/c/gccfd/gnuarm/bin/../lib/gcc/arm-elf/4.0.2/../../../../arm-elf/lib/thumb/interwork/libc.a(writer.o)
 .debug_abbrev  0x000030d1      0x1af /cygdrive/c/gccfd/gnuarm/bin/../lib/gcc/arm-elf/4.0.2/../../../../arm-elf/lib/thumb/interwork/libc.a(callocr.o)
 .debug_abbrev  0x00003280      0x17f /cygdrive/c/gccfd/gnuarm/bin/../lib/gcc/arm-elf/4.0.2/../../../../arm-elf/lib/thumb/interwork/libc.a(closer.o)
 .debug_abbrev  0x000033ff      0x15f /cygdrive/c/gccfd/gnuarm/bin/../lib/gcc/arm-elf/4.0.2/../../../../arm-elf/lib/thumb/interwork/libc.a(errno.o)
 .debug_abbrev  0x0000355e      0x18e /cygdrive/c/gccfd/gnuarm/bin/../lib/gcc/arm-elf/4.0.2/../../../../arm-elf/lib/thumb/interwork/libc.a(fclose.o)
 .debug_abbrev  0x000036ec      0x18e /cygdrive/c/gccfd/gnuarm/bin/../lib/gcc/arm-elf/4.0.2/../../../../arm-elf/lib/thumb/interwork/libc.a(fstatr.o)
 .debug_abbrev  0x0000387a      0x18c /cygdrive/c/gccfd/gnuarm/bin/../lib/gcc/arm-elf/4.0.2/../../../../arm-elf/lib/thumb/interwork/libc.a(lseekr.o)
 .debug_abbrev  0x00003a06      0x17f /cygdrive/c/gccfd/gnuarm/bin/../lib/gcc/arm-elf/4.0.2/../../../../arm-elf/lib/thumb/interwork/libc.a(readr.o)
 .debug_abbrev  0x00003b85      0x1d8 /cygdrive/c/gccfd/gnuarm/bin/../lib/gcc/arm-elf/4.0.2/../../../../arm-elf/lib/thumb/interwork/libc.a(reent.o)
 .debug_abbrev  0x00003d5d       0x14 /cygdrive/c/gccfd/gnuarm/bin/../lib/gcc/arm-elf/4.0.2/thumb/interwork/libgcc.a(_udivsi3.o)
 .debug_abbrev  0x00003d71       0x14 /cygdrive/c/gccfd/gnuarm/bin/../lib/gcc/arm-elf/4.0.2/thumb/interwork/libgcc.a(_divsi3.o)
 .debug_abbrev  0x00003d85       0x14 /cygdrive/c/gccfd/gnuarm/bin/../lib/gcc/arm-elf/4.0.2/thumb/interwork/libgcc.a(_umodsi3.o)
 .debug_abbrev  0x00003d99       0x14 /cygdrive/c/gccfd/gnuarm/bin/../lib/gcc/arm-elf/4.0.2/thumb/interwork/libgcc.a(_modsi3.o)
 .debug_abbrev  0x00003dad       0x14 /cygdrive/c/gccfd/gnuarm/bin/../lib/gcc/arm-elf/4.0.2/thumb/interwork/libgcc.a(_dvmd_tls.o)
 .debug_abbrev  0x00003dc1       0x14 /cygdrive/c/gccfd/gnuarm/bin/../lib/gcc/arm-elf/4.0.2/thumb/interwork/libgcc.a(_addsubdf3.o)
 .debug_abbrev  0x00003dd5       0x14 /cygdrive/c/gccfd/gnuarm/bin/../lib/gcc/arm-elf/4.0.2/thumb/interwork/libgcc.a(_muldivdf3.o)
 .debug_abbrev  0x00003de9       0x14 /cygdrive/c/gccfd/gnuarm/bin/../lib/gcc/arm-elf/4.0.2/thumb/interwork/libgcc.a(_cmpdf2.o)
 .debug_abbrev  0x00003dfd       0x14 /cygdrive/c/gccfd/gnuarm/bin/../lib/gcc/arm-elf/4.0.2/thumb/interwork/libgcc.a(_fixdfsi.o)

.debug_line     0x00000000     0x3f9a
 *(.debug_line)
 .debug_line    0x00000000       0xc3 /cygdrive/c/gccfd/gnuarm/bin/../lib/gcc/arm-elf/4.0.2/../../../../arm-elf/lib/thumb/interwork/libc.a(memcpy.o)
 .debug_line    0x000000c3       0xd4 /cygdrive/c/gccfd/gnuarm/bin/../lib/gcc/arm-elf/4.0.2/../../../../arm-elf/lib/thumb/interwork/libc.a(memset.o)
 .debug_line    0x00000197      0x16a /cygdrive/c/gccfd/gnuarm/bin/../lib/gcc/arm-elf/4.0.2/../../../../arm-elf/lib/thumb/interwork/libc.a(sprintf.o)
 .debug_line    0x00000301       0x80 /cygdrive/c/gccfd/gnuarm/bin/../lib/gcc/arm-elf/4.0.2/../../../../arm-elf/lib/thumb/interwork/libc.a(strcpy.o)
 .debug_line    0x00000381       0xaf /cygdrive/c/gccfd/gnuarm/bin/../lib/gcc/arm-elf/4.0.2/../../../../arm-elf/lib/thumb/interwork/libc.a(strlen.o)
 .debug_line    0x00000430       0xc2 /cygdrive/c/gccfd/gnuarm/bin/../lib/gcc/arm-elf/4.0.2/../../../../arm-elf/lib/thumb/interwork/libc.a(strncpy.o)
 .debug_line    0x000004f2      0x560 /cygdrive/c/gccfd/gnuarm/bin/../lib/gcc/arm-elf/4.0.2/../../../../arm-elf/lib/thumb/interwork/libc.a(vfprintf.o)
 .debug_line    0x00000a52      0x13c /cygdrive/c/gccfd/gnuarm/bin/../lib/gcc/arm-elf/4.0.2/../../../../arm-elf/lib/thumb/interwork/libc.a(wcrtomb.o)
 .debug_line    0x00000b8e      0x16a /cygdrive/c/gccfd/gnuarm/bin/../lib/gcc/arm-elf/4.0.2/../../../../arm-elf/lib/thumb/interwork/libc.a(wcsrtombs.o)
 .debug_line    0x00000cf8      0x1b2 /cygdrive/c/gccfd/gnuarm/bin/../lib/gcc/arm-elf/4.0.2/../../../../arm-elf/lib/thumb/interwork/libc.a(wctomb_r.o)
 .debug_line    0x00000eaa      0x14c /cygdrive/c/gccfd/gnuarm/bin/../lib/gcc/arm-elf/4.0.2/../../../../arm-elf/lib/thumb/interwork/libc.a(wsetup.o)
 .debug_line    0x00000ff6      0x41d /cygdrive/c/gccfd/gnuarm/bin/../lib/gcc/arm-elf/4.0.2/../../../../arm-elf/lib/thumb/interwork/libc.a(dtoa.o)
 .debug_line    0x00001413      0x146 /cygdrive/c/gccfd/gnuarm/bin/../lib/gcc/arm-elf/4.0.2/../../../../arm-elf/lib/thumb/interwork/libc.a(fflush.o)
 .debug_line    0x00001559      0x19e /cygdrive/c/gccfd/gnuarm/bin/../lib/gcc/arm-elf/4.0.2/../../../../arm-elf/lib/thumb/interwork/libc.a(findfp.o)
 .debug_line    0x000016f7      0x164 /cygdrive/c/gccfd/gnuarm/bin/../lib/gcc/arm-elf/4.0.2/../../../../arm-elf/lib/thumb/interwork/libc.a(freer.o)
 .debug_line    0x0000185b      0x1cf /cygdrive/c/gccfd/gnuarm/bin/../lib/gcc/arm-elf/4.0.2/../../../../arm-elf/lib/thumb/interwork/libc.a(fvwrite.o)
 .debug_line    0x00001a2a      0x158 /cygdrive/c/gccfd/gnuarm/bin/../lib/gcc/arm-elf/4.0.2/../../../../arm-elf/lib/thumb/interwork/libc.a(fwalk.o)
 .debug_line    0x00001b82       0xe3 /cygdrive/c/gccfd/gnuarm/bin/../lib/gcc/arm-elf/4.0.2/../../../../arm-elf/lib/thumb/interwork/libc.a(impure.o)
 .debug_line    0x00001c65      0x145 /cygdrive/c/gccfd/gnuarm/bin/../lib/gcc/arm-elf/4.0.2/../../../../arm-elf/lib/thumb/interwork/libc.a(locale.o)
 .debug_line    0x00001daa      0x166 /cygdrive/c/gccfd/gnuarm/bin/../lib/gcc/arm-elf/4.0.2/../../../../arm-elf/lib/thumb/interwork/libc.a(makebuf.o)
 .debug_line    0x00001f10      0x23d /cygdrive/c/gccfd/gnuarm/bin/../lib/gcc/arm-elf/4.0.2/../../../../arm-elf/lib/thumb/interwork/libc.a(mallocr.o)
 .debug_line    0x0000214d       0xda /cygdrive/c/gccfd/gnuarm/bin/../lib/gcc/arm-elf/4.0.2/../../../../arm-elf/lib/thumb/interwork/libc.a(memchr.o)
 .debug_line    0x00002227       0xce /cygdrive/c/gccfd/gnuarm/bin/../lib/gcc/arm-elf/4.0.2/../../../../arm-elf/lib/thumb/interwork/libc.a(memmove.o)
 .debug_line    0x000022f5       0xf5 /cygdrive/c/gccfd/gnuarm/bin/../lib/gcc/arm-elf/4.0.2/../../../../arm-elf/lib/thumb/interwork/libc.a(mlock.o)
 .debug_line    0x000023ea      0x3a1 /cygdrive/c/gccfd/gnuarm/bin/../lib/gcc/arm-elf/4.0.2/../../../../arm-elf/lib/thumb/interwork/libc.a(mprec.o)
 .debug_line    0x0000278b      0x19c /cygdrive/c/gccfd/gnuarm/bin/../lib/gcc/arm-elf/4.0.2/../../../../arm-elf/lib/thumb/interwork/libc.a(reallocr.o)
 .debug_line    0x00002927       0xa9 /cygdrive/c/gccfd/gnuarm/bin/../lib/gcc/arm-elf/4.0.2/../../../../arm-elf/lib/thumb/interwork/libc.a(s_isinf.o)
 .debug_line    0x000029d0       0xa9 /cygdrive/c/gccfd/gnuarm/bin/../lib/gcc/arm-elf/4.0.2/../../../../arm-elf/lib/thumb/interwork/libc.a(s_isnan.o)
 .debug_line    0x00002a79       0xf8 /cygdrive/c/gccfd/gnuarm/bin/../lib/gcc/arm-elf/4.0.2/../../../../arm-elf/lib/thumb/interwork/libc.a(sbrkr.o)
 .debug_line    0x00002b71      0x157 /cygdrive/c/gccfd/gnuarm/bin/../lib/gcc/arm-elf/4.0.2/../../../../arm-elf/lib/thumb/interwork/libc.a(stdio.o)
 .debug_line    0x00002cc8       0x88 /cygdrive/c/gccfd/gnuarm/bin/../lib/gcc/arm-elf/4.0.2/../../../../arm-elf/lib/thumb/interwork/libc.a(strcmp.o)
 .debug_line    0x00002d50      0x2b8 /cygdrive/c/gccfd/gnuarm/bin/../lib/gcc/arm-elf/4.0.2/../../../../arm-elf/lib/thumb/interwork/libc.a(syscalls.o)
 .debug_line    0x00003008       0xf9 /cygdrive/c/gccfd/gnuarm/bin/../lib/gcc/arm-elf/4.0.2/../../../../arm-elf/lib/thumb/interwork/libc.a(writer.o)
 .debug_line    0x00003101       0xfe /cygdrive/c/gccfd/gnuarm/bin/../lib/gcc/arm-elf/4.0.2/../../../../arm-elf/lib/thumb/interwork/libc.a(callocr.o)
 .debug_line    0x000031ff       0xf9 /cygdrive/c/gccfd/gnuarm/bin/../lib/gcc/arm-elf/4.0.2/../../../../arm-elf/lib/thumb/interwork/libc.a(closer.o)
 .debug_line    0x000032f8       0xf2 /cygdrive/c/gccfd/gnuarm/bin/../lib/gcc/arm-elf/4.0.2/../../../../arm-elf/lib/thumb/interwork/libc.a(errno.o)
 .debug_line    0x000033ea      0x148 /cygdrive/c/gccfd/gnuarm/bin/../lib/gcc/arm-elf/4.0.2/../../../../arm-elf/lib/thumb/interwork/libc.a(fclose.o)
 .debug_line    0x00003532      0x142 /cygdrive/c/gccfd/gnuarm/bin/../lib/gcc/arm-elf/4.0.2/../../../../arm-elf/lib/thumb/interwork/libc.a(fstatr.o)
 .debug_line    0x00003674       0xf9 /cygdrive/c/gccfd/gnuarm/bin/../lib/gcc/arm-elf/4.0.2/../../../../arm-elf/lib/thumb/interwork/libc.a(lseekr.o)
 .debug_line    0x0000376d       0xf8 /cygdrive/c/gccfd/gnuarm/bin/../lib/gcc/arm-elf/4.0.2/../../../../arm-elf/lib/thumb/interwork/libc.a(readr.o)
 .debug_line    0x00003865      0x12a /cygdrive/c/gccfd/gnuarm/bin/../lib/gcc/arm-elf/4.0.2/../../../../arm-elf/lib/thumb/interwork/libc.a(reent.o)
 .debug_line    0x0000398f       0x70 /cygdrive/c/gccfd/gnuarm/bin/../lib/gcc/arm-elf/4.0.2/thumb/interwork/libgcc.a(_udivsi3.o)
 .debug_line    0x000039ff       0x7c /cygdrive/c/gccfd/gnuarm/bin/../lib/gcc/arm-elf/4.0.2/thumb/interwork/libgcc.a(_divsi3.o)
 .debug_line    0x00003a7b       0x68 /cygdrive/c/gccfd/gnuarm/bin/../lib/gcc/arm-elf/4.0.2/thumb/interwork/libgcc.a(_umodsi3.o)
 .debug_line    0x00003ae3       0x71 /cygdrive/c/gccfd/gnuarm/bin/../lib/gcc/arm-elf/4.0.2/thumb/interwork/libgcc.a(_modsi3.o)
 .debug_line    0x00003b54       0x5a /cygdrive/c/gccfd/gnuarm/bin/../lib/gcc/arm-elf/4.0.2/thumb/interwork/libgcc.a(_dvmd_tls.o)
 .debug_line    0x00003bae      0x162 /cygdrive/c/gccfd/gnuarm/bin/../lib/gcc/arm-elf/4.0.2/thumb/interwork/libgcc.a(_addsubdf3.o)
 .debug_line    0x00003d10      0x177 /cygdrive/c/gccfd/gnuarm/bin/../lib/gcc/arm-elf/4.0.2/thumb/interwork/libgcc.a(_muldivdf3.o)
 .debug_line    0x00003e87       0xa4 /cygdrive/c/gccfd/gnuarm/bin/../lib/gcc/arm-elf/4.0.2/thumb/interwork/libgcc.a(_cmpdf2.o)
 .debug_line    0x00003f2b       0x6f /cygdrive/c/gccfd/gnuarm/bin/../lib/gcc/arm-elf/4.0.2/thumb/interwork/libgcc.a(_fixdfsi.o)

.debug_frame    0x00000000      0xf20
 *(.debug_frame)
 .debug_frame   0x00000000       0x2c /cygdrive/c/gccfd/gnuarm/bin/../lib/gcc/arm-elf/4.0.2/../../../../arm-elf/lib/thumb/interwork/libc.a(memcpy.o)
 .debug_frame   0x0000002c       0x2c /cygdrive/c/gccfd/gnuarm/bin/../lib/gcc/arm-elf/4.0.2/../../../../arm-elf/lib/thumb/interwork/libc.a(memset.o)
 .debug_frame   0x00000058       0x50 /cygdrive/c/gccfd/gnuarm/bin/../lib/gcc/arm-elf/4.0.2/../../../../arm-elf/lib/thumb/interwork/libc.a(sprintf.o)
 .debug_frame   0x000000a8       0x2c /cygdrive/c/gccfd/gnuarm/bin/../lib/gcc/arm-elf/4.0.2/../../../../arm-elf/lib/thumb/interwork/libc.a(strcpy.o)
 .debug_frame   0x000000d4       0x2c /cygdrive/c/gccfd/gnuarm/bin/../lib/gcc/arm-elf/4.0.2/../../../../arm-elf/lib/thumb/interwork/libc.a(strlen.o)
 .debug_frame   0x00000100       0x30 /cygdrive/c/gccfd/gnuarm/bin/../lib/gcc/arm-elf/4.0.2/../../../../arm-elf/lib/thumb/interwork/libc.a(strncpy.o)
 .debug_frame   0x00000130       0x70 /cygdrive/c/gccfd/gnuarm/bin/../lib/gcc/arm-elf/4.0.2/../../../../arm-elf/lib/thumb/interwork/libc.a(vfprintf.o)
 .debug_frame   0x000001a0       0x48 /cygdrive/c/gccfd/gnuarm/bin/../lib/gcc/arm-elf/4.0.2/../../../../arm-elf/lib/thumb/interwork/libc.a(wcrtomb.o)
 .debug_frame   0x000001e8       0x5c /cygdrive/c/gccfd/gnuarm/bin/../lib/gcc/arm-elf/4.0.2/../../../../arm-elf/lib/thumb/interwork/libc.a(wcsrtombs.o)
 .debug_frame   0x00000244       0x30 /cygdrive/c/gccfd/gnuarm/bin/../lib/gcc/arm-elf/4.0.2/../../../../arm-elf/lib/thumb/interwork/libc.a(wctomb_r.o)
 .debug_frame   0x00000274       0x2c /cygdrive/c/gccfd/gnuarm/bin/../lib/gcc/arm-elf/4.0.2/../../../../arm-elf/lib/thumb/interwork/libc.a(wsetup.o)
 .debug_frame   0x000002a0       0x68 /cygdrive/c/gccfd/gnuarm/bin/../lib/gcc/arm-elf/4.0.2/../../../../arm-elf/lib/thumb/interwork/libc.a(dtoa.o)
 .debug_frame   0x00000308       0x2c /cygdrive/c/gccfd/gnuarm/bin/../lib/gcc/arm-elf/4.0.2/../../../../arm-elf/lib/thumb/interwork/libc.a(fflush.o)
 .debug_frame   0x00000334      0x134 /cygdrive/c/gccfd/gnuarm/bin/../lib/gcc/arm-elf/4.0.2/../../../../arm-elf/lib/thumb/interwork/libc.a(findfp.o)
 .debug_frame   0x00000468       0x54 /cygdrive/c/gccfd/gnuarm/bin/../lib/gcc/arm-elf/4.0.2/../../../../arm-elf/lib/thumb/interwork/libc.a(freer.o)
 .debug_frame   0x000004bc       0x3c /cygdrive/c/gccfd/gnuarm/bin/../lib/gcc/arm-elf/4.0.2/../../../../arm-elf/lib/thumb/interwork/libc.a(fvwrite.o)
 .debug_frame   0x000004f8       0x5c /cygdrive/c/gccfd/gnuarm/bin/../lib/gcc/arm-elf/4.0.2/../../../../arm-elf/lib/thumb/interwork/libc.a(fwalk.o)
 .debug_frame   0x00000554       0x7c /cygdrive/c/gccfd/gnuarm/bin/../lib/gcc/arm-elf/4.0.2/../../../../arm-elf/lib/thumb/interwork/libc.a(locale.o)
 .debug_frame   0x000005d0       0x30 /cygdrive/c/gccfd/gnuarm/bin/../lib/gcc/arm-elf/4.0.2/../../../../arm-elf/lib/thumb/interwork/libc.a(makebuf.o)
 .debug_frame   0x00000600       0x3c /cygdrive/c/gccfd/gnuarm/bin/../lib/gcc/arm-elf/4.0.2/../../../../arm-elf/lib/thumb/interwork/libc.a(mallocr.o)
 .debug_frame   0x0000063c       0x30 /cygdrive/c/gccfd/gnuarm/bin/../lib/gcc/arm-elf/4.0.2/../../../../arm-elf/lib/thumb/interwork/libc.a(memchr.o)
 .debug_frame   0x0000066c       0x30 /cygdrive/c/gccfd/gnuarm/bin/../lib/gcc/arm-elf/4.0.2/../../../../arm-elf/lib/thumb/interwork/libc.a(memmove.o)
 .debug_frame   0x0000069c       0x30 /cygdrive/c/gccfd/gnuarm/bin/../lib/gcc/arm-elf/4.0.2/../../../../arm-elf/lib/thumb/interwork/libc.a(mlock.o)
 .debug_frame   0x000006cc      0x224 /cygdrive/c/gccfd/gnuarm/bin/../lib/gcc/arm-elf/4.0.2/../../../../arm-elf/lib/thumb/interwork/libc.a(mprec.o)
 .debug_frame   0x000008f0       0x3c /cygdrive/c/gccfd/gnuarm/bin/../lib/gcc/arm-elf/4.0.2/../../../../arm-elf/lib/thumb/interwork/libc.a(reallocr.o)
 .debug_frame   0x0000092c       0x20 /cygdrive/c/gccfd/gnuarm/bin/../lib/gcc/arm-elf/4.0.2/../../../../arm-elf/lib/thumb/interwork/libc.a(s_isinf.o)
 .debug_frame   0x0000094c       0x20 /cygdrive/c/gccfd/gnuarm/bin/../lib/gcc/arm-elf/4.0.2/../../../../arm-elf/lib/thumb/interwork/libc.a(s_isnan.o)
 .debug_frame   0x0000096c       0x2c /cygdrive/c/gccfd/gnuarm/bin/../lib/gcc/arm-elf/4.0.2/../../../../arm-elf/lib/thumb/interwork/libc.a(sbrkr.o)
 .debug_frame   0x00000998       0x7c /cygdrive/c/gccfd/gnuarm/bin/../lib/gcc/arm-elf/4.0.2/../../../../arm-elf/lib/thumb/interwork/libc.a(stdio.o)
 .debug_frame   0x00000a14       0x2c /cygdrive/c/gccfd/gnuarm/bin/../lib/gcc/arm-elf/4.0.2/../../../../arm-elf/lib/thumb/interwork/libc.a(strcmp.o)
 .debug_frame   0x00000a40      0x30c /cygdrive/c/gccfd/gnuarm/bin/../lib/gcc/arm-elf/4.0.2/../../../../arm-elf/lib/thumb/interwork/libc.a(syscalls.o)
 .debug_frame   0x00000d4c       0x2c /cygdrive/c/gccfd/gnuarm/bin/../lib/gcc/arm-elf/4.0.2/../../../../arm-elf/lib/thumb/interwork/libc.a(writer.o)
 .debug_frame   0x00000d78       0x28 /cygdrive/c/gccfd/gnuarm/bin/../lib/gcc/arm-elf/4.0.2/../../../../arm-elf/lib/thumb/interwork/libc.a(callocr.o)
 .debug_frame   0x00000da0       0x2c /cygdrive/c/gccfd/gnuarm/bin/../lib/gcc/arm-elf/4.0.2/../../../../arm-elf/lib/thumb/interwork/libc.a(closer.o)
 .debug_frame   0x00000dcc       0x20 /cygdrive/c/gccfd/gnuarm/bin/../lib/gcc/arm-elf/4.0.2/../../../../arm-elf/lib/thumb/interwork/libc.a(errno.o)
 .debug_frame   0x00000dec       0x44 /cygdrive/c/gccfd/gnuarm/bin/../lib/gcc/arm-elf/4.0.2/../../../../arm-elf/lib/thumb/interwork/libc.a(fclose.o)
 .debug_frame   0x00000e30       0x2c /cygdrive/c/gccfd/gnuarm/bin/../lib/gcc/arm-elf/4.0.2/../../../../arm-elf/lib/thumb/interwork/libc.a(fstatr.o)
 .debug_frame   0x00000e5c       0x2c /cygdrive/c/gccfd/gnuarm/bin/../lib/gcc/arm-elf/4.0.2/../../../../arm-elf/lib/thumb/interwork/libc.a(lseekr.o)
 .debug_frame   0x00000e88       0x2c /cygdrive/c/gccfd/gnuarm/bin/../lib/gcc/arm-elf/4.0.2/../../../../arm-elf/lib/thumb/interwork/libc.a(readr.o)
 .debug_frame   0x00000eb4       0x6c /cygdrive/c/gccfd/gnuarm/bin/../lib/gcc/arm-elf/4.0.2/../../../../arm-elf/lib/thumb/interwork/libc.a(reent.o)

.debug_str      0x00000000     0x1bd7
 *(.debug_str)
 .debug_str     0x00000000       0xb8 /cygdrive/c/gccfd/gnuarm/bin/../lib/gcc/arm-elf/4.0.2/../../../../arm-elf/lib/thumb/interwork/libc.a(memcpy.o)
                                 0xdf (size before relaxing)
 .debug_str     0x000000b8       0xaa /cygdrive/c/gccfd/gnuarm/bin/../lib/gcc/arm-elf/4.0.2/../../../../arm-elf/lib/thumb/interwork/libc.a(memset.o)
                                0x129 (size before relaxing)
 .debug_str     0x00000162      0x3dc /cygdrive/c/gccfd/gnuarm/bin/../lib/gcc/arm-elf/4.0.2/../../../../arm-elf/lib/thumb/interwork/libc.a(sprintf.o)
                                0x4e2 (size before relaxing)