Archive member included because of file (symbol)

/cygdrive/c/gccfd/gnuarm/bin/../lib/gcc/arm-elf/4.0.2/../../../../arm-elf/lib/thumb/interwork/libc.a(memcpy.o)
                              FreeRTOS/Source/queue.o (memcpy)
/cygdrive/c/gccfd/gnuarm/bin/../lib/gcc/arm-elf/4.0.2/../../../../arm-elf/lib/thumb/interwork/libc.a(memset.o)
                              FreeRTOS/Source/tasks.o (memset)
/cygdrive/c/gccfd/gnuarm/bin/../lib/gcc/arm-elf/4.0.2/../../../../arm-elf/lib/thumb/interwork/libc.a(sprintf.o)
                              cfi/source/usb_comm.o (sprintf)
/cygdrive/c/gccfd/gnuarm/bin/../lib/gcc/arm-elf/4.0.2/../../../../arm-elf/lib/thumb/interwork/libc.a(strlen.o)
                              cfi/source/usb_comm.o (strlen)
/cygdrive/c/gccfd/gnuarm/bin/../lib/gcc/arm-elf/4.0.2/../../../../arm-elf/lib/thumb/interwork/libc.a(strncpy.o)
                              FreeRTOS/Source/tasks.o (strncpy)
/cygdrive/c/gccfd/gnuarm/bin/../lib/gcc/arm-elf/4.0.2/../../../../arm-elf/lib/thumb/interwork/libc.a(vfprintf.o)
                              /cygdrive/c/gccfd/gnuarm/bin/../lib/gcc/arm-elf/4.0.2/../../../../arm-elf/lib/thumb/interwork/libc.a(sprintf.o) (_vfprintf_r)
/cygdrive/c/gccfd/gnuarm/bin/../lib/gcc/arm-elf/4.0.2/../../../../arm-elf/lib/thumb/interwork/libc.a(wcrtomb.o)
                              /cygdrive/c/gccfd/gnuarm/bin/../lib/gcc/arm-elf/4.0.2/../../../../arm-elf/lib/thumb/interwork/libc.a(vfprintf.o) (_wcrtomb_r)
/cygdrive/c/gccfd/gnuarm/bin/../lib/gcc/arm-elf/4.0.2/../../../../arm-elf/lib/thumb/interwork/libc.a(wcsrtombs.o)
                              /cygdrive/c/gccfd/gnuarm/bin/../lib/gcc/arm-elf/4.0.2/../../../../arm-elf/lib/thumb/interwork/libc.a(vfprintf.o) (_wcsrtombs_r)
/cygdrive/c/gccfd/gnuarm/bin/../lib/gcc/arm-elf/4.0.2/../../../../arm-elf/lib/thumb/interwork/libc.a(wctomb_r.o)
                              /cygdrive/c/gccfd/gnuarm/bin/../lib/gcc/arm-elf/4.0.2/../../../../arm-elf/lib/thumb/interwork/libc.a(wcrtomb.o) (_wctomb_r)
/cygdrive/c/gccfd/gnuarm/bin/../lib/gcc/arm-elf/4.0.2/../../../../arm-elf/lib/thumb/interwork/libc.a(wsetup.o)
                              /cygdrive/c/gccfd/gnuarm/bin/../lib/gcc/arm-elf/4.0.2/../../../../arm-elf/lib/thumb/interwork/libc.a(vfprintf.o) (__swsetup)
/cygdrive/c/gccfd/gnuarm/bin/../lib/gcc/arm-elf/4.0.2/../../../../arm-elf/lib/thumb/interwork/libc.a(dtoa.o)
                              /cygdrive/c/gccfd/gnuarm/bin/../lib/gcc/arm-elf/4.0.2/../../../../arm-elf/lib/thumb/interwork/libc.a(vfprintf.o) (_dtoa_r)
/cygdrive/c/gccfd/gnuarm/bin/../lib/gcc/arm-elf/4.0.2/../../../../arm-elf/lib/thumb/interwork/libc.a(fflush.o)
                              /cygdrive/c/gccfd/gnuarm/bin/../lib/gcc/arm-elf/4.0.2/../../../../arm-elf/lib/thumb/interwork/libc.a(vfprintf.o) (fflush)
/cygdrive/c/gccfd/gnuarm/bin/../lib/gcc/arm-elf/4.0.2/../../../../arm-elf/lib/thumb/interwork/libc.a(findfp.o)
                              /cygdrive/c/gccfd/gnuarm/bin/../lib/gcc/arm-elf/4.0.2/../../../../arm-elf/lib/thumb/interwork/libc.a(vfprintf.o) (__sinit)
/cygdrive/c/gccfd/gnuarm/bin/../lib/gcc/arm-elf/4.0.2/../../../../arm-elf/lib/thumb/interwork/libc.a(freer.o)
                              /cygdrive/c/gccfd/gnuarm/bin/../lib/gcc/arm-elf/4.0.2/../../../../arm-elf/lib/thumb/interwork/libc.a(vfprintf.o) (_free_r)
/cygdrive/c/gccfd/gnuarm/bin/../lib/gcc/arm-elf/4.0.2/../../../../arm-elf/lib/thumb/interwork/libc.a(fvwrite.o)
                              /cygdrive/c/gccfd/gnuarm/bin/../lib/gcc/arm-elf/4.0.2/../../../../arm-elf/lib/thumb/interwork/libc.a(vfprintf.o) (__sfvwrite)
/cygdrive/c/gccfd/gnuarm/bin/../lib/gcc/arm-elf/4.0.2/../../../../arm-elf/lib/thumb/interwork/libc.a(fwalk.o)
                              /cygdrive/c/gccfd/gnuarm/bin/../lib/gcc/arm-elf/4.0.2/../../../../arm-elf/lib/thumb/interwork/libc.a(fflush.o) (_fwalk)
/cygdrive/c/gccfd/gnuarm/bin/../lib/gcc/arm-elf/4.0.2/../../../../arm-elf/lib/thumb/interwork/libc.a(impure.o)
                              /cygdrive/c/gccfd/gnuarm/bin/../lib/gcc/arm-elf/4.0.2/../../../../arm-elf/lib/thumb/interwork/libc.a(fflush.o) (_global_impure_ptr)
/cygdrive/c/gccfd/gnuarm/bin/../lib/gcc/arm-elf/4.0.2/../../../../arm-elf/lib/thumb/interwork/libc.a(locale.o)
                              /cygdrive/c/gccfd/gnuarm/bin/../lib/gcc/arm-elf/4.0.2/../../../../arm-elf/lib/thumb/interwork/libc.a(wctomb_r.o) (__lc_ctype)
/cygdrive/c/gccfd/gnuarm/bin/../lib/gcc/arm-elf/4.0.2/../../../../arm-elf/lib/thumb/interwork/libc.a(makebuf.o)
                              /cygdrive/c/gccfd/gnuarm/bin/../lib/gcc/arm-elf/4.0.2/../../../../arm-elf/lib/thumb/interwork/libc.a(wsetup.o) (__smakebuf)
/cygdrive/c/gccfd/gnuarm/bin/../lib/gcc/arm-elf/4.0.2/../../../../arm-elf/lib/thumb/interwork/libc.a(mallocr.o)
                              /cygdrive/c/gccfd/gnuarm/bin/../lib/gcc/arm-elf/4.0.2/../../../../arm-elf/lib/thumb/interwork/libc.a(freer.o) (__malloc_current_mallinfo)
[...]
Memory Configuration

Name             Origin             Length             Attributes
FLASH            0x00100000         0x00010000         xr
DATA             0x00200000         0x00004000         rw
STACK            0x00204000         0x00000000         rw
*default*        0x00000000         0xffffffff

Linker script and memory map

LOAD startup_SAM7S.o
LOAD FreeRTOS/Source/portable/GCC/ARM7_AT91SAM7S/portISR.o
LOAD interrupt_utils.o
LOAD blinker.o
LOAD cfi/source/USBIsr.o
LOAD cfi/source/triggerWheelIsr.o
LOAD main.o
LOAD hardware/lib_AT91SAM7S256.o
LOAD FreeRTOS/Source/tasks.o
LOAD FreeRTOS/Source/queue.o
LOAD FreeRTOS/Source/list.o
LOAD FreeRTOS/Source/portable/MemMang/heap_2.o
LOAD FreeRTOS/Source/portable/GCC/ARM7_AT91SAM7S/port.o
LOAD cfi/source/runtime.o
LOAD led_debug.o
LOAD cfi/source/usb_comm.o
LOAD cfi/source/USB-CDC.o
LOAD /cygdrive/c/gccfd/gnuarm/bin/../lib/gcc/arm-elf/4.0.2/../../../../arm-elf/lib/thumb/interwork/libc.a
LOAD /cygdrive/c/gccfd/gnuarm/bin/../lib/gcc/arm-elf/4.0.2/../../../../arm-elf/lib/thumb/interwork/libm.a
LOAD /cygdrive/c/gccfd/gnuarm/bin/../lib/gcc/arm-elf/4.0.2/../../../../arm-elf/lib/thumb/interwork/libc.a
LOAD /cygdrive/c/gccfd/gnuarm/bin/../lib/gcc/arm-elf/4.0.2/thumb/interwork/libgcc.a
LOAD /cygdrive/c/gccfd/gnuarm/bin/../lib/gcc/arm-elf/4.0.2/thumb/interwork/libgcc.a
LOAD /cygdrive/c/gccfd/gnuarm/bin/../lib/gcc/arm-elf/4.0.2/../../../../arm-elf/lib/thumb/interwork/libc.a
LOAD /cygdrive/c/gccfd/gnuarm/bin/../lib/gcc/arm-elf/4.0.2/thumb/interwork/libgcc.a

.text           0x00100000     0x8ea4
 *(.vectrom)
 .vectrom       0x00100000       0x58 startup_SAM7S.o
                0x00100050                IRQ_Handler
                0x00100040                Undef_Handler
                0x0010004c                DAbt_Handler
                0x00100054                FIQ_Handler
                0x00100048                PAbt_Handler
 *(.init)
 .init          0x00100058      0x160 startup_SAM7S.o
                0x00100058                _startup
 *(.text .text.*)
 .text.vPortISRStartFirstTask
                0x001001b8       0x54 FreeRTOS/Source/portable/GCC/ARM7_AT91SAM7S/portISR.o
                0x001001b8                vPortISRStartFirstTask
 .text.SWI_Handler
                0x0010020c       0xac FreeRTOS/Source/portable/GCC/ARM7_AT91SAM7S/portISR.o
                0x0010020c                SWI_Handler
 .text.vPreemptiveTick
                0x001002b8       0xc0 FreeRTOS/Source/portable/GCC/ARM7_AT91SAM7S/portISR.o
                0x001002b8                vPreemptiveTick
 .text.vPortDisableInterruptsFromThumb
                0x00100378       0x18 FreeRTOS/Source/portable/GCC/ARM7_AT91SAM7S/portISR.o
                0x00100378                vPortDisableInterruptsFromThumb
 .text.vPortEnterCritical
                0x00100390       0x2c FreeRTOS/Source/portable/GCC/ARM7_AT91SAM7S/portISR.o
                0x00100390                vPortEnterCritical
 .text.vPortExitCritical
                0x001003bc       0x44 FreeRTOS/Source/portable/GCC/ARM7_AT91SAM7S/portISR.o
                0x001003bc                vPortExitCritical
 .text.enableIRQ
                0x00100400       0x10 interrupt_utils.o
                0x00100400                enableIRQ
 .text.vUSB_ISR
                0x00100410      0x23c cfi/source/USBIsr.o
                0x00100410                vUSB_ISR
 .text.coilPack_irq_handler
                0x0010064c       0x6c cfi/source/triggerWheelIsr.o
                0x0010064c                coilPack_irq_handler
 .text.triggerWheel_irq_handler
                0x001006b8      0x3b0 cfi/source/triggerWheelIsr.o
                0x001006b8                triggerWheel_irq_handler
 .text.main     0x00100a68       0xb4 main.o
                0x00100a68                main
 .text.AT91F_AIC_ConfigureIt
                0x00100b1c       0x28 hardware/lib_AT91SAM7S256.o
                0x00100b1c                AT91F_AIC_ConfigureIt
 .text.AT91F_AIC_EnableIt
                0x00100b44        0xc hardware/lib_AT91SAM7S256.o
                0x00100b44                AT91F_AIC_EnableIt
 .text.AT91F_AIC_AcknowledgeIt
                0x00100b50        0x8 hardware/lib_AT91SAM7S256.o
                0x00100b50                AT91F_AIC_AcknowledgeIt
 .text.AT91F_PIO_CfgOutput
                0x00100b58        0x8 hardware/lib_AT91SAM7S256.o
                0x00100b58                AT91F_PIO_CfgOutput
 .text.AT91F_PIO_GetInput
                0x00100b60        0x4 hardware/lib_AT91SAM7S256.o
                0x00100b60                AT91F_PIO_GetInput
 .text.AT91F_PIO_SetOutput
                0x00100b64        0x4 hardware/lib_AT91SAM7S256.o
                0x00100b64                AT91F_PIO_SetOutput
 .text.AT91F_PIO_ClearOutput
                0x00100b68        0x4 hardware/lib_AT91SAM7S256.o
                0x00100b68                AT91F_PIO_ClearOutput
 .text.AT91F_PMC_EnablePeriphClock
                0x00100b6c        0x4 hardware/lib_AT91SAM7S256.o
                0x00100b6c                AT91F_PMC_EnablePeriphClock
 .text.AT91F_RSTSetMode
                0x00100b70        0xc hardware/lib_AT91SAM7S256.o
                0x00100b70                AT91F_RSTSetMode
 .text.AT91F_TC_Open
                0x00100b7c       0x28 hardware/lib_AT91SAM7S256.o
                0x00100b7c                AT91F_TC_Open
 .text.AT91F_TC0_CfgPMC
                0x00100ba4       0x10 hardware/lib_AT91SAM7S256.o
                0x00100ba4                AT91F_TC0_CfgPMC
 .text.AT91F_TC0_CfgPIO
                0x00100bb4       0x14 hardware/lib_AT91SAM7S256.o
                0x00100bb4                AT91F_TC0_CfgPIO
 .text.vTaskSuspendAll
                0x00100bc8       0x1c FreeRTOS/Source/tasks.o
                0x00100bc8                vTaskSuspendAll
 .text.vTaskIncrementTick
                0x00100be4       0xb0 FreeRTOS/Source/tasks.o
                0x00100be4                vTaskIncrementTick
 .text.xTaskResumeAll
                0x00100c94       0xd0 FreeRTOS/Source/tasks.o
                0x00100c94                xTaskResumeAll
 .text.vTaskDelay
                0x00100d64       0x58 FreeRTOS/Source/tasks.o
                0x00100d64                vTaskDelay
 .text.vTaskSwitchContext
                0x00100dbc       0xa8 FreeRTOS/Source/tasks.o
                0x00100dbc                vTaskSwitchContext
 .text.vTaskPlaceOnEventList
                0x00100e64       0x4c FreeRTOS/Source/tasks.o
                0x00100e64                vTaskPlaceOnEventList
 .text.xTaskRemoveFromEventList
                0x00100eb0       0x74 FreeRTOS/Source/tasks.o
                0x00100eb0                xTaskRemoveFromEventList
 .text.vTaskSetTimeOutState
                0x00100f24       0x18 FreeRTOS/Source/tasks.o
                0x00100f24                vTaskSetTimeOutState
 .text.vTaskMissedYield
                0x00100f3c        0xc FreeRTOS/Source/tasks.o
                0x00100f3c                vTaskMissedYield
 .text.prvIdleTask
                0x00100f48       0x10 FreeRTOS/Source/tasks.o
 .text.xTaskCreate
                0x00100f58      0x18c FreeRTOS/Source/tasks.o
                0x00100f58                xTaskCreate
 .text.vTaskStartScheduler
                0x001010e4       0x44 FreeRTOS/Source/tasks.o
                0x001010e4                vTaskStartScheduler
 .text.xTaskCheckForTimeOut
                0x00101128       0x4c FreeRTOS/Source/tasks.o
                0x00101128                xTaskCheckForTimeOut
 .text.xQueueCreate
                0x00101174       0x68 FreeRTOS/Source/queue.o
                0x00101174                xQueueCreate
 .text.xQueueSendFromISR
                0x001011dc       0x60 FreeRTOS/Source/queue.o
                0x001011dc                xQueueSendFromISR
 .text.uxQueueMessagesWaiting
                0x0010123c       0x18 FreeRTOS/Source/queue.o
                0x0010123c                uxQueueMessagesWaiting
 .text.prvUnlockQueue
                0x00101254       0x68 FreeRTOS/Source/queue.o
 .text.xQueueReceive
                0x001012bc       0xe4 FreeRTOS/Source/queue.o
                0x001012bc                xQueueReceive
 .text.xQueueSend
                0x001013a0       0xe8 FreeRTOS/Source/queue.o
                0x001013a0                xQueueSend
 .text.vListInitialise
                0x00101488       0x18 FreeRTOS/Source/list.o
                0x00101488                vListInitialise
 .text.vListInitialiseItem
                0x001014a0        0x8 FreeRTOS/Source/list.o
                0x001014a0                vListInitialiseItem
 .text.vListInsertEnd
                0x001014a8       0x1c FreeRTOS/Source/list.o
                0x001014a8                vListInsertEnd
 .text.vListInsert
                0x001014c4       0x34 FreeRTOS/Source/list.o
                0x001014c4                vListInsert
 .text.vListRemove
                0x001014f8       0x20 FreeRTOS/Source/list.o
                0x001014f8                vListRemove
 .text.pvPortMalloc
                0x00101518       0xb4 FreeRTOS/Source/portable/MemMang/heap_2.o
                0x00101518                pvPortMalloc
 .text.vPortFree
                0x001015cc       0x30 FreeRTOS/Source/portable/MemMang/heap_2.o
                0x001015cc                vPortFree
 .text.pxPortInitialiseStack
                0x001015fc       0xa4 FreeRTOS/Source/portable/GCC/ARM7_AT91SAM7S/port.o
                0x001015fc                pxPortInitialiseStack
 .text.xPortStartScheduler
                0x001016a0       0x40 FreeRTOS/Source/portable/GCC/ARM7_AT91SAM7S/port.o
                0x001016a0                xPortStartScheduler
 .text          0x001016e0      0x634 cfi/source/runtime.o
                0x0010172c                g_saved_ignition_config
                0x001016e0                g_saved_engine_config
 .text.triggerWheelTimerInit
                0x00101d14       0x50 cfi/source/runtime.o
                0x00101d14                triggerWheelTimerInit
 .text.coilPackTimerInit
                0x00101d64       0x50 cfi/source/runtime.o
                0x00101d64                coilPackTimerInit
 .text.calculateDwellDegrees
                0x00101db4       0x2c cfi/source/runtime.o
                0x00101db4                calculateDwellDegrees
 .text.updateLogicalCoilDriverRuntimes
                0x00101de0       0x80 cfi/source/runtime.o
                0x00101de0                updateLogicalCoilDriverRuntimes
 .text.calculateCrankPeriodUSec
                0x00101e60       0x20 cfi/source/runtime.o
                0x00101e60                calculateCrankPeriodUSec
 .text.calculateRPM
                0x00101e80       0x2c cfi/source/runtime.o
                0x00101e80                calculateRPM
 .text.findMatchingLogicalCoilDriver
                0x00101eac       0x28 cfi/source/runtime.o
                0x00101eac                findMatchingLogicalCoilDriver
 .text.initLogicalCoilDrivers
                0x00101ed4       0x80 cfi/source/runtime.o
                0x00101ed4                initLogicalCoilDrivers
 .text.initRuntimeData
                0x00101f54      0x158 cfi/source/runtime.o
                0x00101f54                initRuntimeData
 .text.linearInterpolate
                0x001020ac       0x28 cfi/source/runtime.o
                0x001020ac                linearInterpolate
 .text.calculateAdvance
                0x001020d4      0x108 cfi/source/runtime.o
                0x001020d4                calculateAdvance
 .text.onRevolutionTask
                0x001021dc       0x70 cfi/source/runtime.o
                0x001021dc                onRevolutionTask
 .text.Init_LEDs
                0x0010224c       0x24 led_debug.o
                0x0010224c                Init_LEDs
 .text.Toggle_LED
                0x00102270       0x2c led_debug.o
                0x00102270                Toggle_LED
 .text.SendBytes
                0x0010229c       0x20 cfi/source/usb_comm.o
                0x0010229c                SendBytes
 .text.onUSBCommTask
                0x001022bc      0x308 cfi/source/usb_comm.o
                0x001022bc                onUSBCommTask
 .text.vUSBIsInitialized
                0x001025c4        0xc cfi/source/USB-CDC.o
                0x001025c4                vUSBIsInitialized
 .text.vUSBSendByte
                0x001025d0       0x20 cfi/source/USB-CDC.o
                0x001025d0                vUSBSendByte
 .text.vUSBReceiveByte
                0x001025f0       0x18 cfi/source/USB-CDC.o
                0x001025f0                vUSBReceiveByte
 .text.prvSendZLP
                0x00102608       0x44 cfi/source/USB-CDC.o
 .text.prvSendStall
                0x0010264c       0x24 cfi/source/USB-CDC.o
 .text.prvSendNextSegment
                0x00102670       0xa4 cfi/source/USB-CDC.o
 .text.prvSendControlData
                0x00102714       0x50 cfi/source/USB-CDC.o
 .text.vUSBCDCTask
                0x00102764      0x4ec cfi/source/USB-CDC.o
                0x00102764                vUSBCDCTask
 .text          0x00102c50       0x68 /cygdrive/c/gccfd/gnuarm/bin/../lib/gcc/arm-elf/4.0.2/../../../../arm-elf/lib/thumb/interwork/libc.a(memcpy.o)
                0x00102c50                memcpy
 .text          0x00102cb8       0x68 /cygdrive/c/gccfd/gnuarm/bin/../lib/gcc/arm-elf/4.0.2/../../../../arm-elf/lib/thumb/interwork/libc.a(memset.o)
                0x00102cb8                memset
 .text          0x00102d20       0x84 /cygdrive/c/gccfd/gnuarm/bin/../lib/gcc/arm-elf/4.0.2/../../../../arm-elf/lib/thumb/interwork/libc.a(sprintf.o)
                0x00102d20                _sprintf_r
                0x00102d60                sprintf
 .text          0x00102da4       0x48 /cygdrive/c/gccfd/gnuarm/bin/../lib/gcc/arm-elf/4.0.2/../../../../arm-elf/lib/thumb/interwork/libc.a(strlen.o)
                0x00102da4                strlen
 .text          0x00102dec       0x84 /cygdrive/c/gccfd/gnuarm/bin/../lib/gcc/arm-elf/4.0.2/../../../../arm-elf/lib/thumb/interwork/libc.a(strncpy.o)
                0x00102dec                strncpy
 .text          0x00102e70     0x1914 /cygdrive/c/gccfd/gnuarm/bin/../lib/gcc/arm-elf/4.0.2/../../../../arm-elf/lib/thumb/interwork/libc.a(vfprintf.o)
                0x00102e90                _vfprintf_r
                0x00104764                vfprintf
 .text          0x00104784       0x54 /cygdrive/c/gccfd/gnuarm/bin/../lib/gcc/arm-elf/4.0.2/../../../../arm-elf/lib/thumb/interwork/libc.a(wcrtomb.o)
                0x00104784                _wcrtomb_r
                0x001047b8                wcrtomb
 .text          0x001047d8      0x100 /cygdrive/c/gccfd/gnuarm/bin/../lib/gcc/arm-elf/4.0.2/../../../../arm-elf/lib/thumb/interwork/libc.a(wcsrtombs.o)
                0x001047d8                _wcsrtombs_r
                0x001048b0                wcsrtombs
 .text          0x001048d8      0x2a8 /cygdrive/c/gccfd/gnuarm/bin/../lib/gcc/arm-elf/4.0.2/../../../../arm-elf/lib/thumb/interwork/libc.a(wctomb_r.o)
                0x001048d8                _wctomb_r
 .text          0x00104b80       0xa8 /cygdrive/c/gccfd/gnuarm/bin/../lib/gcc/arm-elf/4.0.2/../../../../arm-elf/lib/thumb/interwork/libc.a(wsetup.o)
                0x00104b80                __swsetup
 .text          0x00104c28      0xf08 /cygdrive/c/gccfd/gnuarm/bin/../lib/gcc/arm-elf/4.0.2/../../../../arm-elf/lib/thumb/interwork/libc.a(dtoa.o)
                0x00104d78                _dtoa_r
 .text          0x00105b30       0x90 /cygdrive/c/gccfd/gnuarm/bin/../lib/gcc/arm-elf/4.0.2/../../../../arm-elf/lib/thumb/interwork/libc.a(fflush.o)
                0x00105b30                fflush
 .text          0x00105bc0      0x1c0 /cygdrive/c/gccfd/gnuarm/bin/../lib/gcc/arm-elf/4.0.2/../../../../arm-elf/lib/thumb/interwork/libc.a(findfp.o)
                0x00105c60                __sinit
                0x00105bf8                __sfmoreglue
                0x00105c44                _cleanup
                0x00105c34                _cleanup_r
                0x00105d50                __fp_lock_all
                0x00105c2c                __sfp_lock_acquire
                0x00105cbc                __sfp
                0x00105c5c                __sinit_lock_release
                0x00105d68                __fp_unlock_all
                0x00105c30                __sfp_lock_release
                0x00105c58                __sinit_lock_acquire
 .text          0x00105d80      0x260 /cygdrive/c/gccfd/gnuarm/bin/../lib/gcc/arm-elf/4.0.2/../../../../arm-elf/lib/thumb/interwork/libc.a(freer.o)
                0x00105e20                _free_r
                0x00105d80                _malloc_trim_r
 .text          0x00105fe0      0x2a8 /cygdrive/c/gccfd/gnuarm/bin/../lib/gcc/arm-elf/4.0.2/../../../../arm-elf/lib/thumb/interwork/libc.a(fvwrite.o)
                0x00105fe0                __sfvwrite
 .text          0x00106288       0xe0 /cygdrive/c/gccfd/gnuarm/bin/../lib/gcc/arm-elf/4.0.2/../../../../arm-elf/lib/thumb/interwork/libc.a(fwalk.o)
                0x00106288                _fwalk
                0x001062f4                _fwalk_reent
 .text          0x00106368       0x80 /cygdrive/c/gccfd/gnuarm/bin/../lib/gcc/arm-elf/4.0.2/../../../../arm-elf/lib/thumb/interwork/libc.a(locale.o)
                0x00106368                _setlocale_r
                0x001063a4                __locale_charset
                0x001063b0                _localeconv_r
                0x001063b8                setlocale
                0x001063d4                localeconv
 .text          0x001063e8       0xe0 /cygdrive/c/gccfd/gnuarm/bin/../lib/gcc/arm-elf/4.0.2/../../../../arm-elf/lib/thumb/interwork/libc.a(makebuf.o)
                0x001063e8                __smakebuf
 .text          0x001064c8      0x548 /cygdrive/c/gccfd/gnuarm/bin/../lib/gcc/arm-elf/4.0.2/../../../../arm-elf/lib/thumb/interwork/libc.a(mallocr.o)
                0x001064c8                _malloc_r
 .text          0x00106a10       0x90 /cygdrive/c/gccfd/gnuarm/bin/../lib/gcc/arm-elf/4.0.2/../../../../arm-elf/lib/thumb/interwork/libc.a(memchr.o)
                0x00106a10                memchr
 .text          0x00106aa0       0x90 /cygdrive/c/gccfd/gnuarm/bin/../lib/gcc/arm-elf/4.0.2/../../../../arm-elf/lib/thumb/interwork/libc.a(memmove.o)
                0x00106aa0                memmove
 .text          0x00106b30        0x8 /cygdrive/c/gccfd/gnuarm/bin/../lib/gcc/arm-elf/4.0.2/../../../../arm-elf/lib/thumb/interwork/libc.a(mlock.o)
                0x00106b34                __malloc_unlock
                0x00106b30                __malloc_lock
 .text          0x00106b38      0x8ec /cygdrive/c/gccfd/gnuarm/bin/../lib/gcc/arm-elf/4.0.2/../../../../arm-elf/lib/thumb/interwork/libc.a(mprec.o)
                0x001073e0                _mprec_log10
                0x00106ce4                _hi0bits
                0x00106b38                _Balloc
                0x001072a4                _d2b
                0x00106db0                _multiply
                0x0010738c                _ratio
                0x00106c44                _s2b
                0x00106d98                _i2b
                0x00106d2c                _lo0bits
                0x00107050                __mcmp
                0x00106efc                _pow5mult
                0x0010718c                _ulp
                0x001071e0                _b2d
                0x00106ba8                _multadd
                0x00107094                __mdiff
                0x00106f9c                _lshift
                0x00106b90                _Bfree
 .text          0x00107424      0x3ac /cygdrive/c/gccfd/gnuarm/bin/../lib/gcc/arm-elf/4.0.2/../../../../arm-elf/lib/thumb/interwork/libc.a(reallocr.o)
                0x00107424                _realloc_r
 .text          0x001077d0       0x24 /cygdrive/c/gccfd/gnuarm/bin/../lib/gcc/arm-elf/4.0.2/../../../../arm-elf/lib/thumb/interwork/libc.a(s_isinf.o)
                0x001077d0                isinf
 .text          0x001077f4       0x1c /cygdrive/c/gccfd/gnuarm/bin/../lib/gcc/arm-elf/4.0.2/../../../../arm-elf/lib/thumb/interwork/libc.a(s_isnan.o)
                0x001077f4                isnan
 .text          0x00107810       0x28 /cygdrive/c/gccfd/gnuarm/bin/../lib/gcc/arm-elf/4.0.2/../../../../arm-elf/lib/thumb/interwork/libc.a(sbrkr.o)
                0x00107810                _sbrk_r
 .text          0x00107838       0xe4 /cygdrive/c/gccfd/gnuarm/bin/../lib/gcc/arm-elf/4.0.2/../../../../arm-elf/lib/thumb/interwork/libc.a(stdio.o)
                0x001078c0                __sseek
                0x00107838                __sread
                0x00107900                __sclose
                0x00107874                __swrite
 .text          0x0010791c       0x88 /cygdrive/c/gccfd/gnuarm/bin/../lib/gcc/arm-elf/4.0.2/../../../../arm-elf/lib/thumb/interwork/libc.a(strcmp.o)
                0x0010791c                strcmp
 .text          0x001079a4      0x504 /cygdrive/c/gccfd/gnuarm/bin/../lib/gcc/arm-elf/4.0.2/../../../../arm-elf/lib/thumb/interwork/libc.a(syscalls.o)
                0x00107a10                _getpid
                0x00107ad8                initialise_monitor_handles
                0x00107aa8                isatty
                0x00107a4c                _fstat
                0x00107d5c                _open
                0x00107a14                _sbrk
                0x00107a80                _raise
                0x00107a84                _times
                0x00107d70                _stat
                0x00107cc0                _lseek
                0x00107a70                _link
                0x00107c14                _swiwrite
                0x00107ac4                _rename
                0x00107b88                _swilseek
                0x00107c3c                _swiclose
                0x00107cd0                _swiopen
                0x00107a78                _unlink
                0x00107dac                _write
                0x00107e60                _kill
                0x00107e7c                _gettimeofday
                0x00107dfc                _read
                0x00107e48                _exit
                0x00107aac                _system
                0x00107b60                _swiread
                0x00107cb0                _close
 .text          0x00107ea8       0x2c /cygdrive/c/gccfd/gnuarm/bin/../lib/gcc/arm-elf/4.0.2/../../../../arm-elf/lib/thumb/interwork/libc.a(writer.o)
                0x00107ea8                _write_r
 .text          0x00107ed4       0x64 /cygdrive/c/gccfd/gnuarm/bin/../lib/gcc/arm-elf/4.0.2/../../../../arm-elf/lib/thumb/interwork/libc.a(callocr.o)
                0x00107ed4                _calloc_r
 .text          0x00107f38       0x28 /cygdrive/c/gccfd/gnuarm/bin/../lib/gcc/arm-elf/4.0.2/../../../../arm-elf/lib/thumb/interwork/libc.a(closer.o)
                0x00107f38                _close_r
 .text          0x00107f60        0xc /cygdrive/c/gccfd/gnuarm/bin/../lib/gcc/arm-elf/4.0.2/../../../../arm-elf/lib/thumb/interwork/libc.a(errno.o)
                0x00107f60                __errno
 .text          0x00107f6c       0xbc /cygdrive/c/gccfd/gnuarm/bin/../lib/gcc/arm-elf/4.0.2/../../../../arm-elf/lib/thumb/interwork/libc.a(fclose.o)
                0x00107f6c                _fclose_r
                0x00108010                fclose
 .text          0x00108028       0x2c /cygdrive/c/gccfd/gnuarm/bin/../lib/gcc/arm-elf/4.0.2/../../../../arm-elf/lib/thumb/interwork/libc.a(fstatr.o)
                0x00108028                _fstat_r
 .text          0x00108054       0x2c /cygdrive/c/gccfd/gnuarm/bin/../lib/gcc/arm-elf/4.0.2/../../../../arm-elf/lib/thumb/interwork/libc.a(lseekr.o)
                0x00108054                _lseek_r
 .text          0x00108080       0x2c /cygdrive/c/gccfd/gnuarm/bin/../lib/gcc/arm-elf/4.0.2/../../../../arm-elf/lib/thumb/interwork/libc.a(readr.o)
                0x00108080                _read_r
 .text          0x001080ac       0x8c /cygdrive/c/gccfd/gnuarm/bin/../lib/gcc/arm-elf/4.0.2/thumb/interwork/libgcc.a(_udivsi3.o)
                0x001080ac                __udivsi3
                0x00108128                __aeabi_uidivmod
 .text          0x00108138       0xa4 /cygdrive/c/gccfd/gnuarm/bin/../lib/gcc/arm-elf/4.0.2/thumb/interwork/libgcc.a(_divsi3.o)
                0x00108138                __divsi3
                0x001081cc                __aeabi_idivmod
 .text          0x001081dc       0xc8 /cygdrive/c/gccfd/gnuarm/bin/../lib/gcc/arm-elf/4.0.2/thumb/interwork/libgcc.a(_umodsi3.o)
                0x001081dc                __umodsi3
 .text          0x001082a4       0xd8 /cygdrive/c/gccfd/gnuarm/bin/../lib/gcc/arm-elf/4.0.2/thumb/interwork/libgcc.a(_modsi3.o)
                0x001082a4                __modsi3
 .text          0x0010837c        0x4 /cygdrive/c/gccfd/gnuarm/bin/../lib/gcc/arm-elf/4.0.2/thumb/interwork/libgcc.a(_dvmd_tls.o)
                0x0010837c                __aeabi_ldiv0
                0x0010837c                __div0
                0x0010837c                __aeabi_idiv0
 .text          0x00108380      0x430 /cygdrive/c/gccfd/gnuarm/bin/../lib/gcc/arm-elf/4.0.2/thumb/interwork/libgcc.a(_addsubdf3.o)
                0x00108744                __floatdidf
                0x001086c4                __floatsidf
                0x0010869c                __aeabi_ui2d
                0x00108380                __aeabi_drsub
                0x001086f0                __extendsfdf2
                0x0010838c                __adddf3
                0x0010869c                __floatunsidf
                0x0010838c                __aeabi_dadd
                0x00108730                __aeabi_ul2d
                0x00108388                __aeabi_dsub
                0x00108730                __floatundidf
                0x001086c4                __aeabi_i2d
                0x00108744                __aeabi_l2d
                0x001086f0                __aeabi_f2d
                0x00108388                __subdf3
 .text          0x001087b0      0x49c /cygdrive/c/gccfd/gnuarm/bin/../lib/gcc/arm-elf/4.0.2/thumb/interwork/libgcc.a(_muldivdf3.o)
                0x00108a40                __aeabi_ddiv
                0x001087b0                __aeabi_dmul
                0x00108a40                __divdf3
                0x001087b0                __muldf3
 .text          0x00108c4c      0x140 /cygdrive/c/gccfd/gnuarm/bin/../lib/gcc/arm-elf/4.0.2/thumb/interwork/libgcc.a(_cmpdf2.o)
                0x00108d44                __aeabi_dcmple
                0x00108c5c                __cmpdf2
                0x00108c5c                __eqdf2
                0x00108c4c                __gtdf2
                0x00108cfc                __aeabi_cdcmple
                0x00108ce0                __aeabi_cdrcmple
                0x00108c54                __ltdf2
                0x00108d2c                __aeabi_dcmplt
                0x00108c54                __ledf2
                0x00108d74                __aeabi_dcmpgt
                0x00108d5c                __aeabi_dcmpge
                0x00108c5c                __nedf2
                0x00108d14                __aeabi_dcmpeq
                0x00108cfc                __aeabi_cdcmpeq
                0x00108c4c                __gedf2
 .text          0x00108d8c       0x5c /cygdrive/c/gccfd/gnuarm/bin/../lib/gcc/arm-elf/4.0.2/thumb/interwork/libgcc.a(_fixdfsi.o)
                0x00108d8c                __fixdfsi
                0x00108d8c                __aeabi_d2iz
 *(.gnu.linkonce.t.*)
 *(.glue_7t .glue_7)
 .glue_7        0x00108de8       0x3c /cygdrive/c/gccfd/gnuarm/bin/../lib/gcc/arm-elf/4.0.2/../../../../arm-elf/lib/thumb/interwork/libc.a(reent.o)
                0x00108e00                __xQueueSendFromISR_from_arm
                0x00108e0c                ____udivsi3_from_arm
                0x00108df4                __vTaskIncrementTick_from_arm
                0x00108e18                __AT91F_AIC_AcknowledgeIt_from_arm
                0x00108de8                __vTaskSwitchContext_from_arm
 .glue_7t       0x00108e24       0x80 /cygdrive/c/gccfd/gnuarm/bin/../lib/gcc/arm-elf/4.0.2/../../../../arm-elf/lib/thumb/interwork/libc.a(reent.o)
                0x00108e28                __vPortEnterCritical_change_to_arm
                0x00108e94                ____gtdf2_from_thumb
                0x00108e64                ____subdf3_from_thumb
                0x00108e60                ____ltdf2_change_to_arm
                0x00108e68                ____subdf3_change_to_arm
                0x00108e30                __vPortExitCritical_change_to_arm
                0x00108ea0                ____gedf2_change_to_arm
                0x00108e3c                __vPortISRStartFirstTask_from_thumb
                0x00108e4c                ____eqdf2_from_thumb
                0x00108e84                ____fixdfsi_from_thumb
                0x00108e34                __vPortDisableInterruptsFromThumb_from_thumb
                0x00108e90                ____divdf3_change_to_arm
                0x00108e9c                ____gedf2_from_thumb
                0x00108e2c                __vPortExitCritical_from_thumb
                0x00108e70                ____muldf3_change_to_arm
                0x00108e88                ____fixdfsi_change_to_arm
                0x00108e8c                ____divdf3_from_thumb
                0x00108e78                ____adddf3_change_to_arm
                0x00108e48                __enableIRQ_change_to_arm
                0x00108e98                ____gtdf2_change_to_arm
                0x00108e44                __enableIRQ_from_thumb
                0x00108e24                __vPortEnterCritical_from_thumb
                0x00108e7c                ____floatsidf_from_thumb
                0x00108e5c                ____ltdf2_from_thumb
                0x00108e40                __vPortISRStartFirstTask_change_to_arm
                0x00108e58                ____nedf2_change_to_arm
                0x00108e74                ____adddf3_from_thumb
                0x00108e38                __vPortDisableInterruptsFromThumb_change_to_arm
                0x00108e50                ____eqdf2_change_to_arm
                0x00108e6c                ____muldf3_from_thumb
                0x00108e54                ____nedf2_from_thumb
                0x00108e80                ____floatsidf_change_to_arm
 *(.fini)
 *(.gcc_except_table)
                0x00108ea4                . = ALIGN (0x4)

.ctors          0x00108ea4        0x0
                0x00108ea4                PROVIDE (__ctors_start__, .)
 *(SORT(.ctors.*))
 *(.ctors)
                0x00108ea4                PROVIDE (__ctors_end__, .)

.dtors          0x00108ea4        0x0
                0x00108ea4                PROVIDE (__dtors_start__, .)
 *(SORT(.dtors.*))
 *(.dtors)
                0x00108ea4                PROVIDE (__dtors_end__, .)

.rodata         0x00108ea4      0x644
 *(.rodata .rodata.*)
 .rodata.str1.4
                0x00108ea4       0x1d main.o
                                 0x20 (size before relaxing)
 *fill*         0x00108ec1        0x3 00
 .rodata.str1.4
                0x00108ec4        0x5 FreeRTOS/Source/tasks.o
                                  0x8 (size before relaxing)
 *fill*         0x00108ec9        0x3 00
 .rodata.str1.4
                0x00108ecc      0x15f cfi/source/usb_comm.o
                                0x160 (size before relaxing)
 .rodata.pxConfigDescriptor
                0x0010902b       0x43 cfi/source/USB-CDC.o
                0x0010902b                pxConfigDescriptor
 .rodata.pxDeviceDescriptor
                0x0010906e       0x12 cfi/source/USB-CDC.o
                0x0010906e                pxDeviceDescriptor
 .rodata.pxInterfaceStringDescriptor
                0x00109080       0x1e cfi/source/USB-CDC.o
                0x00109080                pxInterfaceStringDescriptor
 .rodata.pxConfigurationStringDescriptor
                0x0010909e       0x26 cfi/source/USB-CDC.o
                0x0010909e                pxConfigurationStringDescriptor
 .rodata.pxProductStringDescriptor
                0x001090c4       0x24 cfi/source/USB-CDC.o
                0x001090c4                pxProductStringDescriptor
 .rodata.pxManufacturerStringDescriptor
                0x001090e8       0x12 cfi/source/USB-CDC.o
                0x001090e8                pxManufacturerStringDescriptor
 .rodata.pxLanguageStringDescriptor
                0x001090fa        0x4 cfi/source/USB-CDC.o
                0x001090fa                pxLanguageStringDescriptor
 .rodata.pxLineCoding
                0x001090fe        0x7 cfi/source/USB-CDC.o
 *fill*         0x00109105        0x3 00
 .rodata.vUSBCDCTask
                0x00109108       0x3c cfi/source/USB-CDC.o
 .rodata        0x00109144      0x18c /cygdrive/c/gccfd/gnuarm/bin/../lib/gcc/arm-elf/4.0.2/../../../../arm-elf/lib/thumb/interwork/libc.a(vfprintf.o)
 .rodata.str1.4
                0x001092d0       0x62 /cygdrive/c/gccfd/gnuarm/bin/../lib/gcc/arm-elf/4.0.2/../../../../arm-elf/lib/thumb/interwork/libc.a(vfprintf.o)
                                 0x64 (size before relaxing)
 *fill*         0x00109332        0x2 00
 .rodata.str1.4
                0x00109334       0x1e /cygdrive/c/gccfd/gnuarm/bin/../lib/gcc/arm-elf/4.0.2/../../../../arm-elf/lib/thumb/interwork/libc.a(wctomb_r.o)
                                 0x20 (size before relaxing)
 *fill*         0x00109352        0x2 00
 .rodata.str1.4
                0x00109354       0x10 /cygdrive/c/gccfd/gnuarm/bin/../lib/gcc/arm-elf/4.0.2/../../../../arm-elf/lib/thumb/interwork/libc.a(dtoa.o)
                                 0x14 (size before relaxing)
 .rodata        0x00109364       0x18 /cygdrive/c/gccfd/gnuarm/bin/../lib/gcc/arm-elf/4.0.2/../../../../arm-elf/lib/thumb/interwork/libc.a(dtoa.o)
 .rodata        0x0010937c        0x4 /cygdrive/c/gccfd/gnuarm/bin/../lib/gcc/arm-elf/4.0.2/../../../../arm-elf/lib/thumb/interwork/libc.a(impure.o)
                0x0010937c                _global_impure_ptr
 .rodata.str1.4
                0x00109380        0x2 /cygdrive/c/gccfd/gnuarm/bin/../lib/gcc/arm-elf/4.0.2/../../../../arm-elf/lib/thumb/interwork/libc.a(impure.o)
                                  0x4 (size before relaxing)
 *fill*         0x00109382        0x2 00
 .rodata.str1.4
                0x00109384        0xb /cygdrive/c/gccfd/gnuarm/bin/../lib/gcc/arm-elf/4.0.2/../../../../arm-elf/lib/thumb/interwork/libc.a(locale.o)
                                 0x18 (size before relaxing)
 *fill*         0x0010938f        0x1 00
 .rodata        0x00109390       0x30 /cygdrive/c/gccfd/gnuarm/bin/../lib/gcc/arm-elf/4.0.2/../../../../arm-elf/lib/thumb/interwork/libc.a(locale.o)
 .rodata        0x001093c0      0x124 /cygdrive/c/gccfd/gnuarm/bin/../lib/gcc/arm-elf/4.0.2/../../../../arm-elf/lib/thumb/interwork/libc.a(mprec.o)
                0x001093c0                __mprec_tinytens
                0x00109410                __mprec_tens
                0x001093e8                __mprec_bigtens
 .rodata.str1.4
                0x001094e4        0x4 /cygdrive/c/gccfd/gnuarm/bin/../lib/gcc/arm-elf/4.0.2/../../../../arm-elf/lib/thumb/interwork/libc.a(syscalls.o)
 *(.gnu.linkonce.r.*)
                0x001094e8                . = ALIGN (0x4)
                0x001094e8                _etext = .
                0x001094e8                PROVIDE (etext, .)

.data           0x00200000      0x880 load address 0x001094e8
                0x00200000                _data = .
 *(.vectram)
 .vectram       0x00200000       0x58 startup_SAM7S.o
 *(.data)
 .data          0x00200058      0x404 /cygdrive/c/gccfd/gnuarm/bin/../lib/gcc/arm-elf/4.0.2/../../../../arm-elf/lib/thumb/interwork/libc.a(impure.o)
                0x00200458                _impure_ptr
 .data          0x0020045c       0x14 /cygdrive/c/gccfd/gnuarm/bin/../lib/gcc/arm-elf/4.0.2/../../../../arm-elf/lib/thumb/interwork/libc.a(locale.o)
                0x00200468                __mb_cur_max
                0x0020045c                __lc_ctype
 .data          0x00200470      0x410 /cygdrive/c/gccfd/gnuarm/bin/../lib/gcc/arm-elf/4.0.2/../../../../arm-elf/lib/thumb/interwork/libc.a(mallocr.o)
                0x00200470                __malloc_sbrk_base
                0x00200478                __malloc_av_
                0x00200474                __malloc_trim_threshold
                0x00200880                . = ALIGN (0x4)
 *(.fastrun)

.data.ulCriticalNesting
                0x00200880        0x4 load address 0x00109d68
 .data.ulCriticalNesting
                0x00200880        0x4 FreeRTOS/Source/portable/GCC/ARM7_AT91SAM7S/portISR.o
                0x00200880                ulCriticalNesting
                0x00200884                . = ALIGN (0x4)
                0x00200884                _edata = .
                0x00200884                PROVIDE (edata, .)

.bss            0x00200884      0x900
                0x00200884                __bss_start = .
                0x00200884                __bss_start__ = .
 *(.bss)
 .bss           0x00200884       0x34 /cygdrive/c/gccfd/gnuarm/bin/../lib/gcc/arm-elf/4.0.2/../../../../arm-elf/lib/thumb/interwork/libc.a(mallocr.o)
                0x002008b4                __malloc_top_pad
                0x002008b0                __malloc_max_sbrked_mem
                0x00200884                __malloc_current_mallinfo
                0x002008ac                __malloc_max_total_mem
 .bss           0x002008b8       0xb0 /cygdrive/c/gccfd/gnuarm/bin/../lib/gcc/arm-elf/4.0.2/../../../../arm-elf/lib/thumb/interwork/libc.a(syscalls.o)
 *(COMMON)
 COMMON         0x00200968      0x814 cfi/source/runtime.o
                0x00200968                debugMsg
                0x002009cc                xOnRevolutionHandle
                0x002009d0                g_lastCrankRevolutionPeriodRaw
                0x002009d4                g_currentRPM
                0x002009d8                g_currentDwellDegrees
                0x002009dc                g_active_ignition_config
                0x00200fc4                g_currentDwellUSec
                0x00200fc8                g_wheelSyncAttempts
                0x00200fcc                g_currentTooth
                0x00200fd0                g_selected_ignition_config
                0x00200fd4                g_currentLoad
                0x00200fd8                g_lastCrankRevolutionPeriodUSec
                0x00200fdc                g_wheelSynchronized
                0x00200fe0                g_currentToothPeriodOverflowCount
                0x00200fe4                g_lastInterToothPeriodRaw
                0x00200fe8                g_currentRPMBin
                0x00200fec                g_coilDriversToCharge
                0x00200ff0                g_currentAdvance
                0x00200ff4                g_logical_coil_drivers
                0x002010f4                g_currentLoadBin
                0x002010f8                g_output_state
                0x00201114                g_selectedIgnitionConfigIndex
                0x00201118                g_engineIsRunning
                0x0020111c                g_currentCrankRevolutionPeriodRaw
                0x00201120                g_coilDriversToFire
                0x00201124                g_active_logical_coil_drivers
                0x00201128                g_toothCountAtLastSyncAttempt
                0x0020112c                g_active_engine_config
                0x00201178                g_logicalCoilDriverCount
 COMMON         0x0020117c        0x4 cfi/source/USB-CDC.o
                0x0020117c                xUSBInterruptQueue
 COMMON         0x00201180        0x4 /cygdrive/c/gccfd/gnuarm/bin/../lib/gcc/arm-elf/4.0.2/../../../../arm-elf/lib/thumb/interwork/libc.a(reent.o)
                0x00201180                errno

.bss.ulNextMessage.2587
                0x00201184        0x4
 .bss.ulNextMessage.2587
                0x00201184        0x4 cfi/source/USBIsr.o

.bss.xISRMessages
                0x00201188       0x40
 .bss.xISRMessages
                0x00201188       0x40 cfi/source/USBIsr.o

.bss.pxCurrentTCB
                0x002011c8        0x4
 .bss.pxCurrentTCB
                0x002011c8        0x4 FreeRTOS/Source/tasks.o
                0x002011c8                pxCurrentTCB

.bss.xMissedYield
                0x002011cc        0x4
 .bss.xMissedYield
                0x002011cc        0x4 FreeRTOS/Source/tasks.o

.bss.xTickCount
                0x002011d0        0x4
 .bss.xTickCount
                0x002011d0        0x4 FreeRTOS/Source/tasks.o

.bss.xNumOfOverflows
                0x002011d4        0x4
 .bss.xNumOfOverflows
                0x002011d4        0x4 FreeRTOS/Source/tasks.o

.bss.uxTopReadyPriority
                0x002011d8        0x4
 .bss.uxTopReadyPriority
                0x002011d8        0x4 FreeRTOS/Source/tasks.o

.bss.uxSchedulerSuspended
                0x002011dc        0x4
 .bss.uxSchedulerSuspended
                0x002011dc        0x4 FreeRTOS/Source/tasks.o

.bss.uxMissedTicks
                0x002011e0        0x4
 .bss.uxMissedTicks
                0x002011e0        0x4 FreeRTOS/Source/tasks.o

.bss.uxCurrentNumberOfTasks
                0x002011e4        0x4
 .bss.uxCurrentNumberOfTasks
                0x002011e4        0x4 FreeRTOS/Source/tasks.o

.bss.xSchedulerRunning
                0x002011e8        0x4
 .bss.xSchedulerRunning
                0x002011e8        0x4 FreeRTOS/Source/tasks.o

.bss.uxTopUsedPriority
                0x002011ec        0x4
 .bss.uxTopUsedPriority
                0x002011ec        0x4 FreeRTOS/Source/tasks.o

.bss.uxTaskNumber.3709
                0x002011f0        0x4
 .bss.uxTaskNumber.3709
                0x002011f0        0x4 FreeRTOS/Source/tasks.o

.bss.xSuspendedTaskList
                0x002011f4       0x14
 .bss.xSuspendedTaskList
                0x002011f4       0x14 FreeRTOS/Source/tasks.o

.bss.xPendingReadyList
                0x00201208       0x14
 .bss.xPendingReadyList
                0x00201208       0x14 FreeRTOS/Source/tasks.o

.bss.pxOverflowDelayedTaskList
                0x0020121c        0x4
 .bss.pxOverflowDelayedTaskList
                0x0020121c        0x4 FreeRTOS/Source/tasks.o

.bss.pxDelayedTaskList
                0x00201220        0x4
 .bss.pxDelayedTaskList
                0x00201220        0x4 FreeRTOS/Source/tasks.o

.bss.xDelayedTaskList2
                0x00201224       0x14
 .bss.xDelayedTaskList2
                0x00201224       0x14 FreeRTOS/Source/tasks.o

.bss.xDelayedTaskList1
                0x00201238       0x14
 .bss.xDelayedTaskList1
                0x00201238       0x14 FreeRTOS/Source/tasks.o

.bss.pxReadyTasksLists
                0x0020124c       0x64
 .bss.pxReadyTasksLists
                0x0020124c       0x64 FreeRTOS/Source/tasks.o

.bss.xHeapHasBeenInitialised.3010
                0x002012b0        0x4
 .bss.xHeapHasBeenInitialised.3010
                0x002012b0        0x4 FreeRTOS/Source/portable/MemMang/heap_2.o

.bss.xEnd       0x002012b4        0x8
 .bss.xEnd      0x002012b4        0x8 FreeRTOS/Source/portable/MemMang/heap_2.o

.bss.xStart     0x002012bc        0x8
 .bss.xStart    0x002012bc        0x8 FreeRTOS/Source/portable/MemMang/heap_2.o

.bss.xHeap      0x002012c4     0x2714
 .bss.xHeap     0x002012c4     0x2714 FreeRTOS/Source/portable/MemMang/heap_2.o

.bss.usbIntefacedInitialized
                0x002039d8        0x4
 .bss.usbIntefacedInitialized
                0x002039d8        0x4 cfi/source/USB-CDC.o

.bss.eDriverState
                0x002039dc        0x4
 .bss.eDriverState
                0x002039dc        0x4 cfi/source/USB-CDC.o

.bss.ucUSBConfig
                0x002039e0        0x1
 .bss.ucUSBConfig
                0x002039e0        0x1 cfi/source/USB-CDC.o

.bss.ulReceivedAddress
                0x002039e4        0x4
 .bss.ulReceivedAddress
                0x002039e4        0x4 cfi/source/USB-CDC.o

.bss.xRequest.3556
                0x002039e8        0x8
 .bss.xRequest.3556
                0x002039e8        0x8 cfi/source/USB-CDC.o

.bss.uiCurrentBank
                0x002039f0        0x4
 .bss.uiCurrentBank
                0x002039f0        0x4 cfi/source/USB-CDC.o

.bss.ucControlState
                0x002039f4        0x1
 .bss.ucControlState
                0x002039f4        0x1 cfi/source/USB-CDC.o

.bss.xTxCDC     0x002039f8        0x4
 .bss.xTxCDC    0x002039f8        0x4 cfi/source/USB-CDC.o

.bss.xRxCDC     0x002039fc        0x4
 .bss.xRxCDC    0x002039fc        0x4 cfi/source/USB-CDC.o

.bss.pxControlRx
                0x00203a00       0x88
 .bss.pxControlRx
                0x00203a00       0x88 cfi/source/USB-CDC.o

.bss.pxControlTx
                0x00203a88       0x88
 .bss.pxControlTx
                0x00203a88       0x88 cfi/source/USB-CDC.o
                0x00203b10                . = ALIGN (0x4)
                0x00203b10                __bss_end__ = .
                0x00203b10                __bss_end__ = .
                0x00203b10                _end = .
                0x00203b10                PROVIDE (end, .)
                0x00203b10                . = ALIGN (0x4)

.int_data
 *(.internal_ram_top)

.stab
 *(.stab)

.stabstr
 *(.stabstr)

.stab.excl
 *(.stab.excl)

.stab.exclstr
 *(.stab.exclstr)

.stab.index
 *(.stab.index)

.stab.indexstr
 *(.stab.indexstr)

.comment        0x00000000      0x3f0
 *(.comment)
 .comment       0x00000000       0x12 FreeRTOS/Source/portable/GCC/ARM7_AT91SAM7S/portISR.o
 .comment       0x00000012       0x12 interrupt_utils.o
 .comment       0x00000024       0x12 blinker.o
 .comment       0x00000036       0x12 cfi/source/USBIsr.o
 .comment       0x00000048       0x12 cfi/source/triggerWheelIsr.o
 .comment       0x0000005a       0x12 main.o
 .comment       0x0000006c       0x12 hardware/lib_AT91SAM7S256.o
 .comment       0x0000007e       0x12 FreeRTOS/Source/tasks.o
 .comment       0x00000090       0x12 FreeRTOS/Source/queue.o
 .comment       0x000000a2       0x12 FreeRTOS/Source/list.o
 .comment       0x000000b4       0x12 FreeRTOS/Source/portable/MemMang/heap_2.o
 .comment       0x000000c6       0x12 FreeRTOS/Source/portable/GCC/ARM7_AT91SAM7S/port.o
 .comment       0x000000d8       0x12 cfi/source/runtime.o
 .comment       0x000000ea       0x12 led_debug.o
 .comment       0x000000fc       0x12 cfi/source/usb_comm.o
 .comment       0x0000010e       0x12 cfi/source/USB-CDC.o
 .comment       0x00000120       0x12 /cygdrive/c/gccfd/gnuarm/bin/../lib/gcc/arm-elf/4.0.2/../../../../arm-elf/lib/thumb/interwork/libc.a(memcpy.o)
 .comment       0x00000132       0x12 /cygdrive/c/gccfd/gnuarm/bin/../lib/gcc/arm-elf/4.0.2/../../../../arm-elf/lib/thumb/interwork/libc.a(memset.o)
 .comment       0x00000144       0x12 /cygdrive/c/gccfd/gnuarm/bin/../lib/gcc/arm-elf/4.0.2/../../../../arm-elf/lib/thumb/interwork/libc.a(sprintf.o)
 .comment       0x00000156       0x12 /cygdrive/c/gccfd/gnuarm/bin/../lib/gcc/arm-elf/4.0.2/../../../../arm-elf/lib/thumb/interwork/libc.a(strlen.o)
 .comment       0x00000168       0x12 /cygdrive/c/gccfd/gnuarm/bin/../lib/gcc/arm-elf/4.0.2/../../../../arm-elf/lib/thumb/interwork/libc.a(strncpy.o)
 .comment       0x0000017a       0x12 /cygdrive/c/gccfd/gnuarm/bin/../lib/gcc/arm-elf/4.0.2/../../../../arm-elf/lib/thumb/interwork/libc.a(vfprintf.o)
 .comment       0x0000018c       0x12 /cygdrive/c/gccfd/gnuarm/bin/../lib/gcc/arm-elf/4.0.2/../../../../arm-elf/lib/thumb/interwork/libc.a(wcrtomb.o)
 .comment       0x0000019e       0x12 /cygdrive/c/gccfd/gnuarm/bin/../lib/gcc/arm-elf/4.0.2/../../../../arm-elf/lib/thumb/interwork/libc.a(wcsrtombs.o)
 .comment       0x000001b0       0x12 /cygdrive/c/gccfd/gnuarm/bin/../lib/gcc/arm-elf/4.0.2/../../../../arm-elf/lib/thumb/interwork/libc.a(wctomb_r.o)
 .comment       0x000001c2       0x12 /cygdrive/c/gccfd/gnuarm/bin/../lib/gcc/arm-elf/4.0.2/../../../../arm-elf/lib/thumb/interwork/libc.a(wsetup.o)
 .comment       0x000001d4       0x12 /cygdrive/c/gccfd/gnuarm/bin/../lib/gcc/arm-elf/4.0.2/../../../../arm-elf/lib/thumb/interwork/libc.a(dtoa.o)
 .comment       0x000001e6       0x12 /cygdrive/c/gccfd/gnuarm/bin/../lib/gcc/arm-elf/4.0.2/../../../../arm-elf/lib/thumb/interwork/libc.a(fflush.o)
 .comment       0x000001f8       0x12 /cygdrive/c/gccfd/gnuarm/bin/../lib/gcc/arm-elf/4.0.2/../../../../arm-elf/lib/thumb/interwork/libc.a(findfp.o)
 .comment       0x0000020a       0x12 /cygdrive/c/gccfd/gnuarm/bin/../lib/gcc/arm-elf/4.0.2/../../../../arm-elf/lib/thumb/interwork/libc.a(freer.o)
 .comment       0x0000021c       0x12 /cygdrive/c/gccfd/gnuarm/bin/../lib/gcc/arm-elf/4.0.2/../../../../arm-elf/lib/thumb/interwork/libc.a(fvwrite.o)
 .comment       0x0000022e       0x12 /cygdrive/c/gccfd/gnuarm/bin/../lib/gcc/arm-elf/4.0.2/../../../../arm-elf/lib/thumb/interwork/libc.a(fwalk.o)
 .comment       0x00000240       0x12 /cygdrive/c/gccfd/gnuarm/bin/../lib/gcc/arm-elf/4.0.2/../../../../arm-elf/lib/thumb/interwork/libc.a(impure.o)
 .comment       0x00000252       0x12 /cygdrive/c/gccfd/gnuarm/bin/../lib/gcc/arm-elf/4.0.2/../../../../arm-elf/lib/thumb/interwork/libc.a(locale.o)
 .comment       0x00000264       0x12 /cygdrive/c/gccfd/gnuarm/bin/../lib/gcc/arm-elf/4.0.2/../../../../arm-elf/lib/thumb/interwork/libc.a(makebuf.o)
 .comment       0x00000276       0x12 /cygdrive/c/gccfd/gnuarm/bin/../lib/gcc/arm-elf/4.0.2/../../../../arm-elf/lib/thumb/interwork/libc.a(mallocr.o)
 .comment       0x00000288       0x12 /cygdrive/c/gccfd/gnuarm/bin/../lib/gcc/arm-elf/4.0.2/../../../../arm-elf/lib/thumb/interwork/libc.a(memchr.o)
 .comment       0x0000029a       0x12 /cygdrive/c/gccfd/gnuarm/bin/../lib/gcc/arm-elf/4.0.2/../../../../arm-elf/lib/thumb/interwork/libc.a(memmove.o)
 .comment       0x000002ac       0x12 /cygdrive/c/gccfd/gnuarm/bin/../lib/gcc/arm-elf/4.0.2/../../../../arm-elf/lib/thumb/interwork/libc.a(mlock.o)
 .comment       0x000002be       0x12 /cygdrive/c/gccfd/gnuarm/bin/../lib/gcc/arm-elf/4.0.2/../../../../arm-elf/lib/thumb/interwork/libc.a(mprec.o)
 .comment       0x000002d0       0x12 /cygdrive/c/gccfd/gnuarm/bin/../lib/gcc/arm-elf/4.0.2/../../../../arm-elf/lib/thumb/interwork/libc.a(reallocr.o)
 .comment       0x000002e2       0x12 /cygdrive/c/gccfd/gnuarm/bin/../lib/gcc/arm-elf/4.0.2/../../../../arm-elf/lib/thumb/interwork/libc.a(s_isinf.o)
 .comment       0x000002f4       0x12 /cygdrive/c/gccfd/gnuarm/bin/../lib/gcc/arm-elf/4.0.2/../../../../arm-elf/lib/thumb/interwork/libc.a(s_isnan.o)
 .comment       0x00000306       0x12 /cygdrive/c/gccfd/gnuarm/bin/../lib/gcc/arm-elf/4.0.2/../../../../arm-elf/lib/thumb/interwork/libc.a(sbrkr.o)
 .comment       0x00000318       0x12 /cygdrive/c/gccfd/gnuarm/bin/../lib/gcc/arm-elf/4.0.2/../../../../arm-elf/lib/thumb/interwork/libc.a(stdio.o)
 .comment       0x0000032a       0x12 /cygdrive/c/gccfd/gnuarm/bin/../lib/gcc/arm-elf/4.0.2/../../../../arm-elf/lib/thumb/interwork/libc.a(strcmp.o)
 .comment       0x0000033c       0x12 /cygdrive/c/gccfd/gnuarm/bin/../lib/gcc/arm-elf/4.0.2/../../../../arm-elf/lib/thumb/interwork/libc.a(syscalls.o)
 .comment       0x0000034e       0x12 /cygdrive/c/gccfd/gnuarm/bin/../lib/gcc/arm-elf/4.0.2/../../../../arm-elf/lib/thumb/interwork/libc.a(writer.o)
 .comment       0x00000360       0x12 /cygdrive/c/gccfd/gnuarm/bin/../lib/gcc/arm-elf/4.0.2/../../../../arm-elf/lib/thumb/interwork/libc.a(callocr.o)
 .comment       0x00000372       0x12 /cygdrive/c/gccfd/gnuarm/bin/../lib/gcc/arm-elf/4.0.2/../../../../arm-elf/lib/thumb/interwork/libc.a(closer.o)
 .comment       0x00000384       0x12 /cygdrive/c/gccfd/gnuarm/bin/../lib/gcc/arm-elf/4.0.2/../../../../arm-elf/lib/thumb/interwork/libc.a(errno.o)
 .comment       0x00000396       0x12 /cygdrive/c/gccfd/gnuarm/bin/../lib/gcc/arm-elf/4.0.2/../../../../arm-elf/lib/thumb/interwork/libc.a(fclose.o)
 .comment       0x000003a8       0x12 /cygdrive/c/gccfd/gnuarm/bin/../lib/gcc/arm-elf/4.0.2/../../../../arm-elf/lib/thumb/interwork/libc.a(fstatr.o)
 .comment       0x000003ba       0x12 /cygdrive/c/gccfd/gnuarm/bin/../lib/gcc/arm-elf/4.0.2/../../../../arm-elf/lib/thumb/interwork/libc.a(lseekr.o)
 .comment       0x000003cc       0x12 /cygdrive/c/gccfd/gnuarm/bin/../lib/gcc/arm-elf/4.0.2/../../../../arm-elf/lib/thumb/interwork/libc.a(readr.o)
 .comment       0x000003de       0x12 /cygdrive/c/gccfd/gnuarm/bin/../lib/gcc/arm-elf/4.0.2/../../../../arm-elf/lib/thumb/interwork/libc.a(reent.o)

.debug
 *(.debug)

.line
 *(.line)

.debug_srcinfo
 *(.debug_srcinfo)

.debug_sfnames
 *(.debug_sfnames)

.debug_aranges  0x00000000      0x600
 *(.debug_aranges)
 .debug_aranges
                0x00000000       0x20 /cygdrive/c/gccfd/gnuarm/bin/../lib/gcc/arm-elf/4.0.2/../../../../arm-elf/lib/thumb/interwork/libc.a(memcpy.o)
 .debug_aranges
                0x00000020       0x20 /cygdrive/c/gccfd/gnuarm/bin/../lib/gcc/arm-elf/4.0.2/../../../../arm-elf/lib/thumb/interwork/libc.a(memset.o)
 .debug_aranges
                0x00000040       0x20 /cygdrive/c/gccfd/gnuarm/bin/../lib/gcc/arm-elf/4.0.2/../../../../arm-elf/lib/thumb/interwork/libc.a(sprintf.o)
 .debug_aranges
                0x00000060       0x20 /cygdrive/c/gccfd/gnuarm/bin/../lib/gcc/arm-elf/4.0.2/../../../../arm-elf/lib/thumb/interwork/libc.a(strlen.o)
 .debug_aranges
                0x00000080       0x20 /cygdrive/c/gccfd/gnuarm/bin/../lib/gcc/arm-elf/4.0.2/../../../../arm-elf/lib/thumb/interwork/libc.a(strncpy.o)
 .debug_aranges
                0x000000a0       0x20 /cygdrive/c/gccfd/gnuarm/bin/../lib/gcc/arm-elf/4.0.2/../../../../arm-elf/lib/thumb/interwork/libc.a(vfprintf.o)
 .debug_aranges
                0x000000c0       0x20 /cygdrive/c/gccfd/gnuarm/bin/../lib/gcc/arm-elf/4.0.2/../../../../arm-elf/lib/thumb/interwork/libc.a(wcrtomb.o)
 .debug_aranges
                0x000000e0       0x20 /cygdrive/c/gccfd/gnuarm/bin/../lib/gcc/arm-elf/4.0.2/../../../../arm-elf/lib/thumb/interwork/libc.a(wcsrtombs.o)
 .debug_aranges
                0x00000100       0x20 /cygdrive/c/gccfd/gnuarm/bin/../lib/gcc/arm-elf/4.0.2/../../../../arm-elf/lib/thumb/interwork/libc.a(wctomb_r.o)
 .debug_aranges
                0x00000120       0x20 /cygdrive/c/gccfd/gnuarm/bin/../lib/gcc/arm-elf/4.0.2/../../../../arm-elf/lib/thumb/interwork/libc.a(wsetup.o)
 .debug_aranges
                0x00000140       0x20 /cygdrive/c/gccfd/gnuarm/bin/../lib/gcc/arm-elf/4.0.2/../../../../arm-elf/lib/thumb/interwork/libc.a(dtoa.o)
 .debug_aranges
                0x00000160       0x20 /cygdrive/c/gccfd/gnuarm/bin/../lib/gcc/arm-elf/4.0.2/../../../../arm-elf/lib/thumb/interwork/libc.a(fflush.o)
 .debug_aranges
                0x00000180       0x20 /cygdrive/c/gccfd/gnuarm/bin/../lib/gcc/arm-elf/4.0.2/../../../../arm-elf/lib/thumb/interwork/libc.a(findfp.o)
 .debug_aranges
                0x000001a0       0x20 /cygdrive/c/gccfd/gnuarm/bin/../lib/gcc/arm-elf/4.0.2/../../../../arm-elf/lib/thumb/interwork/libc.a(freer.o)
 .debug_aranges
                0x000001c0       0x20 /cygdrive/c/gccfd/gnuarm/bin/../lib/gcc/arm-elf/4.0.2/../../../../arm-elf/lib/thumb/interwork/libc.a(fvwrite.o)
 .debug_aranges
                0x000001e0       0x20 /cygdrive/c/gccfd/gnuarm/bin/../lib/gcc/arm-elf/4.0.2/../../../../arm-elf/lib/thumb/interwork/libc.a(fwalk.o)
 .debug_aranges
                0x00000200       0x20 /cygdrive/c/gccfd/gnuarm/bin/../lib/gcc/arm-elf/4.0.2/../../../../arm-elf/lib/thumb/interwork/libc.a(locale.o)
 .debug_aranges
                0x00000220       0x20 /cygdrive/c/gccfd/gnuarm/bin/../lib/gcc/arm-elf/4.0.2/../../../../arm-elf/lib/thumb/interwork/libc.a(makebuf.o)
 .debug_aranges
                0x00000240       0x20 /cygdrive/c/gccfd/gnuarm/bin/../lib/gcc/arm-elf/4.0.2/../../../../arm-elf/lib/thumb/interwork/libc.a(mallocr.o)
 .debug_aranges
                0x00000260       0x20 /cygdrive/c/gccfd/gnuarm/bin/../lib/gcc/arm-elf/4.0.2/../../../../arm-elf/lib/thumb/interwork/libc.a(memchr.o)
 .debug_aranges
                0x00000280       0x20 /cygdrive/c/gccfd/gnuarm/bin/../lib/gcc/arm-elf/4.0.2/../../../../arm-elf/lib/thumb/interwork/libc.a(memmove.o)
 .debug_aranges
                0x000002a0       0x20 /cygdrive/c/gccfd/gnuarm/bin/../lib/gcc/arm-elf/4.0.2/../../../../arm-elf/lib/thumb/interwork/libc.a(mlock.o)
 .debug_aranges
                0x000002c0       0x20 /cygdrive/c/gccfd/gnuarm/bin/../lib/gcc/arm-elf/4.0.2/../../../../arm-elf/lib/thumb/interwork/libc.a(mprec.o)
 .debug_aranges
                0x000002e0       0x20 /cygdrive/c/gccfd/gnuarm/bin/../lib/gcc/arm-elf/4.0.2/../../../../arm-elf/lib/thumb/interwork/libc.a(reallocr.o)
 .debug_aranges
                0x00000300       0x20 /cygdrive/c/gccfd/gnuarm/bin/../lib/gcc/arm-elf/4.0.2/../../../../arm-elf/lib/thumb/interwork/libc.a(s_isinf.o)
 .debug_aranges
                0x00000320       0x20 /cygdrive/c/gccfd/gnuarm/bin/../lib/gcc/arm-elf/4.0.2/../../../../arm-elf/lib/thumb/interwork/libc.a(s_isnan.o)
 .debug_aranges
                0x00000340       0x20 /cygdrive/c/gccfd/gnuarm/bin/../lib/gcc/arm-elf/4.0.2/../../../../arm-elf/lib/thumb/interwork/libc.a(sbrkr.o)
 .debug_aranges
                0x00000360       0x20 /cygdrive/c/gccfd/gnuarm/bin/../lib/gcc/arm-elf/4.0.2/../../../../arm-elf/lib/thumb/interwork/libc.a(stdio.o)
 .debug_aranges
                0x00000380       0x20 /cygdrive/c/gccfd/gnuarm/bin/../lib/gcc/arm-elf/4.0.2/../../../../arm-elf/lib/thumb/interwork/libc.a(strcmp.o)
 .debug_aranges
                0x000003a0       0x20 /cygdrive/c/gccfd/gnuarm/bin/../lib/gcc/arm-elf/4.0.2/../../../../arm-elf/lib/thumb/interwork/libc.a(syscalls.o)
 .debug_aranges
                0x000003c0       0x20 /cygdrive/c/gccfd/gnuarm/bin/../lib/gcc/arm-elf/4.0.2/../../../../arm-elf/lib/thumb/interwork/libc.a(writer.o)
 .debug_aranges
                0x000003e0       0x20 /cygdrive/c/gccfd/gnuarm/bin/../lib/gcc/arm-elf/4.0.2/../../../../arm-elf/lib/thumb/interwork/libc.a(callocr.o)
 .debug_aranges
                0x00000400       0x20 /cygdrive/c/gccfd/gnuarm/bin/../lib/gcc/arm-elf/4.0.2/../../../../arm-elf/lib/thumb/interwork/libc.a(closer.o)
 .debug_aranges
                0x00000420       0x20 /cygdrive/c/gccfd/gnuarm/bin/../lib/gcc/arm-elf/4.0.2/../../../../arm-elf/lib/thumb/interwork/libc.a(errno.o)
 .debug_aranges
                0x00000440       0x20 /cygdrive/c/gccfd/gnuarm/bin/../lib/gcc/arm-elf/4.0.2/../../../../arm-elf/lib/thumb/interwork/libc.a(fclose.o)
 .debug_aranges
                0x00000460       0x20 /cygdrive/c/gccfd/gnuarm/bin/../lib/gcc/arm-elf/4.0.2/../../../../arm-elf/lib/thumb/interwork/libc.a(fstatr.o)
 .debug_aranges
                0x00000480       0x20 /cygdrive/c/gccfd/gnuarm/bin/../lib/gcc/arm-elf/4.0.2/../../../../arm-elf/lib/thumb/interwork/libc.a(lseekr.o)
 .debug_aranges
                0x000004a0       0x20 /cygdrive/c/gccfd/gnuarm/bin/../lib/gcc/arm-elf/4.0.2/../../../../arm-elf/lib/thumb/interwork/libc.a(readr.o)
 .debug_aranges
                0x000004c0       0x20 /cygdrive/c/gccfd/gnuarm/bin/../lib/gcc/arm-elf/4.0.2/../../../../arm-elf/lib/thumb/interwork/libc.a(reent.o)
 .debug_aranges
                0x000004e0       0x20 /cygdrive/c/gccfd/gnuarm/bin/../lib/gcc/arm-elf/4.0.2/thumb/interwork/libgcc.a(_udivsi3.o)
 .debug_aranges
                0x00000500       0x20 /cygdrive/c/gccfd/gnuarm/bin/../lib/gcc/arm-elf/4.0.2/thumb/interwork/libgcc.a(_divsi3.o)
 .debug_aranges
                0x00000520       0x20 /cygdrive/c/gccfd/gnuarm/bin/../lib/gcc/arm-elf/4.0.2/thumb/interwork/libgcc.a(_umodsi3.o)
 .debug_aranges
                0x00000540       0x20 /cygdrive/c/gccfd/gnuarm/bin/../lib/gcc/arm-elf/4.0.2/thumb/interwork/libgcc.a(_modsi3.o)
 .debug_aranges
                0x00000560       0x20 /cygdrive/c/gccfd/gnuarm/bin/../lib/gcc/arm-elf/4.0.2/thumb/interwork/libgcc.a(_dvmd_tls.o)
 .debug_aranges
                0x00000580       0x20 /cygdrive/c/gccfd/gnuarm/bin/../lib/gcc/arm-elf/4.0.2/thumb/interwork/libgcc.a(_addsubdf3.o)
 .debug_aranges
                0x000005a0       0x20 /cygdrive/c/gccfd/gnuarm/bin/../lib/gcc/arm-elf/4.0.2/thumb/interwork/libgcc.a(_muldivdf3.o)
 .debug_aranges
                0x000005c0       0x20 /cygdrive/c/gccfd/gnuarm/bin/../lib/gcc/arm-elf/4.0.2/thumb/interwork/libgcc.a(_cmpdf2.o)
 .debug_aranges
                0x000005e0       0x20 /cygdrive/c/gccfd/gnuarm/bin/../lib/gcc/arm-elf/4.0.2/thumb/interwork/libgcc.a(_fixdfsi.o)

.debug_pubnames
                0x00000000      0x9ec
 *(.debug_pubnames)
 .debug_pubnames
                0x00000000       0x1d /cygdrive/c/gccfd/gnuarm/bin/../lib/gcc/arm-elf/4.0.2/../../../../arm-elf/lib/thumb/interwork/libc.a(memcpy.o)
 .debug_pubnames
                0x0000001d       0x1d /cygdrive/c/gccfd/gnuarm/bin/../lib/gcc/arm-elf/4.0.2/../../../../arm-elf/lib/thumb/interwork/libc.a(memset.o)
 .debug_pubnames
                0x0000003a       0x2d /cygdrive/c/gccfd/gnuarm/bin/../lib/gcc/arm-elf/4.0.2/../../../../arm-elf/lib/thumb/interwork/libc.a(sprintf.o)
 .debug_pubnames
                0x00000067       0x1d /cygdrive/c/gccfd/gnuarm/bin/../lib/gcc/arm-elf/4.0.2/../../../../arm-elf/lib/thumb/interwork/libc.a(strlen.o)
 .debug_pubnames
                0x00000084       0x1e /cygdrive/c/gccfd/gnuarm/bin/../lib/gcc/arm-elf/4.0.2/../../../../arm-elf/lib/thumb/interwork/libc.a(strncpy.o)
 .debug_pubnames
                0x000000a2       0x2f /cygdrive/c/gccfd/gnuarm/bin/../lib/gcc/arm-elf/4.0.2/../../../../arm-elf/lib/thumb/interwork/libc.a(vfprintf.o)
 .debug_pubnames
                0x000000d1       0x2d /cygdrive/c/gccfd/gnuarm/bin/../lib/gcc/arm-elf/4.0.2/../../../../arm-elf/lib/thumb/interwork/libc.a(wcrtomb.o)
 .debug_pubnames
                0x000000fe       0x31 /cygdrive/c/gccfd/gnuarm/bin/../lib/gcc/arm-elf/4.0.2/../../../../arm-elf/lib/thumb/interwork/libc.a(wcsrtombs.o)
 .debug_pubnames
                0x0000012f       0x20 /cygdrive/c/gccfd/gnuarm/bin/../lib/gcc/arm-elf/4.0.2/../../../../arm-elf/lib/thumb/interwork/libc.a(wctomb_r.o)
 .debug_pubnames
                0x0000014f       0x20 /cygdrive/c/gccfd/gnuarm/bin/../lib/gcc/arm-elf/4.0.2/../../../../arm-elf/lib/thumb/interwork/libc.a(wsetup.o)
 .debug_pubnames
                0x0000016f       0x1e /cygdrive/c/gccfd/gnuarm/bin/../lib/gcc/arm-elf/4.0.2/../../../../arm-elf/lib/thumb/interwork/libc.a(dtoa.o)
 .debug_pubnames
                0x0000018d       0x1d /cygdrive/c/gccfd/gnuarm/bin/../lib/gcc/arm-elf/4.0.2/../../../../arm-elf/lib/thumb/interwork/libc.a(fflush.o)
 .debug_pubnames
                0x000001aa       0xdb /cygdrive/c/gccfd/gnuarm/bin/../lib/gcc/arm-elf/4.0.2/../../../../arm-elf/lib/thumb/interwork/libc.a(findfp.o)
 .debug_pubnames
                0x00000285       0x31 /cygdrive/c/gccfd/gnuarm/bin/../lib/gcc/arm-elf/4.0.2/../../../../arm-elf/lib/thumb/interwork/libc.a(freer.o)
 .debug_pubnames
                0x000002b6       0x21 /cygdrive/c/gccfd/gnuarm/bin/../lib/gcc/arm-elf/4.0.2/../../../../arm-elf/lib/thumb/interwork/libc.a(fvwrite.o)
 .debug_pubnames
                0x000002d7       0x2e /cygdrive/c/gccfd/gnuarm/bin/../lib/gcc/arm-elf/4.0.2/../../../../arm-elf/lib/thumb/interwork/libc.a(fwalk.o)
 .debug_pubnames
                0x00000305       0x39 /cygdrive/c/gccfd/gnuarm/bin/../lib/gcc/arm-elf/4.0.2/../../../../arm-elf/lib/thumb/interwork/libc.a(impure.o)
 .debug_pubnames
                0x0000033e       0xc3 /cygdrive/c/gccfd/gnuarm/bin/../lib/gcc/arm-elf/4.0.2/../../../../arm-elf/lib/thumb/interwork/libc.a(locale.o)
 .debug_pubnames
                0x00000401       0x21 /cygdrive/c/gccfd/gnuarm/bin/../lib/gcc/arm-elf/4.0.2/../../../../arm-elf/lib/thumb/interwork/libc.a(makebuf.o)
 .debug_pubnames
                0x00000422       0xce /cygdrive/c/gccfd/gnuarm/bin/../lib/gcc/arm-elf/4.0.2/../../../../arm-elf/lib/thumb/interwork/libc.a(mallocr.o)
 .debug_pubnames
                0x000004f0       0x1d /cygdrive/c/gccfd/gnuarm/bin/../lib/gcc/arm-elf/4.0.2/../../../../arm-elf/lib/thumb/interwork/libc.a(memchr.o)
 .debug_pubnames
                0x0000050d       0x1e /cygdrive/c/gccfd/gnuarm/bin/../lib/gcc/arm-elf/4.0.2/../../../../arm-elf/lib/thumb/interwork/libc.a(memmove.o)
 .debug_pubnames
                0x0000052b       0x38 /cygdrive/c/gccfd/gnuarm/bin/../lib/gcc/arm-elf/4.0.2/../../../../arm-elf/lib/thumb/interwork/libc.a(mlock.o)
 .debug_pubnames
                0x00000563      0x112 /cygdrive/c/gccfd/gnuarm/bin/../lib/gcc/arm-elf/4.0.2/../../../../arm-elf/lib/thumb/interwork/libc.a(mprec.o)
 .debug_pubnames
                0x00000675       0x21 /cygdrive/c/gccfd/gnuarm/bin/../lib/gcc/arm-elf/4.0.2/../../../../arm-elf/lib/thumb/interwork/libc.a(reallocr.o)
 .debug_pubnames
                0x00000696       0x1c /cygdrive/c/gccfd/gnuarm/bin/../lib/gcc/arm-elf/4.0.2/../../../../arm-elf/lib/thumb/interwork/libc.a(s_isinf.o)
 .debug_pubnames
                0x000006b2       0x1c /cygdrive/c/gccfd/gnuarm/bin/../lib/gcc/arm-elf/4.0.2/../../../../arm-elf/lib/thumb/interwork/libc.a(s_isnan.o)
 .debug_pubnames
                0x000006ce       0x1e /cygdrive/c/gccfd/gnuarm/bin/../lib/gcc/arm-elf/4.0.2/../../../../arm-elf/lib/thumb/interwork/libc.a(sbrkr.o)
 .debug_pubnames
                0x000006ec       0x44 /cygdrive/c/gccfd/gnuarm/bin/../lib/gcc/arm-elf/4.0.2/../../../../arm-elf/lib/thumb/interwork/libc.a(stdio.o)
 .debug_pubnames
                0x00000730       0x1d /cygdrive/c/gccfd/gnuarm/bin/../lib/gcc/arm-elf/4.0.2/../../../../arm-elf/lib/thumb/interwork/libc.a(strcmp.o)
 .debug_pubnames
                0x0000074d      0x14a /cygdrive/c/gccfd/gnuarm/bin/../lib/gcc/arm-elf/4.0.2/../../../../arm-elf/lib/thumb/interwork/libc.a(syscalls.o)
 .debug_pubnames
                0x00000897       0x1f /cygdrive/c/gccfd/gnuarm/bin/../lib/gcc/arm-elf/4.0.2/../../../../arm-elf/lib/thumb/interwork/libc.a(writer.o)
 .debug_pubnames
                0x000008b6       0x20 /cygdrive/c/gccfd/gnuarm/bin/../lib/gcc/arm-elf/4.0.2/../../../../arm-elf/lib/thumb/interwork/libc.a(callocr.o)
 .debug_pubnames
                0x000008d6       0x1f /cygdrive/c/gccfd/gnuarm/bin/../lib/gcc/arm-elf/4.0.2/../../../../arm-elf/lib/thumb/interwork/libc.a(closer.o)
 .debug_pubnames
                0x000008f5       0x1e /cygdrive/c/gccfd/gnuarm/bin/../lib/gcc/arm-elf/4.0.2/../../../../arm-elf/lib/thumb/interwork/libc.a(errno.o)
 .debug_pubnames
                0x00000913       0x2b /cygdrive/c/gccfd/gnuarm/bin/../lib/gcc/arm-elf/4.0.2/../../../../arm-elf/lib/thumb/interwork/libc.a(fclose.o)
 .debug_pubnames
                0x0000093e       0x1f /cygdrive/c/gccfd/gnuarm/bin/../lib/gcc/arm-elf/4.0.2/../../../../arm-elf/lib/thumb/interwork/libc.a(fstatr.o)
 .debug_pubnames
                0x0000095d       0x1f /cygdrive/c/gccfd/gnuarm/bin/../lib/gcc/arm-elf/4.0.2/../../../../arm-elf/lib/thumb/interwork/libc.a(lseekr.o)
 .debug_pubnames
                0x0000097c       0x1e /cygdrive/c/gccfd/gnuarm/bin/../lib/gcc/arm-elf/4.0.2/../../../../arm-elf/lib/thumb/interwork/libc.a(readr.o)
 .debug_pubnames
                0x0000099a       0x52 /cygdrive/c/gccfd/gnuarm/bin/../lib/gcc/arm-elf/4.0.2/../../../../arm-elf/lib/thumb/interwork/libc.a(reent.o)

.debug_info     0x00000000    0x1675d
 *(.debug_info .gnu.linkonce.wi.*)
 .debug_info    0x00000000      0x10d /cygdrive/c/gccfd/gnuarm/bin/../lib/gcc/arm-elf/4.0.2/../../../../arm-elf/lib/thumb/interwork/libc.a(memcpy.o)
 .debug_info    0x0000010d      0x111 /cygdrive/c/gccfd/gnuarm/bin/../lib/gcc/arm-elf/4.0.2/../../../../arm-elf/lib/thumb/interwork/libc.a(memset.o)
 .debug_info    0x0000021e      0xa00 /cygdrive/c/gccfd/gnuarm/bin/../lib/gcc/arm-elf/4.0.2/../../../../arm-elf/lib/thumb/interwork/libc.a(sprintf.o)
 .debug_info    0x00000c1e       0xd5 /cygdrive/c/gccfd/gnuarm/bin/../lib/gcc/arm-elf/4.0.2/../../../../arm-elf/lib/thumb/interwork/libc.a(strlen.o)
 .debug_info    0x00000cf3      0x126 /cygdrive/c/gccfd/gnuarm/bin/../lib/gcc/arm-elf/4.0.2/../../../../arm-elf/lib/thumb/interwork/libc.a(strncpy.o)
 .debug_info    0x00000e19     0x10f2 /cygdrive/c/gccfd/gnuarm/bin/../lib/gcc/arm-elf/4.0.2/../../../../arm-elf/lib/thumb/interwork/libc.a(vfprintf.o)
 .debug_info    0x00001f0b      0x9ee /cygdrive/c/gccfd/gnuarm/bin/../lib/gcc/arm-elf/4.0.2/../../../../arm-elf/lib/thumb/interwork/libc.a(wcrtomb.o)
 .debug_info    0x000028f9      0xa84 /cygdrive/c/gccfd/gnuarm/bin/../lib/gcc/arm-elf/4.0.2/../../../../arm-elf/lib/thumb/interwork/libc.a(wcsrtombs.o)
 .debug_info    0x0000337d      0x9f6 /cygdrive/c/gccfd/gnuarm/bin/../lib/gcc/arm-elf/4.0.2/../../../../arm-elf/lib/thumb/interwork/libc.a(wctomb_r.o)
 .debug_info    0x00003d73      0x939 /cygdrive/c/gccfd/gnuarm/bin/../lib/gcc/arm-elf/4.0.2/../../../../arm-elf/lib/thumb/interwork/libc.a(wsetup.o)
 .debug_info    0x000046ac      0xd65 /cygdrive/c/gccfd/gnuarm/bin/../lib/gcc/arm-elf/4.0.2/../../../../arm-elf/lib/thumb/interwork/libc.a(dtoa.o)
 .debug_info    0x00005411      0x973 /cygdrive/c/gccfd/gnuarm/bin/../lib/gcc/arm-elf/4.0.2/../../../../arm-elf/lib/thumb/interwork/libc.a(fflush.o)
 .debug_info    0x00005d84      0xb67 /cygdrive/c/gccfd/gnuarm/bin/../lib/gcc/arm-elf/4.0.2/../../../../arm-elf/lib/thumb/interwork/libc.a(findfp.o)
 .debug_info    0x000068eb      0xbb3 /cygdrive/c/gccfd/gnuarm/bin/../lib/gcc/arm-elf/4.0.2/../../../../arm-elf/lib/thumb/interwork/libc.a(freer.o)
 .debug_info    0x0000749e      0xa63 /cygdrive/c/gccfd/gnuarm/bin/../lib/gcc/arm-elf/4.0.2/../../../../arm-elf/lib/thumb/interwork/libc.a(fvwrite.o)
 .debug_info    0x00007f01      0xadb /cygdrive/c/gccfd/gnuarm/bin/../lib/gcc/arm-elf/4.0.2/../../../../arm-elf/lib/thumb/interwork/libc.a(fwalk.o)
 .debug_info    0x000089dc      0x922 /cygdrive/c/gccfd/gnuarm/bin/../lib/gcc/arm-elf/4.0.2/../../../../arm-elf/lib/thumb/interwork/libc.a(impure.o)
 .debug_info    0x000092fe      0xb7c /cygdrive/c/gccfd/gnuarm/bin/../lib/gcc/arm-elf/4.0.2/../../../../arm-elf/lib/thumb/interwork/libc.a(locale.o)
 .debug_info    0x00009e7a      0xad8 /cygdrive/c/gccfd/gnuarm/bin/../lib/gcc/arm-elf/4.0.2/../../../../arm-elf/lib/thumb/interwork/libc.a(makebuf.o)
 .debug_info    0x0000a952      0xcbd /cygdrive/c/gccfd/gnuarm/bin/../lib/gcc/arm-elf/4.0.2/../../../../arm-elf/lib/thumb/interwork/libc.a(mallocr.o)
 .debug_info    0x0000b60f      0x136 /cygdrive/c/gccfd/gnuarm/bin/../lib/gcc/arm-elf/4.0.2/../../../../arm-elf/lib/thumb/interwork/libc.a(memchr.o)
 .debug_info    0x0000b745      0x13e /cygdrive/c/gccfd/gnuarm/bin/../lib/gcc/arm-elf/4.0.2/../../../../arm-elf/lib/thumb/interwork/libc.a(memmove.o)
 .debug_info    0x0000b883      0x93e /cygdrive/c/gccfd/gnuarm/bin/../lib/gcc/arm-elf/4.0.2/../../../../arm-elf/lib/thumb/interwork/libc.a(mlock.o)
 .debug_info    0x0000c1c1     0x1332 /cygdrive/c/gccfd/gnuarm/bin/../lib/gcc/arm-elf/4.0.2/../../../../arm-elf/lib/thumb/interwork/libc.a(mprec.o)
 .debug_info    0x0000d4f3      0xbc3 /cygdrive/c/gccfd/gnuarm/bin/../lib/gcc/arm-elf/4.0.2/../../../../arm-elf/lib/thumb/interwork/libc.a(reallocr.o)
 .debug_info    0x0000e0b6       0xd8 /cygdrive/c/gccfd/gnuarm/bin/../lib/gcc/arm-elf/4.0.2/../../../../arm-elf/lib/thumb/interwork/libc.a(s_isinf.o)
 .debug_info    0x0000e18e       0xd6 /cygdrive/c/gccfd/gnuarm/bin/../lib/gcc/arm-elf/4.0.2/../../../../arm-elf/lib/thumb/interwork/libc.a(s_isnan.o)
 .debug_info    0x0000e264      0x951 /cygdrive/c/gccfd/gnuarm/bin/../lib/gcc/arm-elf/4.0.2/../../../../arm-elf/lib/thumb/interwork/libc.a(sbrkr.o)
 .debug_info    0x0000ebb5      0xa70 /cygdrive/c/gccfd/gnuarm/bin/../lib/gcc/arm-elf/4.0.2/../../../../arm-elf/lib/thumb/interwork/libc.a(stdio.o)
 .debug_info    0x0000f625       0xd9 /cygdrive/c/gccfd/gnuarm/bin/../lib/gcc/arm-elf/4.0.2/../../../../arm-elf/lib/thumb/interwork/libc.a(strcmp.o)
 .debug_info    0x0000f6fe     0x15b0 /cygdrive/c/gccfd/gnuarm/bin/../lib/gcc/arm-elf/4.0.2/../../../../arm-elf/lib/thumb/interwork/libc.a(syscalls.o)
 .debug_info    0x00010cae      0x980 /cygdrive/c/gccfd/gnuarm/bin/../lib/gcc/arm-elf/4.0.2/../../../../arm-elf/lib/thumb/interwork/libc.a(writer.o)
 .debug_info    0x0001162e      0xa02 /cygdrive/c/gccfd/gnuarm/bin/../lib/gcc/arm-elf/4.0.2/../../../../arm-elf/lib/thumb/interwork/libc.a(callocr.o)
 .debug_info    0x00012030      0x945 /cygdrive/c/gccfd/gnuarm/bin/../lib/gcc/arm-elf/4.0.2/../../../../arm-elf/lib/thumb/interwork/libc.a(closer.o)
 .debug_info    0x00012975      0x914 /cygdrive/c/gccfd/gnuarm/bin/../lib/gcc/arm-elf/4.0.2/../../../../arm-elf/lib/thumb/interwork/libc.a(errno.o)
 .debug_info    0x00013289      0x980 /cygdrive/c/gccfd/gnuarm/bin/../lib/gcc/arm-elf/4.0.2/../../../../arm-elf/lib/thumb/interwork/libc.a(fclose.o)
 .debug_info    0x00013c09      0xabd /cygdrive/c/gccfd/gnuarm/bin/../lib/gcc/arm-elf/4.0.2/../../../../arm-elf/lib/thumb/interwork/libc.a(fstatr.o)
 .debug_info    0x000146c6      0x96a /cygdrive/c/gccfd/gnuarm/bin/../lib/gcc/arm-elf/4.0.2/../../../../arm-elf/lib/thumb/interwork/libc.a(lseekr.o)
 .debug_info    0x00015030      0x979 /cygdrive/c/gccfd/gnuarm/bin/../lib/gcc/arm-elf/4.0.2/../../../../arm-elf/lib/thumb/interwork/libc.a(readr.o)
 .debug_info    0x000159a9      0x9fe /cygdrive/c/gccfd/gnuarm/bin/../lib/gcc/arm-elf/4.0.2/../../../../arm-elf/lib/thumb/interwork/libc.a(reent.o)
 .debug_info    0x000163a7       0x6a /cygdrive/c/gccfd/gnuarm/bin/../lib/gcc/arm-elf/4.0.2/thumb/interwork/libgcc.a(_udivsi3.o)
 .debug_info    0x00016411       0x6a /cygdrive/c/gccfd/gnuarm/bin/../lib/gcc/arm-elf/4.0.2/thumb/interwork/libgcc.a(_divsi3.o)
 .debug_info    0x0001647b       0x6a /cygdrive/c/gccfd/gnuarm/bin/../lib/gcc/arm-elf/4.0.2/thumb/interwork/libgcc.a(_umodsi3.o)
 .debug_info    0x000164e5       0x6a /cygdrive/c/gccfd/gnuarm/bin/../lib/gcc/arm-elf/4.0.2/thumb/interwork/libgcc.a(_modsi3.o)
 .debug_info    0x0001654f       0x6a /cygdrive/c/gccfd/gnuarm/bin/../lib/gcc/arm-elf/4.0.2/thumb/interwork/libgcc.a(_dvmd_tls.o)
 .debug_info    0x000165b9       0x69 /cygdrive/c/gccfd/gnuarm/bin/../lib/gcc/arm-elf/4.0.2/thumb/interwork/libgcc.a(_addsubdf3.o)
 .debug_info    0x00016622       0x69 /cygdrive/c/gccfd/gnuarm/bin/../lib/gcc/arm-elf/4.0.2/thumb/interwork/libgcc.a(_muldivdf3.o)
 .debug_info    0x0001668b       0x69 /cygdrive/c/gccfd/gnuarm/bin/../lib/gcc/arm-elf/4.0.2/thumb/interwork/libgcc.a(_cmpdf2.o)
 .debug_info    0x000166f4       0x69 /cygdrive/c/gccfd/gnuarm/bin/../lib/gcc/arm-elf/4.0.2/thumb/interwork/libgcc.a(_fixdfsi.o)

.debug_abbrev   0x00000000     0x3d91
 *(.debug_abbrev)
 .debug_abbrev  0x00000000       0x99 /cygdrive/c/gccfd/gnuarm/bin/../lib/gcc/arm-elf/4.0.2/../../../../arm-elf/lib/thumb/interwork/libc.a(memcpy.o)
 .debug_abbrev  0x00000099       0x9a /cygdrive/c/gccfd/gnuarm/bin/../lib/gcc/arm-elf/4.0.2/../../../../arm-elf/lib/thumb/interwork/libc.a(memset.o)
 .debug_abbrev  0x00000133      0x193 /cygdrive/c/gccfd/gnuarm/bin/../lib/gcc/arm-elf/4.0.2/../../../../arm-elf/lib/thumb/interwork/libc.a(sprintf.o)
 .debug_abbrev  0x000002c6       0x8b /cygdrive/c/gccfd/gnuarm/bin/../lib/gcc/arm-elf/4.0.2/../../../../arm-elf/lib/thumb/interwork/libc.a(strlen.o)
 .debug_abbrev  0x00000351       0x8d /cygdrive/c/gccfd/gnuarm/bin/../lib/gcc/arm-elf/4.0.2/../../../../arm-elf/lib/thumb/interwork/libc.a(strncpy.o)
 .debug_abbrev  0x000003de      0x35d /cygdrive/c/gccfd/gnuarm/bin/../lib/gcc/arm-elf/4.0.2/../../../../arm-elf/lib/thumb/interwork/libc.a(vfprintf.o)
 .debug_abbrev  0x0000073b      0x1a7 /cygdrive/c/gccfd/gnuarm/bin/../lib/gcc/arm-elf/4.0.2/../../../../arm-elf/lib/thumb/interwork/libc.a(wcrtomb.o)
 .debug_abbrev  0x000008e2      0x1a4 /cygdrive/c/gccfd/gnuarm/bin/../lib/gcc/arm-elf/4.0.2/../../../../arm-elf/lib/thumb/interwork/libc.a(wcsrtombs.o)
 .debug_abbrev  0x00000a86      0x1ab /cygdrive/c/gccfd/gnuarm/bin/../lib/gcc/arm-elf/4.0.2/../../../../arm-elf/lib/thumb/interwork/libc.a(wctomb_r.o)
 .debug_abbrev  0x00000c31      0x170 /cygdrive/c/gccfd/gnuarm/bin/../lib/gcc/arm-elf/4.0.2/../../../../arm-elf/lib/thumb/interwork/libc.a(wsetup.o)
 .debug_abbrev  0x00000da1      0x232 /cygdrive/c/gccfd/gnuarm/bin/../lib/gcc/arm-elf/4.0.2/../../../../arm-elf/lib/thumb/interwork/libc.a(dtoa.o)
 .debug_abbrev  0x00000fd3      0x17f /cygdrive/c/gccfd/gnuarm/bin/../lib/gcc/arm-elf/4.0.2/../../../../arm-elf/lib/thumb/interwork/libc.a(fflush.o)
 .debug_abbrev  0x00001152      0x235 /cygdrive/c/gccfd/gnuarm/bin/../lib/gcc/arm-elf/4.0.2/../../../../arm-elf/lib/thumb/interwork/libc.a(findfp.o)
 .debug_abbrev  0x00001387      0x1d9 /cygdrive/c/gccfd/gnuarm/bin/../lib/gcc/arm-elf/4.0.2/../../../../arm-elf/lib/thumb/interwork/libc.a(freer.o)
 .debug_abbrev  0x00001560      0x1b4 /cygdrive/c/gccfd/gnuarm/bin/../lib/gcc/arm-elf/4.0.2/../../../../arm-elf/lib/thumb/interwork/libc.a(fvwrite.o)
 .debug_abbrev  0x00001714      0x1e1 /cygdrive/c/gccfd/gnuarm/bin/../lib/gcc/arm-elf/4.0.2/../../../../arm-elf/lib/thumb/interwork/libc.a(fwalk.o)
 .debug_abbrev  0x000018f5      0x157 /cygdrive/c/gccfd/gnuarm/bin/../lib/gcc/arm-elf/4.0.2/../../../../arm-elf/lib/thumb/interwork/libc.a(impure.o)
 .debug_abbrev  0x00001a4c      0x1de /cygdrive/c/gccfd/gnuarm/bin/../lib/gcc/arm-elf/4.0.2/../../../../arm-elf/lib/thumb/interwork/libc.a(locale.o)
 .debug_abbrev  0x00001c2a      0x1a8 /cygdrive/c/gccfd/gnuarm/bin/../lib/gcc/arm-elf/4.0.2/../../../../arm-elf/lib/thumb/interwork/libc.a(makebuf.o)
 .debug_abbrev  0x00001dd2      0x214 /cygdrive/c/gccfd/gnuarm/bin/../lib/gcc/arm-elf/4.0.2/../../../../arm-elf/lib/thumb/interwork/libc.a(mallocr.o)
 .debug_abbrev  0x00001fe6       0xa8 /cygdrive/c/gccfd/gnuarm/bin/../lib/gcc/arm-elf/4.0.2/../../../../arm-elf/lib/thumb/interwork/libc.a(memchr.o)
 .debug_abbrev  0x0000208e       0x99 /cygdrive/c/gccfd/gnuarm/bin/../lib/gcc/arm-elf/4.0.2/../../../../arm-elf/lib/thumb/interwork/libc.a(memmove.o)
 .debug_abbrev  0x00002127      0x16a /cygdrive/c/gccfd/gnuarm/bin/../lib/gcc/arm-elf/4.0.2/../../../../arm-elf/lib/thumb/interwork/libc.a(mlock.o)
 .debug_abbrev  0x00002291      0x249 /cygdrive/c/gccfd/gnuarm/bin/../lib/gcc/arm-elf/4.0.2/../../../../arm-elf/lib/thumb/interwork/libc.a(mprec.o)
 .debug_abbrev  0x000024da      0x1c3 /cygdrive/c/gccfd/gnuarm/bin/../lib/gcc/arm-elf/4.0.2/../../../../arm-elf/lib/thumb/interwork/libc.a(reallocr.o)
 .debug_abbrev  0x0000269d       0x79 /cygdrive/c/gccfd/gnuarm/bin/../lib/gcc/arm-elf/4.0.2/../../../../arm-elf/lib/thumb/interwork/libc.a(s_isinf.o)
 .debug_abbrev  0x00002716       0x79 /cygdrive/c/gccfd/gnuarm/bin/../lib/gcc/arm-elf/4.0.2/../../../../arm-elf/lib/thumb/interwork/libc.a(s_isnan.o)
 .debug_abbrev  0x0000278f      0x18e /cygdrive/c/gccfd/gnuarm/bin/../lib/gcc/arm-elf/4.0.2/../../../../arm-elf/lib/thumb/interwork/libc.a(sbrkr.o)
 .debug_abbrev  0x0000291d      0x1aa /cygdrive/c/gccfd/gnuarm/bin/../lib/gcc/arm-elf/4.0.2/../../../../arm-elf/lib/thumb/interwork/libc.a(stdio.o)
 .debug_abbrev  0x00002ac7       0x71 /cygdrive/c/gccfd/gnuarm/bin/../lib/gcc/arm-elf/4.0.2/../../../../arm-elf/lib/thumb/interwork/libc.a(strcmp.o)
 .debug_abbrev  0x00002b38      0x395 /cygdrive/c/gccfd/gnuarm/bin/../lib/gcc/arm-elf/4.0.2/../../../../arm-elf/lib/thumb/interwork/libc.a(syscalls.o)
 .debug_abbrev  0x00002ecd      0x184 /cygdrive/c/gccfd/gnuarm/bin/../lib/gcc/arm-elf/4.0.2/../../../../arm-elf/lib/thumb/interwork/libc.a(writer.o)
 .debug_abbrev  0x00003051      0x1af /cygdrive/c/gccfd/gnuarm/bin/../lib/gcc/arm-elf/4.0.2/../../../../arm-elf/lib/thumb/interwork/libc.a(callocr.o)
 .debug_abbrev  0x00003200      0x17f /cygdrive/c/gccfd/gnuarm/bin/../lib/gcc/arm-elf/4.0.2/../../../../arm-elf/lib/thumb/interwork/libc.a(closer.o)
 .debug_abbrev  0x0000337f      0x15f /cygdrive/c/gccfd/gnuarm/bin/../lib/gcc/arm-elf/4.0.2/../../../../arm-elf/lib/thumb/interwork/libc.a(errno.o)
 .debug_abbrev  0x000034de      0x18e /cygdrive/c/gccfd/gnuarm/bin/../lib/gcc/arm-elf/4.0.2/../../../../arm-elf/lib/thumb/interwork/libc.a(fclose.o)
 .debug_abbrev  0x0000366c      0x18e /cygdrive/c/gccfd/gnuarm/bin/../lib/gcc/arm-elf/4.0.2/../../../../arm-elf/lib/thumb/interwork/libc.a(fstatr.o)
 .debug_abbrev  0x000037fa      0x18c /cygdrive/c/gccfd/gnuarm/bin/../lib/gcc/arm-elf/4.0.2/../../../../arm-elf/lib/thumb/interwork/libc.a(lseekr.o)
 .debug_abbrev  0x00003986      0x17f /cygdrive/c/gccfd/gnuarm/bin/../lib/gcc/arm-elf/4.0.2/../../../../arm-elf/lib/thumb/interwork/libc.a(readr.o)
 .debug_abbrev  0x00003b05      0x1d8 /cygdrive/c/gccfd/gnuarm/bin/../lib/gcc/arm-elf/4.0.2/../../../../arm-elf/lib/thumb/interwork/libc.a(reent.o)
 .debug_abbrev  0x00003cdd       0x14 /cygdrive/c/gccfd/gnuarm/bin/../lib/gcc/arm-elf/4.0.2/thumb/interwork/libgcc.a(_udivsi3.o)
 .debug_abbrev  0x00003cf1       0x14 /cygdrive/c/gccfd/gnuarm/bin/../lib/gcc/arm-elf/4.0.2/thumb/interwork/libgcc.a(_divsi3.o)
 .debug_abbrev  0x00003d05       0x14 /cygdrive/c/gccfd/gnuarm/bin/../lib/gcc/arm-elf/4.0.2/thumb/interwork/libgcc.a(_umodsi3.o)
 .debug_abbrev  0x00003d19       0x14 /cygdrive/c/gccfd/gnuarm/bin/../lib/gcc/arm-elf/4.0.2/thumb/interwork/libgcc.a(_modsi3.o)
 .debug_abbrev  0x00003d2d       0x14 /cygdrive/c/gccfd/gnuarm/bin/../lib/gcc/arm-elf/4.0.2/thumb/interwork/libgcc.a(_dvmd_tls.o)
 .debug_abbrev  0x00003d41       0x14 /cygdrive/c/gccfd/gnuarm/bin/../lib/gcc/arm-elf/4.0.2/thumb/interwork/libgcc.a(_addsubdf3.o)
 .debug_abbrev  0x00003d55       0x14 /cygdrive/c/gccfd/gnuarm/bin/../lib/gcc/arm-elf/4.0.2/thumb/interwork/libgcc.a(_muldivdf3.o)
 .debug_abbrev  0x00003d69       0x14 /cygdrive/c/gccfd/gnuarm/bin/../lib/gcc/arm-elf/4.0.2/thumb/interwork/libgcc.a(_cmpdf2.o)
 .debug_abbrev  0x00003d7d       0x14 /cygdrive/c/gccfd/gnuarm/bin/../lib/gcc/arm-elf/4.0.2/thumb/interwork/libgcc.a(_fixdfsi.o)

.debug_line     0x00000000     0x3f1a
 *(.debug_line)
 .debug_line    0x00000000       0xc3 /cygdrive/c/gccfd/gnuarm/bin/../lib/gcc/arm-elf/4.0.2/../../../../arm-elf/lib/thumb/interwork/libc.a(memcpy.o)
 .debug_line    0x000000c3       0xd4 /cygdrive/c/gccfd/gnuarm/bin/../lib/gcc/arm-elf/4.0.2/../../../../arm-elf/lib/thumb/interwork/libc.a(memset.o)
 .debug_line    0x00000197      0x16a /cygdrive/c/gccfd/gnuarm/bin/../lib/gcc/arm-elf/4.0.2/../../../../arm-elf/lib/thumb/interwork/libc.a(sprintf.o)
 .debug_line    0x00000301       0xaf /cygdrive/c/gccfd/gnuarm/bin/../lib/gcc/arm-elf/4.0.2/../../../../arm-elf/lib/thumb/interwork/libc.a(strlen.o)
 .debug_line    0x000003b0       0xc2 /cygdrive/c/gccfd/gnuarm/bin/../lib/gcc/arm-elf/4.0.2/../../../../arm-elf/lib/thumb/interwork/libc.a(strncpy.o)
 .debug_line    0x00000472      0x560 /cygdrive/c/gccfd/gnuarm/bin/../lib/gcc/arm-elf/4.0.2/../../../../arm-elf/lib/thumb/interwork/libc.a(vfprintf.o)
 .debug_line    0x000009d2      0x13c /cygdrive/c/gccfd/gnuarm/bin/../lib/gcc/arm-elf/4.0.2/../../../../arm-elf/lib/thumb/interwork/libc.a(wcrtomb.o)
 .debug_line    0x00000b0e      0x16a /cygdrive/c/gccfd/gnuarm/bin/../lib/gcc/arm-elf/4.0.2/../../../../arm-elf/lib/thumb/interwork/libc.a(wcsrtombs.o)
 .debug_line    0x00000c78      0x1b2 /cygdrive/c/gccfd/gnuarm/bin/../lib/gcc/arm-elf/4.0.2/../../../../arm-elf/lib/thumb/interwork/libc.a(wctomb_r.o)
 .debug_line    0x00000e2a      0x14c /cygdrive/c/gccfd/gnuarm/bin/../lib/gcc/arm-elf/4.0.2/../../../../arm-elf/lib/thumb/interwork/libc.a(wsetup.o)
 .debug_line    0x00000f76      0x41d /cygdrive/c/gccfd/gnuarm/bin/../lib/gcc/arm-elf/4.0.2/../../../../arm-elf/lib/thumb/interwork/libc.a(dtoa.o)
 .debug_line    0x00001393      0x146 /cygdrive/c/gccfd/gnuarm/bin/../lib/gcc/arm-elf/4.0.2/../../../../arm-elf/lib/thumb/interwork/libc.a(fflush.o)
 .debug_line    0x000014d9      0x19e /cygdrive/c/gccfd/gnuarm/bin/../lib/gcc/arm-elf/4.0.2/../../../../arm-elf/lib/thumb/interwork/libc.a(findfp.o)
 .debug_line    0x00001677      0x164 /cygdrive/c/gccfd/gnuarm/bin/../lib/gcc/arm-elf/4.0.2/../../../../arm-elf/lib/thumb/interwork/libc.a(freer.o)
 .debug_line    0x000017db      0x1cf /cygdrive/c/gccfd/gnuarm/bin/../lib/gcc/arm-elf/4.0.2/../../../../arm-elf/lib/thumb/interwork/libc.a(fvwrite.o)
 .debug_line    0x000019aa      0x158 /cygdrive/c/gccfd/gnuarm/bin/../lib/gcc/arm-elf/4.0.2/../../../../arm-elf/lib/thumb/interwork/libc.a(fwalk.o)
 .debug_line    0x00001b02       0xe3 /cygdrive/c/gccfd/gnuarm/bin/../lib/gcc/arm-elf/4.0.2/../../../../arm-elf/lib/thumb/interwork/libc.a(impure.o)
 .debug_line    0x00001be5      0x145 /cygdrive/c/gccfd/gnuarm/bin/../lib/gcc/arm-elf/4.0.2/../../../../arm-elf/lib/thumb/interwork/libc.a(locale.o)
 .debug_line    0x00001d2a      0x166 /cygdrive/c/gccfd/gnuarm/bin/../lib/gcc/arm-elf/4.0.2/../../../../arm-elf/lib/thumb/interwork/libc.a(makebuf.o)
 .debug_line    0x00001e90      0x23d /cygdrive/c/gccfd/gnuarm/bin/../lib/gcc/arm-elf/4.0.2/../../../../arm-elf/lib/thumb/interwork/libc.a(mallocr.o)
 .debug_line    0x000020cd       0xda /cygdrive/c/gccfd/gnuarm/bin/../lib/gcc/arm-elf/4.0.2/../../../../arm-elf/lib/thumb/interwork/libc.a(memchr.o)
 .debug_line    0x000021a7       0xce /cygdrive/c/gccfd/gnuarm/bin/../lib/gcc/arm-elf/4.0.2/../../../../arm-elf/lib/thumb/interwork/libc.a(memmove.o)
 .debug_line    0x00002275       0xf5 /cygdrive/c/gccfd/gnuarm/bin/../lib/gcc/arm-elf/4.0.2/../../../../arm-elf/lib/thumb/interwork/libc.a(mlock.o)
 .debug_line    0x0000236a      0x3a1 /cygdrive/c/gccfd/gnuarm/bin/../lib/gcc/arm-elf/4.0.2/../../../../arm-elf/lib/thumb/interwork/libc.a(mprec.o)
 .debug_line    0x0000270b      0x19c /cygdrive/c/gccfd/gnuarm/bin/../lib/gcc/arm-elf/4.0.2/../../../../arm-elf/lib/thumb/interwork/libc.a(reallocr.o)
 .debug_line    0x000028a7       0xa9 /cygdrive/c/gccfd/gnuarm/bin/../lib/gcc/arm-elf/4.0.2/../../../../arm-elf/lib/thumb/interwork/libc.a(s_isinf.o)
 .debug_line    0x00002950       0xa9 /cygdrive/c/gccfd/gnuarm/bin/../lib/gcc/arm-elf/4.0.2/../../../../arm-elf/lib/thumb/interwork/libc.a(s_isnan.o)
 .debug_line    0x000029f9       0xf8 /cygdrive/c/gccfd/gnuarm/bin/../lib/gcc/arm-elf/4.0.2/../../../../arm-elf/lib/thumb/interwork/libc.a(sbrkr.o)
 .debug_line    0x00002af1      0x157 /cygdrive/c/gccfd/gnuarm/bin/../lib/gcc/arm-elf/4.0.2/../../../../arm-elf/lib/thumb/interwork/libc.a(stdio.o)
 .debug_line    0x00002c48       0x88 /cygdrive/c/gccfd/gnuarm/bin/../lib/gcc/arm-elf/4.0.2/../../../../arm-elf/lib/thumb/interwork/libc.a(strcmp.o)
 .debug_line    0x00002cd0      0x2b8 /cygdrive/c/gccfd/gnuarm/bin/../lib/gcc/arm-elf/4.0.2/../../../../arm-elf/lib/thumb/interwork/libc.a(syscalls.o)
 .debug_line    0x00002f88       0xf9 /cygdrive/c/gccfd/gnuarm/bin/../lib/gcc/arm-elf/4.0.2/../../../../arm-elf/lib/thumb/interwork/libc.a(writer.o)
 .debug_line    0x00003081       0xfe /cygdrive/c/gccfd/gnuarm/bin/../lib/gcc/arm-elf/4.0.2/../../../../arm-elf/lib/thumb/interwork/libc.a(callocr.o)
 .debug_line    0x0000317f       0xf9 /cygdrive/c/gccfd/gnuarm/bin/../lib/gcc/arm-elf/4.0.2/../../../../arm-elf/lib/thumb/interwork/libc.a(closer.o)
 .debug_line    0x00003278       0xf2 /cygdrive/c/gccfd/gnuarm/bin/../lib/gcc/arm-elf/4.0.2/../../../../arm-elf/lib/thumb/interwork/libc.a(errno.o)
 .debug_line    0x0000336a      0x148 /cygdrive/c/gccfd/gnuarm/bin/../lib/gcc/arm-elf/4.0.2/../../../../arm-elf/lib/thumb/interwork/libc.a(fclose.o)
 .debug_line    0x000034b2      0x142 /cygdrive/c/gccfd/gnuarm/bin/../lib/gcc/arm-elf/4.0.2/../../../../arm-elf/lib/thumb/interwork/libc.a(fstatr.o)
 .debug_line    0x000035f4       0xf9 /cygdrive/c/gccfd/gnuarm/bin/../lib/gcc/arm-elf/4.0.2/../../../../arm-elf/lib/thumb/interwork/libc.a(lseekr.o)
 .debug_line    0x000036ed       0xf8 /cygdrive/c/gccfd/gnuarm/bin/../lib/gcc/arm-elf/4.0.2/../../../../arm-elf/lib/thumb/interwork/libc.a(readr.o)
 .debug_line    0x000037e5      0x12a /cygdrive/c/gccfd/gnuarm/bin/../lib/gcc/arm-elf/4.0.2/../../../../arm-elf/lib/thumb/interwork/libc.a(reent.o)
 .debug_line    0x0000390f       0x70 /cygdrive/c/gccfd/gnuarm/bin/../lib/gcc/arm-elf/4.0.2/thumb/interwork/libgcc.a(_udivsi3.o)
 .debug_line    0x0000397f       0x7c /cygdrive/c/gccfd/gnuarm/bin/../lib/gcc/arm-elf/4.0.2/thumb/interwork/libgcc.a(_divsi3.o)
 .debug_line    0x000039fb       0x68 /cygdrive/c/gccfd/gnuarm/bin/../lib/gcc/arm-elf/4.0.2/thumb/interwork/libgcc.a(_umodsi3.o)
 .debug_line    0x00003a63       0x71 /cygdrive/c/gccfd/gnuarm/bin/../lib/gcc/arm-elf/4.0.2/thumb/interwork/libgcc.a(_modsi3.o)
 .debug_line    0x00003ad4       0x5a /cygdrive/c/gccfd/gnuarm/bin/../lib/gcc/arm-elf/4.0.2/thumb/interwork/libgcc.a(_dvmd_tls.o)
 .debug_line    0x00003b2e      0x162 /cygdrive/c/gccfd/gnuarm/bin/../lib/gcc/arm-elf/4.0.2/thumb/interwork/libgcc.a(_addsubdf3.o)
 .debug_line    0x00003c90      0x177 /cygdrive/c/gccfd/gnuarm/bin/../lib/gcc/arm-elf/4.0.2/thumb/interwork/libgcc.a(_muldivdf3.o)
 .debug_line    0x00003e07       0xa4 /cygdrive/c/gccfd/gnuarm/bin/../lib/gcc/arm-elf/4.0.2/thumb/interwork/libgcc.a(_cmpdf2.o)
 .debug_line    0x00003eab       0x6f /cygdrive/c/gccfd/gnuarm/bin/../lib/gcc/arm-elf/4.0.2/thumb/interwork/libgcc.a(_fixdfsi.o)

.debug_frame    0x00000000      0xef4
 *(.debug_frame)
 .debug_frame   0x00000000       0x2c /cygdrive/c/gccfd/gnuarm/bin/../lib/gcc/arm-elf/4.0.2/../../../../arm-elf/lib/thumb/interwork/libc.a(memcpy.o)
 .debug_frame   0x0000002c       0x2c /cygdrive/c/gccfd/gnuarm/bin/../lib/gcc/arm-elf/4.0.2/../../../../arm-elf/lib/thumb/interwork/libc.a(memset.o)
 .debug_frame   0x00000058       0x50 /cygdrive/c/gccfd/gnuarm/bin/../lib/gcc/arm-elf/4.0.2/../../../../arm-elf/lib/thumb/interwork/libc.a(sprintf.o)
 .debug_frame   0x000000a8       0x2c /cygdrive/c/gccfd/gnuarm/bin/../lib/gcc/arm-elf/4.0.2/../../../../arm-elf/lib/thumb/interwork/libc.a(strlen.o)
 .debug_frame   0x000000d4       0x30 /cygdrive/c/gccfd/gnuarm/bin/../lib/gcc/arm-elf/4.0.2/../../../../arm-elf/lib/thumb/interwork/libc.a(strncpy.o)
 .debug_frame   0x00000104       0x70 /cygdrive/c/gccfd/gnuarm/bin/../lib/gcc/arm-elf/4.0.2/../../../../arm-elf/lib/thumb/interwork/libc.a(vfprintf.o)
 .debug_frame   0x00000174       0x48 /cygdrive/c/gccfd/gnuarm/bin/../lib/gcc/arm-elf/4.0.2/../../../../arm-elf/lib/thumb/interwork/libc.a(wcrtomb.o)
 .debug_frame   0x000001bc       0x5c /cygdrive/c/gccfd/gnuarm/bin/../lib/gcc/arm-elf/4.0.2/../../../../arm-elf/lib/thumb/interwork/libc.a(wcsrtombs.o)
 .debug_frame   0x00000218       0x30 /cygdrive/c/gccfd/gnuarm/bin/../lib/gcc/arm-elf/4.0.2/../../../../arm-elf/lib/thumb/interwork/libc.a(wctomb_r.o)
 .debug_frame   0x00000248       0x2c /cygdrive/c/gccfd/gnuarm/bin/../lib/gcc/arm-elf/4.0.2/../../../../arm-elf/lib/thumb/interwork/libc.a(wsetup.o)
 .debug_frame   0x00000274       0x68 /cygdrive/c/gccfd/gnuarm/bin/../lib/gcc/arm-elf/4.0.2/../../../../arm-elf/lib/thumb/interwork/libc.a(dtoa.o)
 .debug_frame   0x000002dc       0x2c /cygdrive/c/gccfd/gnuarm/bin/../lib/gcc/arm-elf/4.0.2/../../../../arm-elf/lib/thumb/interwork/libc.a(fflush.o)
 .debug_frame   0x00000308      0x134 /cygdrive/c/gccfd/gnuarm/bin/../lib/gcc/arm-elf/4.0.2/../../../../arm-elf/lib/thumb/interwork/libc.a(findfp.o)
 .debug_frame   0x0000043c       0x54 /cygdrive/c/gccfd/gnuarm/bin/../lib/gcc/arm-elf/4.0.2/../../../../arm-elf/lib/thumb/interwork/libc.a(freer.o)
 .debug_frame   0x00000490       0x3c /cygdrive/c/gccfd/gnuarm/bin/../lib/gcc/arm-elf/4.0.2/../../../../arm-elf/lib/thumb/interwork/libc.a(fvwrite.o)
 .debug_frame   0x000004cc       0x5c /cygdrive/c/gccfd/gnuarm/bin/../lib/gcc/arm-elf/4.0.2/../../../../arm-elf/lib/thumb/interwork/libc.a(fwalk.o)
 .debug_frame   0x00000528       0x7c /cygdrive/c/gccfd/gnuarm/bin/../lib/gcc/arm-elf/4.0.2/../../../../arm-elf/lib/thumb/interwork/libc.a(locale.o)
 .debug_frame   0x000005a4       0x30 /cygdrive/c/gccfd/gnuarm/bin/../lib/gcc/arm-elf/4.0.2/../../../../arm-elf/lib/thumb/interwork/libc.a(makebuf.o)
 .debug_frame   0x000005d4       0x3c /cygdrive/c/gccfd/gnuarm/bin/../lib/gcc/arm-elf/4.0.2/../../../../arm-elf/lib/thumb/interwork/libc.a(mallocr.o)
 .debug_frame   0x00000610       0x30 /cygdrive/c/gccfd/gnuarm/bin/../lib/gcc/arm-elf/4.0.2/../../../../arm-elf/lib/thumb/interwork/libc.a(memchr.o)
 .debug_frame   0x00000640       0x30 /cygdrive/c/gccfd/gnuarm/bin/../lib/gcc/arm-elf/4.0.2/../../../../arm-elf/lib/thumb/interwork/libc.a(memmove.o)
 .debug_frame   0x00000670       0x30 /cygdrive/c/gccfd/gnuarm/bin/../lib/gcc/arm-elf/4.0.2/../../../../arm-elf/lib/thumb/interwork/libc.a(mlock.o)
 .debug_frame   0x000006a0      0x224 /cygdrive/c/gccfd/gnuarm/bin/../lib/gcc/arm-elf/4.0.2/../../../../arm-elf/lib/thumb/interwork/libc.a(mprec.o)
 .debug_frame   0x000008c4       0x3c /cygdrive/c/gccfd/gnuarm/bin/../lib/gcc/arm-elf/4.0.2/../../../../arm-elf/lib/thumb/interwork/libc.a(reallocr.o)
 .debug_frame   0x00000900       0x20 /cygdrive/c/gccfd/gnuarm/bin/../lib/gcc/arm-elf/4.0.2/../../../../arm-elf/lib/thumb/interwork/libc.a(s_isinf.o)
 .debug_frame   0x00000920       0x20 /cygdrive/c/gccfd/gnuarm/bin/../lib/gcc/arm-elf/4.0.2/../../../../arm-elf/lib/thumb/interwork/libc.a(s_isnan.o)
 .debug_frame   0x00000940       0x2c /cygdrive/c/gccfd/gnuarm/bin/../lib/gcc/arm-elf/4.0.2/../../../../arm-elf/lib/thumb/interwork/libc.a(sbrkr.o)
 .debug_frame   0x0000096c       0x7c /cygdrive/c/gccfd/gnuarm/bin/../lib/gcc/arm-elf/4.0.2/../../../../arm-elf/lib/thumb/interwork/libc.a(stdio.o)
 .debug_frame   0x000009e8       0x2c /cygdrive/c/gccfd/gnuarm/bin/../lib/gcc/arm-elf/4.0.2/../../../../arm-elf/lib/thumb/interwork/libc.a(strcmp.o)
 .debug_frame   0x00000a14      0x30c /cygdrive/c/gccfd/gnuarm/bin/../lib/gcc/arm-elf/4.0.2/../../../../arm-elf/lib/thumb/interwork/libc.a(syscalls.o)
 .debug_frame   0x00000d20       0x2c /cygdrive/c/gccfd/gnuarm/bin/../lib/gcc/arm-elf/4.0.2/../../../../arm-elf/lib/thumb/interwork/libc.a(writer.o)
 .debug_frame   0x00000d4c       0x28 /cygdrive/c/gccfd/gnuarm/bin/../lib/gcc/arm-elf/4.0.2/../../../../arm-elf/lib/thumb/interwork/libc.a(callocr.o)
 .debug_frame   0x00000d74       0x2c /cygdrive/c/gccfd/gnuarm/bin/../lib/gcc/arm-elf/4.0.2/../../../../arm-elf/lib/thumb/interwork/libc.a(closer.o)
 .debug_frame   0x00000da0       0x20 /cygdrive/c/gccfd/gnuarm/bin/../lib/gcc/arm-elf/4.0.2/../../../../arm-elf/lib/thumb/interwork/libc.a(errno.o)
 .debug_frame   0x00000dc0       0x44 /cygdrive/c/gccfd/gnuarm/bin/../lib/gcc/arm-elf/4.0.2/../../../../arm-elf/lib/thumb/interwork/libc.a(fclose.o)
 .debug_frame   0x00000e04       0x2c /cygdrive/c/gccfd/gnuarm/bin/../lib/gcc/arm-elf/4.0.2/../../../../arm-elf/lib/thumb/interwork/libc.a(fstatr.o)
 .debug_frame   0x00000e30       0x2c /cygdrive/c/gccfd/gnuarm/bin/../lib/gcc/arm-elf/4.0.2/../../../../arm-elf/lib/thumb/interwork/libc.a(lseekr.o)
 .debug_frame   0x00000e5c       0x2c /cygdrive/c/gccfd/gnuarm/bin/../lib/gcc/arm-elf/4.0.2/../../../../arm-elf/lib/thumb/interwork/libc.a(readr.o)
 .debug_frame   0x00000e88       0x6c /cygdrive/c/gccfd/gnuarm/bin/../lib/gcc/arm-elf/4.0.2/../../../../arm-elf/lib/thumb/interwork/libc.a(reent.o)

.debug_str      0x00000000     0x1b91
 *(.debug_str)
 .debug_str     0x00000000       0xb8 /cygdrive/c/gccfd/gnuarm/bin/../lib/gcc/arm-elf/4.0.2/../../../../arm-elf/lib/thumb/interwork/libc.a(memcpy.o)
                                 0xdf (size before relaxing)