   1              		.code	16
   2              		.file	"main.c"
   3              		.section	.rodata.str1.4,"aMS",%progbits,1
   4              		.align	2
   5              	.LC0:
   6 0000 55534200 		.ascii	"USB\000"
   7              		.align	2
   8              	.LC3:
   9 0004 4F6E5553 		.ascii	"OnUSBComm\000"
   9      42436F6D 
   9      6D00
  10 000e 0000     		.align	2
  11              	.LC6:
  12 0010 4572726F 		.ascii	"ErrorCheck\000"
  12      72436865 
  12      636B00
  13 001b 00       		.section	.text.main,"ax",%progbits
  14              		.align	2
  15              		.global	main
  16              		.code 16
  17              		.thumb_func
  19              	main:
  20 0000 70B5     		push	{r4, r5, r6, lr}
  21 0002 204B     		ldr	r3, .L7
  22 0004 0025     		mov	r5, #0
  23 0006 82B0     		sub	sp, sp, #8
  24 0008 5D63     		str	r5, [r3, #52]
  25 000a 1F48     		ldr	r0, .L7+4
  26 000c 1F49     		ldr	r1, .L7+8
  27 000e FFF7FEFF 		bl	AT91F_PMC_EnablePeriphClock
  28 0012 1F48     		ldr	r0, .L7+12
  29 0014 0121     		mov	r1, #1
  30 0016 FFF7FEFF 		bl	AT91F_RSTSetMode
  31 001a FFF7FEFF 		bl	InitADC
  32 001e FFF7FEFF 		bl	InitPWM
  33 0022 FFF7FEFF 		bl	Init_LEDs
  34 0026 9622     		mov	r2, #150
  35 0028 0124     		mov	r4, #1
  36 002a 1A49     		ldr	r1, .L7+16
  37 002c 5200     		lsl	r2, r2, #1
  38 002e 0023     		mov	r3, #0
  39 0030 1948     		ldr	r0, .L7+20
  40 0032 0094     		str	r4, [sp]
  41 0034 0195     		str	r5, [sp, #4]
  42 0036 FFF7FEFF 		bl	xTaskCreate
  43 003a AF22     		mov	r2, #175
  44 003c 1749     		ldr	r1, .L7+24
  45 003e 9200     		lsl	r2, r2, #2
  46 0040 0023     		mov	r3, #0
  47 0042 1748     		ldr	r0, .L7+28
  48 0044 0094     		str	r4, [sp]
  49 0046 0195     		str	r5, [sp, #4]
  50 0048 FFF7FEFF 		bl	xTaskCreate
  51 004c 154E     		ldr	r6, .L7+32
  52 004e 6422     		mov	r2, #100
  53 0050 311C     		mov	r1, r6
  54 0052 0023     		mov	r3, #0
  55 0054 1448     		ldr	r0, .L7+36
  56 0056 0094     		str	r4, [sp]
  57 0058 0195     		str	r5, [sp, #4]
  58 005a FFF7FEFF 		bl	xTaskCreate
  59 005e 311C     		mov	r1, r6
  60 0060 6422     		mov	r2, #100
  61 0062 0023     		mov	r3, #0
  62 0064 1148     		ldr	r0, .L7+40
  63 0066 0094     		str	r4, [sp]
  64 0068 0195     		str	r5, [sp, #4]
  65 006a FFF7FEFF 		bl	xTaskCreate
  66 006e FFF7FEFF 		bl	vTaskStartScheduler
  67              	.L2:
  68 0072 0420     		mov	r0, #4
  69 0074 FFF7FEFF 		bl	Toggle_LED
  70 0078 0D4B     		ldr	r3, .L7+44
  71              	.L3:
  72 007a 013B     		sub	r3, r3, #1
  73 007c 002B     		cmp	r3, #0
  74 007e FCD1     		bne	.L3
  75 0080 F7E7     		b	.L2
  76              	.L8:
  77 0082 0000     		.align	2
  78              	.L7:
  79 0084 FCF0FFFF 		.word	-3844
  80 0088 00FCFFFF 		.word	-1024
  81 008c 44040040 		.word	1073742916
  82 0090 00FDFFFF 		.word	-768
  83 0094 00000000 		.word	.LC0
  84 0098 00000000 		.word	vUSBCDCTask
  85 009c 04000000 		.word	.LC3
  86 00a0 00000000 		.word	onUSBCommTask
  87 00a4 10000000 		.word	.LC6
  88 00a8 00000000 		.word	StatusLED1
  89 00ac 00000000 		.word	StatusLED2
  90 00b0 80841E00 		.word	2000000
  92              		.section	.text.StatusLED2,"ax",%progbits
  93              		.align	2
  94              		.code 16
  95              		.thumb_func
  97              	StatusLED2:
  98 0000 00B5     		push	{lr}
  99              	.L10:
 100 0002 FA20     		mov	r0, #250
 101 0004 FFF7FEFF 		bl	vTaskDelay
 102 0008 0420     		mov	r0, #4
 103 000a FFF7FEFF 		bl	Toggle_LED
 104 000e F8E7     		b	.L10
 106              		.section	.text.StatusLED1,"ax",%progbits
 107              		.align	2
 108              		.code 16
 109              		.thumb_func
 111              	StatusLED1:
 112 0000 00B5     		push	{lr}
 113              	.L13:
 114 0002 7D20     		mov	r0, #125
 115 0004 FFF7FEFF 		bl	vTaskDelay
 116 0008 0220     		mov	r0, #2
 117 000a FFF7FEFF 		bl	Toggle_LED
 118 000e F8E7     		b	.L13
 120              		.ident	"GCC: (GNU) 4.0.2"
DEFINED SYMBOLS
                            *ABS*:00000000 main.c
/cygdrive/c/Users/brent/AppData/Local/Temp/ccVkdkIQ.s:1      .text:00000000 $t
/cygdrive/c/Users/brent/AppData/Local/Temp/ccVkdkIQ.s:19     .text.main:00000000 main
/cygdrive/c/Users/brent/AppData/Local/Temp/ccVkdkIQ.s:16     .text.main:00000000 $t
/cygdrive/c/Users/brent/AppData/Local/Temp/ccVkdkIQ.s:79     .text.main:00000084 $d
/cygdrive/c/Users/brent/AppData/Local/Temp/ccVkdkIQ.s:111    .text.StatusLED1:00000000 StatusLED1
/cygdrive/c/Users/brent/AppData/Local/Temp/ccVkdkIQ.s:97     .text.StatusLED2:00000000 StatusLED2
/cygdrive/c/Users/brent/AppData/Local/Temp/ccVkdkIQ.s:94     .text.StatusLED2:00000000 $t
/cygdrive/c/Users/brent/AppData/Local/Temp/ccVkdkIQ.s:108    .text.StatusLED1:00000000 $t

UNDEFINED SYMBOLS
AT91F_PMC_EnablePeriphClock
AT91F_RSTSetMode
InitADC
InitPWM
Init_LEDs
xTaskCreate
vTaskStartScheduler
Toggle_LED
vUSBCDCTask
onUSBCommTask
vTaskDelay
