   1              		.code	16
   2              		.file	"heap_3.c"
  10              	.Ltext0:
  11              		.align	2
  12              		.global	pvPortMalloc
  13              		.code 16
  14              		.thumb_func
  16              	pvPortMalloc:
  17              	.LFB2:
  18              		.file 1 "FreeRTOS/Source/portable/MemMang/heap_3.c"
   1:FreeRTOS/Source/portable/MemMang/heap_3.c **** /*
   2:FreeRTOS/Source/portable/MemMang/heap_3.c **** 	FreeRTOS.org V4.1.0 - Copyright (C) 2003-2006 Richard Barry.
   3:FreeRTOS/Source/portable/MemMang/heap_3.c **** 
   4:FreeRTOS/Source/portable/MemMang/heap_3.c **** 	This file is part of the FreeRTOS.org distribution.
   5:FreeRTOS/Source/portable/MemMang/heap_3.c **** 
   6:FreeRTOS/Source/portable/MemMang/heap_3.c **** 	FreeRTOS.org is free software; you can redistribute it and/or modify
   7:FreeRTOS/Source/portable/MemMang/heap_3.c **** 	it under the terms of the GNU General Public License as published by
   8:FreeRTOS/Source/portable/MemMang/heap_3.c **** 	the Free Software Foundation; either version 2 of the License, or
   9:FreeRTOS/Source/portable/MemMang/heap_3.c **** 	(at your option) any later version.
  10:FreeRTOS/Source/portable/MemMang/heap_3.c **** 
  11:FreeRTOS/Source/portable/MemMang/heap_3.c **** 	FreeRTOS.org is distributed in the hope that it will be useful,
  12:FreeRTOS/Source/portable/MemMang/heap_3.c **** 	but WITHOUT ANY WARRANTY; without even the implied warranty of
  13:FreeRTOS/Source/portable/MemMang/heap_3.c **** 	MERCHANTABILITY or FITNESS FOR A PARTICULAR PURPOSE.  See the
  14:FreeRTOS/Source/portable/MemMang/heap_3.c **** 	GNU General Public License for more details.
  15:FreeRTOS/Source/portable/MemMang/heap_3.c **** 
  16:FreeRTOS/Source/portable/MemMang/heap_3.c **** 	You should have received a copy of the GNU General Public License
  17:FreeRTOS/Source/portable/MemMang/heap_3.c **** 	along with FreeRTOS.org; if not, write to the Free Software
  18:FreeRTOS/Source/portable/MemMang/heap_3.c **** 	Foundation, Inc., 59 Temple Place, Suite 330, Boston, MA  02111-1307  USA
  19:FreeRTOS/Source/portable/MemMang/heap_3.c **** 
  20:FreeRTOS/Source/portable/MemMang/heap_3.c **** 	A special exception to the GPL can be applied should you wish to distribute
  21:FreeRTOS/Source/portable/MemMang/heap_3.c **** 	a combined work that includes FreeRTOS.org, without being obliged to provide
  22:FreeRTOS/Source/portable/MemMang/heap_3.c **** 	the source code for any proprietary components.  See the licensing section 
  23:FreeRTOS/Source/portable/MemMang/heap_3.c **** 	of http://www.FreeRTOS.org for full details of how and when the exception
  24:FreeRTOS/Source/portable/MemMang/heap_3.c **** 	can be applied.
  25:FreeRTOS/Source/portable/MemMang/heap_3.c **** 
  26:FreeRTOS/Source/portable/MemMang/heap_3.c **** 	***************************************************************************
  27:FreeRTOS/Source/portable/MemMang/heap_3.c **** 	See http://www.FreeRTOS.org for documentation, latest information, license 
  28:FreeRTOS/Source/portable/MemMang/heap_3.c **** 	and contact details.  Please ensure to read the configuration and relevant 
  29:FreeRTOS/Source/portable/MemMang/heap_3.c **** 	port sections of the online documentation.
  30:FreeRTOS/Source/portable/MemMang/heap_3.c **** 	***************************************************************************
  31:FreeRTOS/Source/portable/MemMang/heap_3.c **** */
  32:FreeRTOS/Source/portable/MemMang/heap_3.c **** 
  33:FreeRTOS/Source/portable/MemMang/heap_3.c **** 
  34:FreeRTOS/Source/portable/MemMang/heap_3.c **** /*
  35:FreeRTOS/Source/portable/MemMang/heap_3.c ****  * Implementation of pvPortMalloc() and vPortFree() that relies on the
  36:FreeRTOS/Source/portable/MemMang/heap_3.c ****  * compilers own malloc() and free() implementations.
  37:FreeRTOS/Source/portable/MemMang/heap_3.c ****  *
  38:FreeRTOS/Source/portable/MemMang/heap_3.c ****  * This file can only be used if the linker is configured to to generate
  39:FreeRTOS/Source/portable/MemMang/heap_3.c ****  * a heap memory area.
  40:FreeRTOS/Source/portable/MemMang/heap_3.c ****  *
  41:FreeRTOS/Source/portable/MemMang/heap_3.c ****  * See heap_2.c and heap_1.c for alternative implementations, and the memory
  42:FreeRTOS/Source/portable/MemMang/heap_3.c ****  * management pages of http://www.FreeRTOS.org for more information.
  43:FreeRTOS/Source/portable/MemMang/heap_3.c ****  */
  44:FreeRTOS/Source/portable/MemMang/heap_3.c **** 
  45:FreeRTOS/Source/portable/MemMang/heap_3.c **** #include <stdlib.h>
  46:FreeRTOS/Source/portable/MemMang/heap_3.c **** 
  47:FreeRTOS/Source/portable/MemMang/heap_3.c **** #include "FreeRTOS.h"
  48:FreeRTOS/Source/portable/MemMang/heap_3.c **** #include "task.h"
  49:FreeRTOS/Source/portable/MemMang/heap_3.c **** 
  50:FreeRTOS/Source/portable/MemMang/heap_3.c **** /*-----------------------------------------------------------*/
  51:FreeRTOS/Source/portable/MemMang/heap_3.c **** 
  52:FreeRTOS/Source/portable/MemMang/heap_3.c **** void *pvPortMalloc( size_t xWantedSize )
  53:FreeRTOS/Source/portable/MemMang/heap_3.c **** {
  19              		.loc 1 53 0
  20 0000 00B5     		push	{lr}
  21              	.LCFI0:
  22 0002 82B0     		sub	sp, sp, #8
  23              	.LCFI1:
  24 0004 6B46     		mov	r3, sp
  25 0006 1860     		str	r0, [r3]
  54:FreeRTOS/Source/portable/MemMang/heap_3.c **** void *pvReturn;
  55:FreeRTOS/Source/portable/MemMang/heap_3.c **** 
  56:FreeRTOS/Source/portable/MemMang/heap_3.c **** 	vTaskSuspendAll();
  26              		.loc 1 56 0
  27 0008 FFF7FEFF 		bl	vTaskSuspendAll
  57:FreeRTOS/Source/portable/MemMang/heap_3.c **** 	{
  58:FreeRTOS/Source/portable/MemMang/heap_3.c **** 		pvReturn = malloc( xWantedSize );
  28              		.loc 1 58 0
  29 000c 6B46     		mov	r3, sp
  30 000e 1B68     		ldr	r3, [r3]
  31 0010 181C     		mov	r0, r3
  32 0012 FFF7FEFF 		bl	malloc
  33 0016 031C     		mov	r3, r0
  34 0018 1A1C     		mov	r2, r3
  35 001a 01AB     		add	r3, sp, #4
  36 001c 1A60     		str	r2, [r3]
  59:FreeRTOS/Source/portable/MemMang/heap_3.c **** 	}
  60:FreeRTOS/Source/portable/MemMang/heap_3.c **** 	xTaskResumeAll();
  37              		.loc 1 60 0
  38 001e FFF7FEFF 		bl	xTaskResumeAll
  61:FreeRTOS/Source/portable/MemMang/heap_3.c **** 
  62:FreeRTOS/Source/portable/MemMang/heap_3.c **** 	return pvReturn;
  39              		.loc 1 62 0
  40 0022 01AB     		add	r3, sp, #4
  41 0024 1B68     		ldr	r3, [r3]
  63:FreeRTOS/Source/portable/MemMang/heap_3.c **** }
  42              		.loc 1 63 0
  43 0026 181C     		mov	r0, r3
  44 0028 02B0     		add	sp, sp, #8
  45              		@ sp needed for prologue
  46 002a 02BC     		pop	{r1}
  47 002c 0847     		bx	r1
  48              	.LFE2:
  50 002e 0000     		.align	2
  51              		.global	vPortFree
  52              		.code 16
  53              		.thumb_func
  55              	vPortFree:
  56              	.LFB3:
  64:FreeRTOS/Source/portable/MemMang/heap_3.c **** /*-----------------------------------------------------------*/
  65:FreeRTOS/Source/portable/MemMang/heap_3.c **** 
  66:FreeRTOS/Source/portable/MemMang/heap_3.c **** void vPortFree( void *pv )
  67:FreeRTOS/Source/portable/MemMang/heap_3.c **** {
  57              		.loc 1 67 0
  58 0030 00B5     		push	{lr}
  59              	.LCFI2:
  60 0032 81B0     		sub	sp, sp, #4
  61              	.LCFI3:
  62 0034 6B46     		mov	r3, sp
  63 0036 1860     		str	r0, [r3]
  68:FreeRTOS/Source/portable/MemMang/heap_3.c **** 	if( pv )
  64              		.loc 1 68 0
  65 0038 6B46     		mov	r3, sp
  66 003a 1B68     		ldr	r3, [r3]
  67 003c 002B     		cmp	r3, #0
  68 003e 08D0     		beq	.L6
  69:FreeRTOS/Source/portable/MemMang/heap_3.c **** 	{
  70:FreeRTOS/Source/portable/MemMang/heap_3.c **** 		vTaskSuspendAll();
  69              		.loc 1 70 0
  70 0040 FFF7FEFF 		bl	vTaskSuspendAll
  71:FreeRTOS/Source/portable/MemMang/heap_3.c **** 		{
  72:FreeRTOS/Source/portable/MemMang/heap_3.c **** 			free( pv );
  71              		.loc 1 72 0
  72 0044 6B46     		mov	r3, sp
  73 0046 1B68     		ldr	r3, [r3]
  74 0048 181C     		mov	r0, r3
  75 004a FFF7FEFF 		bl	free
  73:FreeRTOS/Source/portable/MemMang/heap_3.c **** 		}
  74:FreeRTOS/Source/portable/MemMang/heap_3.c **** 		xTaskResumeAll();
  76              		.loc 1 74 0
  77 004e FFF7FEFF 		bl	xTaskResumeAll
  78              	.L6:
  75:FreeRTOS/Source/portable/MemMang/heap_3.c **** 	}
  76:FreeRTOS/Source/portable/MemMang/heap_3.c **** }
  79              		.loc 1 76 0
  80 0052 01B0     		add	sp, sp, #4
  81              		@ sp needed for prologue
  82 0054 01BC     		pop	{r0}
  83 0056 0047     		bx	r0
  84              	.LFE3:
 139              	.Letext0:
DEFINED SYMBOLS
                            *ABS*:00000000 heap_3.c
/cygdrive/c/Users/brent/AppData/Local/Temp/ccoNGRcU.s:1      .text:00000000 $t
/cygdrive/c/Users/brent/AppData/Local/Temp/ccoNGRcU.s:16     .text:00000000 pvPortMalloc
/cygdrive/c/Users/brent/AppData/Local/Temp/ccoNGRcU.s:55     .text:00000030 vPortFree

UNDEFINED SYMBOLS
vTaskSuspendAll
malloc
xTaskResumeAll
free
