   1              		.file	"interrupt_utils.c"
   2              		.section	.text.enableFIQ,"ax",%progbits
   3              		.align	2
   4              		.global	enableFIQ
   6              	enableFIQ:
   7              		@ Function supports interworking.
   8              		@ args = 0, pretend = 0, frame = 0
   9              		@ frame_needed = 0, uses_anonymous_args = 0
  10              		@ link register save eliminated.
  11              		@ lr needed for prologue
  12 0000 00000FE1 		 mrs  r0, cpsr
  13 0004 4030C0E3 		bic	r3, r0, #64
  14 0008 03F029E1 		 msr  cpsr, r3
  15 000c 1EFF2FE1 		bx	lr
  17              		.section	.text.disableIRQ,"ax",%progbits
  18              		.align	2
  19              		.global	disableIRQ
  21              	disableIRQ:
  22              		@ Function supports interworking.
  23              		@ args = 0, pretend = 0, frame = 0
  24              		@ frame_needed = 0, uses_anonymous_args = 0
  25              		@ link register save eliminated.
  26              		@ lr needed for prologue
  27 0000 00000FE1 		 mrs  r0, cpsr
  28 0004 803080E3 		orr	r3, r0, #128
  29 0008 03F029E1 		 msr  cpsr, r3
  30 000c 1EFF2FE1 		bx	lr
  32              		.section	.text.restoreIRQ,"ax",%progbits
  33              		.align	2
  34              		.global	restoreIRQ
  36              	restoreIRQ:
  37              		@ Function supports interworking.
  38              		@ args = 0, pretend = 0, frame = 0
  39              		@ frame_needed = 0, uses_anonymous_args = 0
  40              		@ link register save eliminated.
  41              		@ lr needed for prologue
  42 0000 00200FE1 		 mrs  r2, cpsr
  43 0004 800000E2 		and	r0, r0, #128
  44 0008 8030C2E3 		bic	r3, r2, #128
  45 000c 003083E1 		orr	r3, r3, r0
  46 0010 03F029E1 		 msr  cpsr, r3
  47 0014 0200A0E1 		mov	r0, r2
  48 0018 1EFF2FE1 		bx	lr
  50              		.section	.text.enableIRQ,"ax",%progbits
  51              		.align	2
  52              		.global	enableIRQ
  54              	enableIRQ:
  55              		@ Function supports interworking.
  56              		@ args = 0, pretend = 0, frame = 0
  57              		@ frame_needed = 0, uses_anonymous_args = 0
  58              		@ link register save eliminated.
  59              		@ lr needed for prologue
  60 0000 00000FE1 		 mrs  r0, cpsr
  61 0004 8030C0E3 		bic	r3, r0, #128
  62 0008 03F029E1 		 msr  cpsr, r3
  63 000c 1EFF2FE1 		bx	lr
  65              		.section	.text.disableFIQ,"ax",%progbits
  66              		.align	2
  67              		.global	disableFIQ
  69              	disableFIQ:
  70              		@ Function supports interworking.
  71              		@ args = 0, pretend = 0, frame = 0
  72              		@ frame_needed = 0, uses_anonymous_args = 0
  73              		@ link register save eliminated.
  74              		@ lr needed for prologue
  75 0000 00000FE1 		 mrs  r0, cpsr
  76 0004 403080E3 		orr	r3, r0, #64
  77 0008 03F029E1 		 msr  cpsr, r3
  78 000c 1EFF2FE1 		bx	lr
  80              		.section	.text.restoreFIQ,"ax",%progbits
  81              		.align	2
  82              		.global	restoreFIQ
  84              	restoreFIQ:
  85              		@ Function supports interworking.
  86              		@ args = 0, pretend = 0, frame = 0
  87              		@ frame_needed = 0, uses_anonymous_args = 0
  88              		@ link register save eliminated.
  89              		@ lr needed for prologue
  90 0000 00200FE1 		 mrs  r2, cpsr
  91 0004 400000E2 		and	r0, r0, #64
  92 0008 4030C2E3 		bic	r3, r2, #64
  93 000c 003083E1 		orr	r3, r3, r0
  94 0010 03F029E1 		 msr  cpsr, r3
  95 0014 0200A0E1 		mov	r0, r2
  96 0018 1EFF2FE1 		bx	lr
  98              		.ident	"GCC: (GNU) 4.0.2"
DEFINED SYMBOLS
                            *ABS*:00000000 interrupt_utils.c
/cygdrive/c/Users/brent/AppData/Local/Temp/ccWKN1Ok.s:6      .text.enableFIQ:00000000 enableFIQ
/cygdrive/c/Users/brent/AppData/Local/Temp/ccWKN1Ok.s:12     .text.enableFIQ:00000000 $a
/cygdrive/c/Users/brent/AppData/Local/Temp/ccWKN1Ok.s:21     .text.disableIRQ:00000000 disableIRQ
/cygdrive/c/Users/brent/AppData/Local/Temp/ccWKN1Ok.s:27     .text.disableIRQ:00000000 $a
/cygdrive/c/Users/brent/AppData/Local/Temp/ccWKN1Ok.s:36     .text.restoreIRQ:00000000 restoreIRQ
/cygdrive/c/Users/brent/AppData/Local/Temp/ccWKN1Ok.s:42     .text.restoreIRQ:00000000 $a
/cygdrive/c/Users/brent/AppData/Local/Temp/ccWKN1Ok.s:54     .text.enableIRQ:00000000 enableIRQ
/cygdrive/c/Users/brent/AppData/Local/Temp/ccWKN1Ok.s:60     .text.enableIRQ:00000000 $a
/cygdrive/c/Users/brent/AppData/Local/Temp/ccWKN1Ok.s:69     .text.disableFIQ:00000000 disableFIQ
/cygdrive/c/Users/brent/AppData/Local/Temp/ccWKN1Ok.s:75     .text.disableFIQ:00000000 $a
/cygdrive/c/Users/brent/AppData/Local/Temp/ccWKN1Ok.s:84     .text.restoreFIQ:00000000 restoreFIQ
/cygdrive/c/Users/brent/AppData/Local/Temp/ccWKN1Ok.s:90     .text.restoreFIQ:00000000 $a

NO UNDEFINED SYMBOLS
