Archive member included because of file (symbol)

/cygdrive/c/gccfd/gnuarm/bin/../lib/gcc/arm-elf/4.0.2/../../../../arm-elf/lib/thumb/interwork/libc.a(memcpy.o)
                              FreeRTOS/Source/queue.o (memcpy)
/cygdrive/c/gccfd/gnuarm/bin/../lib/gcc/arm-elf/4.0.2/../../../../arm-elf/lib/thumb/interwork/libc.a(memset.o)
                              FreeRTOS/Source/tasks.o (memset)
/cygdrive/c/gccfd/gnuarm/bin/../lib/gcc/arm-elf/4.0.2/../../../../arm-elf/lib/thumb/interwork/libc.a(strcpy.o)
                              cfi/source/usb_comm.o (strcpy)
/cygdrive/c/gccfd/gnuarm/bin/../lib/gcc/arm-elf/4.0.2/../../../../arm-elf/lib/thumb/interwork/libc.a(strlen.o)
                              cfi/source/usb_comm.o (strlen)
/cygdrive/c/gccfd/gnuarm/bin/../lib/gcc/arm-elf/4.0.2/../../../../arm-elf/lib/thumb/interwork/libc.a(strncpy.o)
                              FreeRTOS/Source/tasks.o (strncpy)
/cygdrive/c/gccfd/gnuarm/bin/../lib/gcc/arm-elf/4.0.2/thumb/interwork/libgcc.a(_udivsi3.o)
                              hardware/lib_AT91SAM7S256.o (__udivsi3)
/cygdrive/c/gccfd/gnuarm/bin/../lib/gcc/arm-elf/4.0.2/thumb/interwork/libgcc.a(_divsi3.o)
                              hardware/lib_AT91SAM7S256.o (__divsi3)
/cygdrive/c/gccfd/gnuarm/bin/../lib/gcc/arm-elf/4.0.2/thumb/interwork/libgcc.a(_umodsi3.o)
                              hardware/lib_AT91SAM7S256.o (__umodsi3)
/cygdrive/c/gccfd/gnuarm/bin/../lib/gcc/arm-elf/4.0.2/thumb/interwork/libgcc.a(_dvmd_tls.o)
                              /cygdrive/c/gccfd/gnuarm/bin/../lib/gcc/arm-elf/4.0.2/thumb/interwork/libgcc.a(_udivsi3.o) (__div0)

Allocating common symbols
Common symbol       size              file

blinkcount          0x4               blinker.o
xUSBInterruptQueue  0x4               cfi/source/USB-CDC.o

Memory Configuration

Name             Origin             Length             Attributes
FLASH            0x00100000         0x00010000         xr
DATA             0x00200000         0x00004000         rw
STACK            0x00204000         0x00000000         rw
*default*        0x00000000         0xffffffff

Linker script and memory map

LOAD startup_SAM7S.o
LOAD FreeRTOS/Source/portable/GCC/ARM7_AT91SAM7S/portISR.o
LOAD interrupt_utils.o
LOAD blinker.o
LOAD cfi/source/USBIsr.o
LOAD main.o
LOAD hardware/lib_AT91SAM7S256.o
LOAD FreeRTOS/Source/tasks.o
LOAD FreeRTOS/Source/queue.o
LOAD FreeRTOS/Source/list.o
LOAD FreeRTOS/Source/portable/MemMang/heap_2.o
LOAD FreeRTOS/Source/portable/GCC/ARM7_AT91SAM7S/port.o
LOAD led_debug.o
LOAD cfi/source/usb_comm.o
LOAD cfi/source/USB-CDC.o
LOAD /cygdrive/c/gccfd/gnuarm/bin/../lib/gcc/arm-elf/4.0.2/../../../../arm-elf/lib/thumb/interwork/libc.a
LOAD /cygdrive/c/gccfd/gnuarm/bin/../lib/gcc/arm-elf/4.0.2/../../../../arm-elf/lib/thumb/interwork/libm.a
LOAD /cygdrive/c/gccfd/gnuarm/bin/../lib/gcc/arm-elf/4.0.2/../../../../arm-elf/lib/thumb/interwork/libc.a
LOAD /cygdrive/c/gccfd/gnuarm/bin/../lib/gcc/arm-elf/4.0.2/thumb/interwork/libgcc.a
LOAD /cygdrive/c/gccfd/gnuarm/bin/../lib/gcc/arm-elf/4.0.2/thumb/interwork/libgcc.a
LOAD /cygdrive/c/gccfd/gnuarm/bin/../lib/gcc/arm-elf/4.0.2/../../../../arm-elf/lib/thumb/interwork/libc.a
LOAD /cygdrive/c/gccfd/gnuarm/bin/../lib/gcc/arm-elf/4.0.2/thumb/interwork/libgcc.a

.text           0x00100000     0x1c08
 *(.vectrom)
 .vectrom       0x00100000       0x58 startup_SAM7S.o
                0x00100050                IRQ_Handler
                0x00100040                Undef_Handler
                0x0010004c                DAbt_Handler
                0x00100054                FIQ_Handler
                0x00100048                PAbt_Handler
 *(.init)
 .init          0x00100058      0x160 startup_SAM7S.o
                0x00100058                _startup
 *(.text .text.*)
 .text.vPortISRStartFirstTask
                0x001001b8       0x54 FreeRTOS/Source/portable/GCC/ARM7_AT91SAM7S/portISR.o
                0x001001b8                vPortISRStartFirstTask
 .text.SWI_Handler
                0x0010020c       0xac FreeRTOS/Source/portable/GCC/ARM7_AT91SAM7S/portISR.o
                0x0010020c                SWI_Handler
 .text.vPreemptiveTick
                0x001002b8       0xc0 FreeRTOS/Source/portable/GCC/ARM7_AT91SAM7S/portISR.o
                0x001002b8                vPreemptiveTick
 .text.vPortDisableInterruptsFromThumb
                0x00100378       0x18 FreeRTOS/Source/portable/GCC/ARM7_AT91SAM7S/portISR.o
                0x00100378                vPortDisableInterruptsFromThumb
 .text.vPortEnterCritical
                0x00100390       0x2c FreeRTOS/Source/portable/GCC/ARM7_AT91SAM7S/portISR.o
                0x00100390                vPortEnterCritical
 .text.vPortExitCritical
                0x001003bc       0x44 FreeRTOS/Source/portable/GCC/ARM7_AT91SAM7S/portISR.o
                0x001003bc                vPortExitCritical
 .text.vUSB_ISR
                0x00100400      0x23c cfi/source/USBIsr.o
                0x00100400                vUSB_ISR
 .text.main     0x0010063c       0xac main.o
                0x0010063c                main
 .text.StatusLED2
                0x001006e8       0x10 main.o
 .text.StatusLED1
                0x001006f8       0x10 main.o
 .text.AT91F_AIC_ConfigureIt
                0x00100708       0x28 hardware/lib_AT91SAM7S256.o
                0x00100708                AT91F_AIC_ConfigureIt
 .text.AT91F_PIO_CfgOutput
                0x00100730        0x8 hardware/lib_AT91SAM7S256.o
                0x00100730                AT91F_PIO_CfgOutput
 .text.AT91F_PIO_GetInput
                0x00100738        0x4 hardware/lib_AT91SAM7S256.o
                0x00100738                AT91F_PIO_GetInput
 .text.AT91F_PIO_SetOutput
                0x0010073c        0x4 hardware/lib_AT91SAM7S256.o
                0x0010073c                AT91F_PIO_SetOutput
 .text.AT91F_PIO_ClearOutput
                0x00100740        0x4 hardware/lib_AT91SAM7S256.o
                0x00100740                AT91F_PIO_ClearOutput
 .text.AT91F_PMC_EnablePeriphClock
                0x00100744        0x4 hardware/lib_AT91SAM7S256.o
                0x00100744                AT91F_PMC_EnablePeriphClock
 .text.AT91F_RSTSetMode
                0x00100748        0xc hardware/lib_AT91SAM7S256.o
                0x00100748                AT91F_RSTSetMode
 .text.vTaskSuspendAll
                0x00100754       0x1c FreeRTOS/Source/tasks.o
                0x00100754                vTaskSuspendAll
 .text.vTaskIncrementTick
                0x00100770       0xb0 FreeRTOS/Source/tasks.o
                0x00100770                vTaskIncrementTick
 .text.xTaskResumeAll
                0x00100820       0xd0 FreeRTOS/Source/tasks.o
                0x00100820                xTaskResumeAll
 .text.vTaskDelay
                0x001008f0       0x58 FreeRTOS/Source/tasks.o
                0x001008f0                vTaskDelay
 .text.vTaskSwitchContext
                0x00100948       0xa8 FreeRTOS/Source/tasks.o
                0x00100948                vTaskSwitchContext
 .text.vTaskPlaceOnEventList
                0x001009f0       0x4c FreeRTOS/Source/tasks.o
                0x001009f0                vTaskPlaceOnEventList
 .text.xTaskRemoveFromEventList
                0x00100a3c       0x74 FreeRTOS/Source/tasks.o
                0x00100a3c                xTaskRemoveFromEventList
 .text.vTaskSetTimeOutState
                0x00100ab0       0x18 FreeRTOS/Source/tasks.o
                0x00100ab0                vTaskSetTimeOutState
 .text.vTaskMissedYield
                0x00100ac8        0xc FreeRTOS/Source/tasks.o
                0x00100ac8                vTaskMissedYield
 .text.prvIdleTask
                0x00100ad4       0x10 FreeRTOS/Source/tasks.o
 .text.xTaskCreate
                0x00100ae4      0x18c FreeRTOS/Source/tasks.o
                0x00100ae4                xTaskCreate
 .text.vTaskStartScheduler
                0x00100c70       0x44 FreeRTOS/Source/tasks.o
                0x00100c70                vTaskStartScheduler
 .text.xTaskCheckForTimeOut
                0x00100cb4       0x4c FreeRTOS/Source/tasks.o
                0x00100cb4                xTaskCheckForTimeOut
 .text.xQueueCreate
                0x00100d00       0x68 FreeRTOS/Source/queue.o
                0x00100d00                xQueueCreate
 .text.xQueueSendFromISR
                0x00100d68       0x60 FreeRTOS/Source/queue.o
                0x00100d68                xQueueSendFromISR
 .text.uxQueueMessagesWaiting
                0x00100dc8       0x18 FreeRTOS/Source/queue.o
                0x00100dc8                uxQueueMessagesWaiting
 .text.prvUnlockQueue
                0x00100de0       0x68 FreeRTOS/Source/queue.o
 .text.xQueueReceive
                0x00100e48       0xe4 FreeRTOS/Source/queue.o
                0x00100e48                xQueueReceive
 .text.xQueueSend
                0x00100f2c       0xe8 FreeRTOS/Source/queue.o
                0x00100f2c                xQueueSend
 .text.vListInitialise
                0x00101014       0x18 FreeRTOS/Source/list.o
                0x00101014                vListInitialise
 .text.vListInitialiseItem
                0x0010102c        0x8 FreeRTOS/Source/list.o
                0x0010102c                vListInitialiseItem
 .text.vListInsertEnd
                0x00101034       0x1c FreeRTOS/Source/list.o
                0x00101034                vListInsertEnd
 .text.vListInsert
                0x00101050       0x34 FreeRTOS/Source/list.o
                0x00101050                vListInsert
 .text.vListRemove
                0x00101084       0x20 FreeRTOS/Source/list.o
                0x00101084                vListRemove
 .text.pvPortMalloc
                0x001010a4       0xb4 FreeRTOS/Source/portable/MemMang/heap_2.o
                0x001010a4                pvPortMalloc
 .text.vPortFree
                0x00101158       0x30 FreeRTOS/Source/portable/MemMang/heap_2.o
                0x00101158                vPortFree
 .text.pxPortInitialiseStack
                0x00101188       0xa4 FreeRTOS/Source/portable/GCC/ARM7_AT91SAM7S/port.o
                0x00101188                pxPortInitialiseStack
 .text.xPortStartScheduler
                0x0010122c       0x40 FreeRTOS/Source/portable/GCC/ARM7_AT91SAM7S/port.o
                0x0010122c                xPortStartScheduler
 .text.Init_LEDs
                0x0010126c       0x20 led_debug.o
                0x0010126c                Init_LEDs
 .text.Toggle_LED
                0x0010128c       0x2c led_debug.o
                0x0010128c                Toggle_LED
 .text.SendBytes
                0x001012b8       0x20 cfi/source/usb_comm.o
                0x001012b8                SendBytes
 .text.onUSBCommTask
                0x001012d8       0x64 cfi/source/usb_comm.o
                0x001012d8                onUSBCommTask
 .text.vUSBIsInitialized
                0x0010133c        0xc cfi/source/USB-CDC.o
                0x0010133c                vUSBIsInitialized
 .text.vUSBSendByte
                0x00101348       0x20 cfi/source/USB-CDC.o
                0x00101348                vUSBSendByte
 .text.vUSBReceiveByte
                0x00101368       0x18 cfi/source/USB-CDC.o
                0x00101368                vUSBReceiveByte
 .text.prvSendZLP
                0x00101380       0x44 cfi/source/USB-CDC.o
 .text.prvSendStall
                0x001013c4       0x24 cfi/source/USB-CDC.o
 .text.prvSendNextSegment
                0x001013e8       0xa4 cfi/source/USB-CDC.o
 .text.prvSendControlData
                0x0010148c       0x50 cfi/source/USB-CDC.o
 .text.vUSBCDCTask
                0x001014dc      0x4ec cfi/source/USB-CDC.o
                0x001014dc                vUSBCDCTask
 .text          0x001019c8       0x68 /cygdrive/c/gccfd/gnuarm/bin/../lib/gcc/arm-elf/4.0.2/../../../../arm-elf/lib/thumb/interwork/libc.a(memcpy.o)
                0x001019c8                memcpy
 .text          0x00101a30       0x68 /cygdrive/c/gccfd/gnuarm/bin/../lib/gcc/arm-elf/4.0.2/../../../../arm-elf/lib/thumb/interwork/libc.a(memset.o)
                0x00101a30                memset
 .text          0x00101a98       0x60 /cygdrive/c/gccfd/gnuarm/bin/../lib/gcc/arm-elf/4.0.2/../../../../arm-elf/lib/thumb/interwork/libc.a(strcpy.o)
                0x00101a98                strcpy
 .text          0x00101af8       0x48 /cygdrive/c/gccfd/gnuarm/bin/../lib/gcc/arm-elf/4.0.2/../../../../arm-elf/lib/thumb/interwork/libc.a(strlen.o)
                0x00101af8                strlen
 .text          0x00101b40       0x84 /cygdrive/c/gccfd/gnuarm/bin/../lib/gcc/arm-elf/4.0.2/../../../../arm-elf/lib/thumb/interwork/libc.a(strncpy.o)
                0x00101b40                strncpy
 *(.gnu.linkonce.t.*)
 *(.glue_7t .glue_7)
 .glue_7        0x00101bc4       0x24 /cygdrive/c/gccfd/gnuarm/bin/../lib/gcc/arm-elf/4.0.2/thumb/interwork/libgcc.a(_dvmd_tls.o)
                0x00101bdc                __xQueueSendFromISR_from_arm
                0x00101bd0                __vTaskIncrementTick_from_arm
                0x00101bc4                __vTaskSwitchContext_from_arm
 .glue_7t       0x00101be8       0x20 /cygdrive/c/gccfd/gnuarm/bin/../lib/gcc/arm-elf/4.0.2/thumb/interwork/libgcc.a(_dvmd_tls.o)
                0x00101bec                __vPortEnterCritical_change_to_arm
                0x00101bf4                __vPortExitCritical_change_to_arm
                0x00101c00                __vPortISRStartFirstTask_from_thumb
                0x00101bf8                __vPortDisableInterruptsFromThumb_from_thumb
                0x00101bf0                __vPortExitCritical_from_thumb
                0x00101be8                __vPortEnterCritical_from_thumb
                0x00101c04                __vPortISRStartFirstTask_change_to_arm
                0x00101bfc                __vPortDisableInterruptsFromThumb_change_to_arm
 *(.fini)
 *(.gcc_except_table)
                0x00101c08                . = ALIGN (0x4)

.ctors          0x00101c08        0x0
                0x00101c08                PROVIDE (__ctors_start__, .)
 *(SORT(.ctors.*))
 *(.ctors)
                0x00101c08                PROVIDE (__ctors_end__, .)

.dtors          0x00101c08        0x0
                0x00101c08                PROVIDE (__dtors_start__, .)
 *(SORT(.dtors.*))
 *(.dtors)
                0x00101c08                PROVIDE (__dtors_end__, .)

.rodata         0x00101c08      0x144
 *(.rodata .rodata.*)
 .rodata.str1.4
                0x00101c08       0x1b main.o
                                 0x1c (size before relaxing)
 *fill*         0x00101c23        0x1 00
 .rodata.str1.4
                0x00101c24        0x5 FreeRTOS/Source/tasks.o
                                  0x8 (size before relaxing)
 *fill*         0x00101c29        0x3 00
 .rodata.str1.4
                0x00101c2c        0x7 cfi/source/usb_comm.o
                                  0x8 (size before relaxing)
 .rodata.pxConfigDescriptor
                0x00101c33       0x43 cfi/source/USB-CDC.o
                0x00101c33                pxConfigDescriptor
 .rodata.pxDeviceDescriptor
                0x00101c76       0x12 cfi/source/USB-CDC.o
                0x00101c76                pxDeviceDescriptor
 .rodata.pxInterfaceStringDescriptor
                0x00101c88       0x1e cfi/source/USB-CDC.o
                0x00101c88                pxInterfaceStringDescriptor
 .rodata.pxConfigurationStringDescriptor
                0x00101ca6       0x26 cfi/source/USB-CDC.o
                0x00101ca6                pxConfigurationStringDescriptor
 .rodata.pxProductStringDescriptor
                0x00101ccc       0x24 cfi/source/USB-CDC.o
                0x00101ccc                pxProductStringDescriptor
 .rodata.pxManufacturerStringDescriptor
                0x00101cf0       0x12 cfi/source/USB-CDC.o
                0x00101cf0                pxManufacturerStringDescriptor
 .rodata.pxLanguageStringDescriptor
                0x00101d02        0x4 cfi/source/USB-CDC.o
                0x00101d02                pxLanguageStringDescriptor
 .rodata.pxLineCoding
                0x00101d06        0x7 cfi/source/USB-CDC.o
 *fill*         0x00101d0d        0x3 00
 .rodata.vUSBCDCTask
                0x00101d10       0x3c cfi/source/USB-CDC.o
 *(.gnu.linkonce.r.*)
                0x00101d4c                . = ALIGN (0x4)
                0x00101d4c                _etext = .
                0x00101d4c                PROVIDE (etext, .)

.data           0x00200000       0x58 load address 0x00101d4c
                0x00200000                _data = .
 *(.vectram)
 .vectram       0x00200000       0x58 startup_SAM7S.o
 *(.data)
                0x00200058                . = ALIGN (0x4)
 *(.fastrun)

.data.ulCriticalNesting
                0x00200058        0x4 load address 0x00101da4
 .data.ulCriticalNesting
                0x00200058        0x4 FreeRTOS/Source/portable/GCC/ARM7_AT91SAM7S/portISR.o
                0x00200058                ulCriticalNesting
                0x0020005c                . = ALIGN (0x4)
                0x0020005c                _edata = .
                0x0020005c                PROVIDE (edata, .)

.bss            0x0020005c        0x4
                0x0020005c                __bss_start = .
                0x0020005c                __bss_start__ = .
 *(.bss)
 *(COMMON)
 COMMON         0x0020005c        0x4 cfi/source/USB-CDC.o
                0x0020005c                xUSBInterruptQueue

.bss.ulNextMessage.2587
                0x00200060        0x4
 .bss.ulNextMessage.2587
                0x00200060        0x4 cfi/source/USBIsr.o

.bss.xISRMessages
                0x00200064       0x40
 .bss.xISRMessages
                0x00200064       0x40 cfi/source/USBIsr.o

.bss.pxCurrentTCB
                0x002000a4        0x4
 .bss.pxCurrentTCB
                0x002000a4        0x4 FreeRTOS/Source/tasks.o
                0x002000a4                pxCurrentTCB

.bss.xMissedYield
                0x002000a8        0x4
 .bss.xMissedYield
                0x002000a8        0x4 FreeRTOS/Source/tasks.o

.bss.xTickCount
                0x002000ac        0x4
 .bss.xTickCount
                0x002000ac        0x4 FreeRTOS/Source/tasks.o

.bss.xNumOfOverflows
                0x002000b0        0x4
 .bss.xNumOfOverflows
                0x002000b0        0x4 FreeRTOS/Source/tasks.o

.bss.uxTopReadyPriority
                0x002000b4        0x4
 .bss.uxTopReadyPriority
                0x002000b4        0x4 FreeRTOS/Source/tasks.o

.bss.uxSchedulerSuspended
                0x002000b8        0x4
 .bss.uxSchedulerSuspended
                0x002000b8        0x4 FreeRTOS/Source/tasks.o

.bss.uxMissedTicks
                0x002000bc        0x4
 .bss.uxMissedTicks
                0x002000bc        0x4 FreeRTOS/Source/tasks.o

.bss.uxCurrentNumberOfTasks
                0x002000c0        0x4
 .bss.uxCurrentNumberOfTasks
                0x002000c0        0x4 FreeRTOS/Source/tasks.o

.bss.xSchedulerRunning
                0x002000c4        0x4
 .bss.xSchedulerRunning
                0x002000c4        0x4 FreeRTOS/Source/tasks.o

.bss.uxTopUsedPriority
                0x002000c8        0x4
 .bss.uxTopUsedPriority
                0x002000c8        0x4 FreeRTOS/Source/tasks.o

.bss.uxTaskNumber.3709
                0x002000cc        0x4
 .bss.uxTaskNumber.3709
                0x002000cc        0x4 FreeRTOS/Source/tasks.o

.bss.xSuspendedTaskList
                0x002000d0       0x14
 .bss.xSuspendedTaskList
                0x002000d0       0x14 FreeRTOS/Source/tasks.o

.bss.xPendingReadyList
                0x002000e4       0x14
 .bss.xPendingReadyList
                0x002000e4       0x14 FreeRTOS/Source/tasks.o

.bss.pxOverflowDelayedTaskList
                0x002000f8        0x4
 .bss.pxOverflowDelayedTaskList
                0x002000f8        0x4 FreeRTOS/Source/tasks.o

.bss.pxDelayedTaskList
                0x002000fc        0x4
 .bss.pxDelayedTaskList
                0x002000fc        0x4 FreeRTOS/Source/tasks.o

.bss.xDelayedTaskList2
                0x00200100       0x14
 .bss.xDelayedTaskList2
                0x00200100       0x14 FreeRTOS/Source/tasks.o

.bss.xDelayedTaskList1
                0x00200114       0x14
 .bss.xDelayedTaskList1
                0x00200114       0x14 FreeRTOS/Source/tasks.o

.bss.pxReadyTasksLists
                0x00200128       0x64
 .bss.pxReadyTasksLists
                0x00200128       0x64 FreeRTOS/Source/tasks.o

.bss.xHeapHasBeenInitialised.3010
                0x0020018c        0x4
 .bss.xHeapHasBeenInitialised.3010
                0x0020018c        0x4 FreeRTOS/Source/portable/MemMang/heap_2.o

.bss.xEnd       0x00200190        0x8
 .bss.xEnd      0x00200190        0x8 FreeRTOS/Source/portable/MemMang/heap_2.o

.bss.xStart     0x00200198        0x8
 .bss.xStart    0x00200198        0x8 FreeRTOS/Source/portable/MemMang/heap_2.o

.bss.xHeap      0x002001a0     0x2714
 .bss.xHeap     0x002001a0     0x2714 FreeRTOS/Source/portable/MemMang/heap_2.o

.bss.usbIntefacedInitialized
                0x002028b4        0x4
 .bss.usbIntefacedInitialized
                0x002028b4        0x4 cfi/source/USB-CDC.o

.bss.eDriverState
                0x002028b8        0x4
 .bss.eDriverState
                0x002028b8        0x4 cfi/source/USB-CDC.o

.bss.ucUSBConfig
                0x002028bc        0x1
 .bss.ucUSBConfig
                0x002028bc        0x1 cfi/source/USB-CDC.o

.bss.ulReceivedAddress
                0x002028c0        0x4
 .bss.ulReceivedAddress
                0x002028c0        0x4 cfi/source/USB-CDC.o

.bss.xRequest.3556
                0x002028c4        0x8
 .bss.xRequest.3556
                0x002028c4        0x8 cfi/source/USB-CDC.o

.bss.uiCurrentBank
                0x002028cc        0x4
 .bss.uiCurrentBank
                0x002028cc        0x4 cfi/source/USB-CDC.o

.bss.ucControlState
                0x002028d0        0x1
 .bss.ucControlState
                0x002028d0        0x1 cfi/source/USB-CDC.o

.bss.xTxCDC     0x002028d4        0x4
 .bss.xTxCDC    0x002028d4        0x4 cfi/source/USB-CDC.o

.bss.xRxCDC     0x002028d8        0x4
 .bss.xRxCDC    0x002028d8        0x4 cfi/source/USB-CDC.o

.bss.pxControlRx
                0x002028dc       0x88
 .bss.pxControlRx
                0x002028dc       0x88 cfi/source/USB-CDC.o

.bss.pxControlTx
                0x00202964       0x88
 .bss.pxControlTx
                0x00202964       0x88 cfi/source/USB-CDC.o
                0x002029ec                . = ALIGN (0x4)
                0x002029ec                __bss_end__ = .
                0x002029ec                __bss_end__ = .
                0x002029ec                _end = .
                0x002029ec                PROVIDE (end, .)
                0x002029ec                . = ALIGN (0x4)

.int_data
 *(.internal_ram_top)

.stab
 *(.stab)

.stabstr
 *(.stabstr)

.stab.excl
 *(.stab.excl)

.stab.exclstr
 *(.stab.exclstr)

.stab.index
 *(.stab.index)

.stab.indexstr
 *(.stab.indexstr)

.comment        0x00000000      0x156
 *(.comment)
 .comment       0x00000000       0x12 FreeRTOS/Source/portable/GCC/ARM7_AT91SAM7S/portISR.o
 .comment       0x00000012       0x12 interrupt_utils.o
 .comment       0x00000024       0x12 blinker.o
 .comment       0x00000036       0x12 cfi/source/USBIsr.o
 .comment       0x00000048       0x12 main.o
 .comment       0x0000005a       0x12 hardware/lib_AT91SAM7S256.o
 .comment       0x0000006c       0x12 FreeRTOS/Source/tasks.o
 .comment       0x0000007e       0x12 FreeRTOS/Source/queue.o
 .comment       0x00000090       0x12 FreeRTOS/Source/list.o
 .comment       0x000000a2       0x12 FreeRTOS/Source/portable/MemMang/heap_2.o
 .comment       0x000000b4       0x12 FreeRTOS/Source/portable/GCC/ARM7_AT91SAM7S/port.o
 .comment       0x000000c6       0x12 led_debug.o
 .comment       0x000000d8       0x12 cfi/source/usb_comm.o
 .comment       0x000000ea       0x12 cfi/source/USB-CDC.o
 .comment       0x000000fc       0x12 /cygdrive/c/gccfd/gnuarm/bin/../lib/gcc/arm-elf/4.0.2/../../../../arm-elf/lib/thumb/interwork/libc.a(memcpy.o)
 .comment       0x0000010e       0x12 /cygdrive/c/gccfd/gnuarm/bin/../lib/gcc/arm-elf/4.0.2/../../../../arm-elf/lib/thumb/interwork/libc.a(memset.o)
 .comment       0x00000120       0x12 /cygdrive/c/gccfd/gnuarm/bin/../lib/gcc/arm-elf/4.0.2/../../../../arm-elf/lib/thumb/interwork/libc.a(strcpy.o)
 .comment       0x00000132       0x12 /cygdrive/c/gccfd/gnuarm/bin/../lib/gcc/arm-elf/4.0.2/../../../../arm-elf/lib/thumb/interwork/libc.a(strlen.o)
 .comment       0x00000144       0x12 /cygdrive/c/gccfd/gnuarm/bin/../lib/gcc/arm-elf/4.0.2/../../../../arm-elf/lib/thumb/interwork/libc.a(strncpy.o)

.debug
 *(.debug)

.line
 *(.line)

.debug_srcinfo
 *(.debug_srcinfo)

.debug_sfnames
 *(.debug_sfnames)

.debug_aranges  0x00000000      0x120
 *(.debug_aranges)
 .debug_aranges
                0x00000000       0x20 /cygdrive/c/gccfd/gnuarm/bin/../lib/gcc/arm-elf/4.0.2/../../../../arm-elf/lib/thumb/interwork/libc.a(memcpy.o)
 .debug_aranges
                0x00000020       0x20 /cygdrive/c/gccfd/gnuarm/bin/../lib/gcc/arm-elf/4.0.2/../../../../arm-elf/lib/thumb/interwork/libc.a(memset.o)
 .debug_aranges
                0x00000040       0x20 /cygdrive/c/gccfd/gnuarm/bin/../lib/gcc/arm-elf/4.0.2/../../../../arm-elf/lib/thumb/interwork/libc.a(strcpy.o)
 .debug_aranges
                0x00000060       0x20 /cygdrive/c/gccfd/gnuarm/bin/../lib/gcc/arm-elf/4.0.2/../../../../arm-elf/lib/thumb/interwork/libc.a(strlen.o)
 .debug_aranges
                0x00000080       0x20 /cygdrive/c/gccfd/gnuarm/bin/../lib/gcc/arm-elf/4.0.2/../../../../arm-elf/lib/thumb/interwork/libc.a(strncpy.o)
 .debug_aranges
                0x000000a0       0x20 /cygdrive/c/gccfd/gnuarm/bin/../lib/gcc/arm-elf/4.0.2/thumb/interwork/libgcc.a(_udivsi3.o)
 .debug_aranges
                0x000000c0       0x20 /cygdrive/c/gccfd/gnuarm/bin/../lib/gcc/arm-elf/4.0.2/thumb/interwork/libgcc.a(_divsi3.o)
 .debug_aranges
                0x000000e0       0x20 /cygdrive/c/gccfd/gnuarm/bin/../lib/gcc/arm-elf/4.0.2/thumb/interwork/libgcc.a(_umodsi3.o)
 .debug_aranges
                0x00000100       0x20 /cygdrive/c/gccfd/gnuarm/bin/../lib/gcc/arm-elf/4.0.2/thumb/interwork/libgcc.a(_dvmd_tls.o)

.debug_pubnames
                0x00000000       0x92
 *(.debug_pubnames)
 .debug_pubnames
                0x00000000       0x1d /cygdrive/c/gccfd/gnuarm/bin/../lib/gcc/arm-elf/4.0.2/../../../../arm-elf/lib/thumb/interwork/libc.a(memcpy.o)
 .debug_pubnames
                0x0000001d       0x1d /cygdrive/c/gccfd/gnuarm/bin/../lib/gcc/arm-elf/4.0.2/../../../../arm-elf/lib/thumb/interwork/libc.a(memset.o)
 .debug_pubnames
                0x0000003a       0x1d /cygdrive/c/gccfd/gnuarm/bin/../lib/gcc/arm-elf/4.0.2/../../../../arm-elf/lib/thumb/interwork/libc.a(strcpy.o)
 .debug_pubnames
                0x00000057       0x1d /cygdrive/c/gccfd/gnuarm/bin/../lib/gcc/arm-elf/4.0.2/../../../../arm-elf/lib/thumb/interwork/libc.a(strlen.o)
 .debug_pubnames
                0x00000074       0x1e /cygdrive/c/gccfd/gnuarm/bin/../lib/gcc/arm-elf/4.0.2/../../../../arm-elf/lib/thumb/interwork/libc.a(strncpy.o)

.debug_info     0x00000000      0x6cd
 *(.debug_info .gnu.linkonce.wi.*)
 .debug_info    0x00000000      0x10d /cygdrive/c/gccfd/gnuarm/bin/../lib/gcc/arm-elf/4.0.2/../../../../arm-elf/lib/thumb/interwork/libc.a(memcpy.o)
 .debug_info    0x0000010d      0x111 /cygdrive/c/gccfd/gnuarm/bin/../lib/gcc/arm-elf/4.0.2/../../../../arm-elf/lib/thumb/interwork/libc.a(memset.o)
 .debug_info    0x0000021e      0x10c /cygdrive/c/gccfd/gnuarm/bin/../lib/gcc/arm-elf/4.0.2/../../../../arm-elf/lib/thumb/interwork/libc.a(strcpy.o)
 .debug_info    0x0000032a       0xd5 /cygdrive/c/gccfd/gnuarm/bin/../lib/gcc/arm-elf/4.0.2/../../../../arm-elf/lib/thumb/interwork/libc.a(strlen.o)
 .debug_info    0x000003ff      0x126 /cygdrive/c/gccfd/gnuarm/bin/../lib/gcc/arm-elf/4.0.2/../../../../arm-elf/lib/thumb/interwork/libc.a(strncpy.o)
 .debug_info    0x00000525       0x6a /cygdrive/c/gccfd/gnuarm/bin/../lib/gcc/arm-elf/4.0.2/thumb/interwork/libgcc.a(_udivsi3.o)
 .debug_info    0x0000058f       0x6a /cygdrive/c/gccfd/gnuarm/bin/../lib/gcc/arm-elf/4.0.2/thumb/interwork/libgcc.a(_divsi3.o)
 .debug_info    0x000005f9       0x6a /cygdrive/c/gccfd/gnuarm/bin/../lib/gcc/arm-elf/4.0.2/thumb/interwork/libgcc.a(_umodsi3.o)
 .debug_info    0x00000663       0x6a /cygdrive/c/gccfd/gnuarm/bin/../lib/gcc/arm-elf/4.0.2/thumb/interwork/libgcc.a(_dvmd_tls.o)

.debug_abbrev   0x00000000      0x31b
 *(.debug_abbrev)
 .debug_abbrev  0x00000000       0x99 /cygdrive/c/gccfd/gnuarm/bin/../lib/gcc/arm-elf/4.0.2/../../../../arm-elf/lib/thumb/interwork/libc.a(memcpy.o)
 .debug_abbrev  0x00000099       0x9a /cygdrive/c/gccfd/gnuarm/bin/../lib/gcc/arm-elf/4.0.2/../../../../arm-elf/lib/thumb/interwork/libc.a(memset.o)
 .debug_abbrev  0x00000133       0x80 /cygdrive/c/gccfd/gnuarm/bin/../lib/gcc/arm-elf/4.0.2/../../../../arm-elf/lib/thumb/interwork/libc.a(strcpy.o)
 .debug_abbrev  0x000001b3       0x8b /cygdrive/c/gccfd/gnuarm/bin/../lib/gcc/arm-elf/4.0.2/../../../../arm-elf/lib/thumb/interwork/libc.a(strlen.o)
 .debug_abbrev  0x0000023e       0x8d /cygdrive/c/gccfd/gnuarm/bin/../lib/gcc/arm-elf/4.0.2/../../../../arm-elf/lib/thumb/interwork/libc.a(strncpy.o)
 .debug_abbrev  0x000002cb       0x14 /cygdrive/c/gccfd/gnuarm/bin/../lib/gcc/arm-elf/4.0.2/thumb/interwork/libgcc.a(_udivsi3.o)
 .debug_abbrev  0x000002df       0x14 /cygdrive/c/gccfd/gnuarm/bin/../lib/gcc/arm-elf/4.0.2/thumb/interwork/libgcc.a(_divsi3.o)
 .debug_abbrev  0x000002f3       0x14 /cygdrive/c/gccfd/gnuarm/bin/../lib/gcc/arm-elf/4.0.2/thumb/interwork/libgcc.a(_umodsi3.o)
 .debug_abbrev  0x00000307       0x14 /cygdrive/c/gccfd/gnuarm/bin/../lib/gcc/arm-elf/4.0.2/thumb/interwork/libgcc.a(_dvmd_tls.o)

.debug_line     0x00000000      0x536
 *(.debug_line)
 .debug_line    0x00000000       0xc3 /cygdrive/c/gccfd/gnuarm/bin/../lib/gcc/arm-elf/4.0.2/../../../../arm-elf/lib/thumb/interwork/libc.a(memcpy.o)
 .debug_line    0x000000c3       0xd4 /cygdrive/c/gccfd/gnuarm/bin/../lib/gcc/arm-elf/4.0.2/../../../../arm-elf/lib/thumb/interwork/libc.a(memset.o)
 .debug_line    0x00000197       0x80 /cygdrive/c/gccfd/gnuarm/bin/../lib/gcc/arm-elf/4.0.2/../../../../arm-elf/lib/thumb/interwork/libc.a(strcpy.o)
 .debug_line    0x00000217       0xaf /cygdrive/c/gccfd/gnuarm/bin/../lib/gcc/arm-elf/4.0.2/../../../../arm-elf/lib/thumb/interwork/libc.a(strlen.o)
 .debug_line    0x000002c6       0xc2 /cygdrive/c/gccfd/gnuarm/bin/../lib/gcc/arm-elf/4.0.2/../../../../arm-elf/lib/thumb/interwork/libc.a(strncpy.o)
 .debug_line    0x00000388       0x70 /cygdrive/c/gccfd/gnuarm/bin/../lib/gcc/arm-elf/4.0.2/thumb/interwork/libgcc.a(_udivsi3.o)
 .debug_line    0x000003f8       0x7c /cygdrive/c/gccfd/gnuarm/bin/../lib/gcc/arm-elf/4.0.2/thumb/interwork/libgcc.a(_divsi3.o)
 .debug_line    0x00000474       0x68 /cygdrive/c/gccfd/gnuarm/bin/../lib/gcc/arm-elf/4.0.2/thumb/interwork/libgcc.a(_umodsi3.o)
 .debug_line    0x000004dc       0x5a /cygdrive/c/gccfd/gnuarm/bin/../lib/gcc/arm-elf/4.0.2/thumb/interwork/libgcc.a(_dvmd_tls.o)

.debug_frame    0x00000000       0xe0
 *(.debug_frame)
 .debug_frame   0x00000000       0x2c /cygdrive/c/gccfd/gnuarm/bin/../lib/gcc/arm-elf/4.0.2/../../../../arm-elf/lib/thumb/interwork/libc.a(memcpy.o)
 .debug_frame   0x0000002c       0x2c /cygdrive/c/gccfd/gnuarm/bin/../lib/gcc/arm-elf/4.0.2/../../../../arm-elf/lib/thumb/interwork/libc.a(memset.o)
 .debug_frame   0x00000058       0x2c /cygdrive/c/gccfd/gnuarm/bin/../lib/gcc/arm-elf/4.0.2/../../../../arm-elf/lib/thumb/interwork/libc.a(strcpy.o)
 .debug_frame   0x00000084       0x2c /cygdrive/c/gccfd/gnuarm/bin/../lib/gcc/arm-elf/4.0.2/../../../../arm-elf/lib/thumb/interwork/libc.a(strlen.o)
 .debug_frame   0x000000b0       0x30 /cygdrive/c/gccfd/gnuarm/bin/../lib/gcc/arm-elf/4.0.2/../../../../arm-elf/lib/thumb/interwork/libc.a(strncpy.o)

.debug_str      0x00000000      0x249
 *(.debug_str)
 .debug_str     0x00000000       0xbf /cygdrive/c/gccfd/gnuarm/bin/../lib/gcc/arm-elf/4.0.2/../../../../arm-elf/lib/thumb/interwork/libc.a(memcpy.o)
                                 0xdf (size before relaxing)
 .debug_str     0x000000bf       0xaa /cygdrive/c/gccfd/gnuarm/bin/../lib/gcc/arm-elf/4.0.2/../../../../arm-elf/lib/thumb/interwork/libc.a(memset.o)
                                0x129 (size before relaxing)
 .debug_str     0x00000169       0x46 /cygdrive/c/gccfd/gnuarm/bin/../lib/gcc/arm-elf/4.0.2/../../../../arm-elf/lib/thumb/interwork/libc.a(strcpy.o)
                                0x130 (size before relaxing)
 .debug_str     0x000001af       0x4c /cygdrive/c/gccfd/gnuarm/bin/../lib/gcc/arm-elf/4.0.2/../../../../arm-elf/lib/thumb/interwork/libc.a(strlen.o)
                                0x128 (size before relaxing)
 .debug_str     0x000001fb       0x4e /cygdrive/c/gccfd/gnuarm/bin/../lib/gcc/arm-elf/4.0.2/../../../../arm-elf/lib/thumb/interwork/libc.a(strncpy.o)
                                0x13f (size before relaxing)

.debug_loc      0x00000000      0x497
 *(.debug_loc)
 .debug_loc     0x00000000      0x127 /cygdrive/c/gccfd/gnuarm/bin/../lib/gcc/arm-elf/4.0.2/../../../../arm-elf/lib/thumb/interwork/libc.a(memcpy.o)
 .debug_loc     0x00000127      0x12a /cygdrive/c/gccfd/gnuarm/bin/../lib/gcc/arm-elf/4.0.2/../../../../arm-elf/lib/thumb/interwork/libc.a(memset.o)
 .debug_loc     0x00000251       0xb4 /cygdrive/c/gccfd/gnuarm/bin/../lib/gcc/arm-elf/4.0.2/../../../../arm-elf/lib/thumb/interwork/libc.a(strcpy.o)
 .debug_loc     0x00000305       0x3c /cygdrive/c/gccfd/gnuarm/bin/../lib/gcc/arm-elf/4.0.2/../../../../arm-elf/lib/thumb/interwork/libc.a(strlen.o)
 .debug_loc     0x00000341      0x156 /cygdrive/c/gccfd/gnuarm/bin/../lib/gcc/arm-elf/4.0.2/../../../../arm-elf/lib/thumb/interwork/libc.a(strncpy.o)

.debug_macinfo
 *(.debug_macinfo)

.debug_weaknames
 *(.debug_weaknames)

.debug_funcnames
 *(.debug_funcnames)

.debug_typenames
 *(.debug_typenames)

.debug_varnames
 *(.debug_varnames)
OUTPUT(main.elf elf32-littlearm)

Cross Reference Table

Symbol                                            File
AT91F_ADC_CfgModeReg                              hardware/lib_AT91SAM7S256.o
AT91F_ADC_CfgPIO                                  hardware/lib_AT91SAM7S256.o
AT91F_ADC_CfgPMC                                  hardware/lib_AT91SAM7S256.o
AT91F_ADC_CfgTimings                              hardware/lib_AT91SAM7S256.o
AT91F_ADC_DisableChannel                          hardware/lib_AT91SAM7S256.o
AT91F_ADC_DisableIt                               hardware/lib_AT91SAM7S256.o
AT91F_ADC_EnableChannel                           hardware/lib_AT91SAM7S256.o
AT91F_ADC_EnableIt                                hardware/lib_AT91SAM7S256.o
AT91F_ADC_GetChannelStatus                        hardware/lib_AT91SAM7S256.o
AT91F_ADC_GetConvertedDataCH0                     hardware/lib_AT91SAM7S256.o
AT91F_ADC_GetConvertedDataCH1                     hardware/lib_AT91SAM7S256.o
AT91F_ADC_GetConvertedDataCH2                     hardware/lib_AT91SAM7S256.o
AT91F_ADC_GetConvertedDataCH3                     hardware/lib_AT91SAM7S256.o
AT91F_ADC_GetConvertedDataCH4                     hardware/lib_AT91SAM7S256.o
AT91F_ADC_GetConvertedDataCH5                     hardware/lib_AT91SAM7S256.o
AT91F_ADC_GetConvertedDataCH6                     hardware/lib_AT91SAM7S256.o
AT91F_ADC_GetConvertedDataCH7                     hardware/lib_AT91SAM7S256.o
AT91F_ADC_GetInterruptMaskStatus                  hardware/lib_AT91SAM7S256.o
AT91F_ADC_GetLastConvertedData                    hardware/lib_AT91SAM7S256.o
AT91F_ADC_GetModeReg                              hardware/lib_AT91SAM7S256.o
AT91F_ADC_GetStatus                               hardware/lib_AT91SAM7S256.o
AT91F_ADC_IsInterruptMasked                       hardware/lib_AT91SAM7S256.o
AT91F_ADC_IsStatusSet                             hardware/lib_AT91SAM7S256.o
AT91F_ADC_SoftReset                               hardware/lib_AT91SAM7S256.o
AT91F_ADC_StartConversion                         hardware/lib_AT91SAM7S256.o
AT91F_AIC_AcknowledgeIt                           hardware/lib_AT91SAM7S256.o
AT91F_AIC_CfgPIO                                  hardware/lib_AT91SAM7S256.o
AT91F_AIC_CfgPMC                                  hardware/lib_AT91SAM7S256.o
AT91F_AIC_ClearIt                                 hardware/lib_AT91SAM7S256.o
AT91F_AIC_ConfigureIt                             hardware/lib_AT91SAM7S256.o
                                                  cfi/source/USB-CDC.o
                                                  FreeRTOS/Source/portable/GCC/ARM7_AT91SAM7S/port.o
AT91F_AIC_DisableIt                               hardware/lib_AT91SAM7S256.o
AT91F_AIC_EnableIt                                hardware/lib_AT91SAM7S256.o
AT91F_AIC_IsActive                                hardware/lib_AT91SAM7S256.o
AT91F_AIC_IsPending                               hardware/lib_AT91SAM7S256.o
AT91F_AIC_Open                                    hardware/lib_AT91SAM7S256.o
AT91F_AIC_SetExceptionVector                      hardware/lib_AT91SAM7S256.o
AT91F_AIC_Trig                                    hardware/lib_AT91SAM7S256.o
AT91F_CKGR_CfgMainOscStartUpTime                  hardware/lib_AT91SAM7S256.o
AT91F_CKGR_CfgMainOscillatorReg                   hardware/lib_AT91SAM7S256.o
AT91F_CKGR_CfgPLLReg                              hardware/lib_AT91SAM7S256.o
AT91F_CKGR_DisableMainOscillator                  hardware/lib_AT91SAM7S256.o
AT91F_CKGR_EnableMainOscillator                   hardware/lib_AT91SAM7S256.o
AT91F_CKGR_GetMainClock                           hardware/lib_AT91SAM7S256.o
AT91F_CKGR_GetMainClockFreqReg                    hardware/lib_AT91SAM7S256.o
AT91F_CKGR_GetMainOscillatorReg                   hardware/lib_AT91SAM7S256.o
AT91F_CKGR_GetPLLReg                              hardware/lib_AT91SAM7S256.o
AT91F_DBGU_CfgPIO                                 hardware/lib_AT91SAM7S256.o
AT91F_DBGU_CfgPMC                                 hardware/lib_AT91SAM7S256.o
AT91F_DBGU_GetInterruptMaskStatus                 hardware/lib_AT91SAM7S256.o
AT91F_DBGU_InterruptDisable                       hardware/lib_AT91SAM7S256.o
AT91F_DBGU_InterruptEnable                        hardware/lib_AT91SAM7S256.o
AT91F_DBGU_IsInterruptMasked                      hardware/lib_AT91SAM7S256.o
AT91F_MC_CfgPMC                                   hardware/lib_AT91SAM7S256.o
AT91F_MC_EFC_CfgModeReg                           hardware/lib_AT91SAM7S256.o
AT91F_MC_EFC_ComputeFMCN                          hardware/lib_AT91SAM7S256.o
AT91F_MC_EFC_GetModeReg                           hardware/lib_AT91SAM7S256.o
AT91F_MC_EFC_GetStatus                            hardware/lib_AT91SAM7S256.o
AT91F_MC_EFC_IsInterruptMasked                    hardware/lib_AT91SAM7S256.o
AT91F_MC_EFC_IsInterruptSet                       hardware/lib_AT91SAM7S256.o
AT91F_MC_EFC_PerformCmd                           hardware/lib_AT91SAM7S256.o
AT91F_MC_Remap                                    hardware/lib_AT91SAM7S256.o
AT91F_PDC_Close                                   hardware/lib_AT91SAM7S256.o
AT91F_PDC_DisableRx                               hardware/lib_AT91SAM7S256.o
AT91F_PDC_DisableTx                               hardware/lib_AT91SAM7S256.o
AT91F_PDC_EnableRx                                hardware/lib_AT91SAM7S256.o
AT91F_PDC_EnableTx                                hardware/lib_AT91SAM7S256.o
AT91F_PDC_IsNextRxEmpty                           hardware/lib_AT91SAM7S256.o
AT91F_PDC_IsNextTxEmpty                           hardware/lib_AT91SAM7S256.o
AT91F_PDC_IsRxEmpty                               hardware/lib_AT91SAM7S256.o
AT91F_PDC_IsTxEmpty                               hardware/lib_AT91SAM7S256.o
AT91F_PDC_Open                                    hardware/lib_AT91SAM7S256.o
AT91F_PDC_ReceiveFrame                            hardware/lib_AT91SAM7S256.o
AT91F_PDC_SendFrame                               hardware/lib_AT91SAM7S256.o
AT91F_PDC_SetNextRx                               hardware/lib_AT91SAM7S256.o
AT91F_PDC_SetNextTx                               hardware/lib_AT91SAM7S256.o
AT91F_PDC_SetRx                                   hardware/lib_AT91SAM7S256.o
AT91F_PDC_SetTx                                   hardware/lib_AT91SAM7S256.o
AT91F_PIOA_CfgPMC                                 hardware/lib_AT91SAM7S256.o
AT91F_PIO_A_RegisterSelection                     hardware/lib_AT91SAM7S256.o
AT91F_PIO_B_RegisterSelection                     hardware/lib_AT91SAM7S256.o
AT91F_PIO_CfgDirectDrive                          hardware/lib_AT91SAM7S256.o
AT91F_PIO_CfgInput                                hardware/lib_AT91SAM7S256.o
AT91F_PIO_CfgInputFilter                          hardware/lib_AT91SAM7S256.o
AT91F_PIO_CfgOpendrain                            hardware/lib_AT91SAM7S256.o
AT91F_PIO_CfgOutput                               hardware/lib_AT91SAM7S256.o
                                                  led_debug.o
AT91F_PIO_CfgPeriph                               hardware/lib_AT91SAM7S256.o
AT91F_PIO_CfgPullup                               hardware/lib_AT91SAM7S256.o
AT91F_PIO_ClearOutput                             hardware/lib_AT91SAM7S256.o
                                                  led_debug.o
AT91F_PIO_Disable                                 hardware/lib_AT91SAM7S256.o
AT91F_PIO_Enable                                  hardware/lib_AT91SAM7S256.o
AT91F_PIO_ForceOutput                             hardware/lib_AT91SAM7S256.o
AT91F_PIO_GetCfgPullup                            hardware/lib_AT91SAM7S256.o
AT91F_PIO_GetInput                                hardware/lib_AT91SAM7S256.o
                                                  led_debug.o
AT91F_PIO_GetInputFilterStatus                    hardware/lib_AT91SAM7S256.o
AT91F_PIO_GetInterruptMaskStatus                  hardware/lib_AT91SAM7S256.o
AT91F_PIO_GetInterruptStatus                      hardware/lib_AT91SAM7S256.o
AT91F_PIO_GetMultiDriverStatus                    hardware/lib_AT91SAM7S256.o
AT91F_PIO_GetOutputDataStatus                     hardware/lib_AT91SAM7S256.o
AT91F_PIO_GetOutputStatus                         hardware/lib_AT91SAM7S256.o
AT91F_PIO_GetOutputWriteStatus                    hardware/lib_AT91SAM7S256.o
AT91F_PIO_GetStatus                               hardware/lib_AT91SAM7S256.o
AT91F_PIO_Get_AB_RegisterStatus                   hardware/lib_AT91SAM7S256.o
AT91F_PIO_InputFilterDisable                      hardware/lib_AT91SAM7S256.o
AT91F_PIO_InputFilterEnable                       hardware/lib_AT91SAM7S256.o
AT91F_PIO_InterruptDisable                        hardware/lib_AT91SAM7S256.o
AT91F_PIO_InterruptEnable                         hardware/lib_AT91SAM7S256.o
AT91F_PIO_IsAB_RegisterSet                        hardware/lib_AT91SAM7S256.o
AT91F_PIO_IsCfgPullupStatusSet                    hardware/lib_AT91SAM7S256.o
AT91F_PIO_IsInputFilterSet                        hardware/lib_AT91SAM7S256.o
AT91F_PIO_IsInputSet                              hardware/lib_AT91SAM7S256.o
AT91F_PIO_IsInterruptMasked                       hardware/lib_AT91SAM7S256.o
AT91F_PIO_IsInterruptSet                          hardware/lib_AT91SAM7S256.o
AT91F_PIO_IsMultiDriverSet                        hardware/lib_AT91SAM7S256.o
AT91F_PIO_IsOutputDataStatusSet                   hardware/lib_AT91SAM7S256.o
AT91F_PIO_IsOutputSet                             hardware/lib_AT91SAM7S256.o
AT91F_PIO_IsOutputWriteSet                        hardware/lib_AT91SAM7S256.o
AT91F_PIO_IsSet                                   hardware/lib_AT91SAM7S256.o
AT91F_PIO_MultiDriverDisable                      hardware/lib_AT91SAM7S256.o
AT91F_PIO_MultiDriverEnable                       hardware/lib_AT91SAM7S256.o
AT91F_PIO_OutputDisable                           hardware/lib_AT91SAM7S256.o
AT91F_PIO_OutputEnable                            hardware/lib_AT91SAM7S256.o
AT91F_PIO_OutputWriteDisable                      hardware/lib_AT91SAM7S256.o
AT91F_PIO_OutputWriteEnable                       hardware/lib_AT91SAM7S256.o
AT91F_PIO_SetOutput                               hardware/lib_AT91SAM7S256.o
                                                  led_debug.o
AT91F_PITC_CfgPMC                                 hardware/lib_AT91SAM7S256.o
AT91F_PITDisableInt                               hardware/lib_AT91SAM7S256.o
AT91F_PITEnableInt                                hardware/lib_AT91SAM7S256.o
AT91F_PITGetMode                                  hardware/lib_AT91SAM7S256.o
AT91F_PITGetPIIR                                  hardware/lib_AT91SAM7S256.o
AT91F_PITGetPIVR                                  hardware/lib_AT91SAM7S256.o
AT91F_PITGetStatus                                hardware/lib_AT91SAM7S256.o
AT91F_PITInit                                     hardware/lib_AT91SAM7S256.o
AT91F_PITSetPIV                                   hardware/lib_AT91SAM7S256.o
AT91F_PMC_CfgMCKReg                               hardware/lib_AT91SAM7S256.o
AT91F_PMC_CfgPIO                                  hardware/lib_AT91SAM7S256.o
AT91F_PMC_CfgPMC                                  hardware/lib_AT91SAM7S256.o
AT91F_PMC_CfgSysClkDisableReg                     hardware/lib_AT91SAM7S256.o
AT91F_PMC_CfgSysClkEnableReg                      hardware/lib_AT91SAM7S256.o
AT91F_PMC_DisableIt                               hardware/lib_AT91SAM7S256.o
AT91F_PMC_DisablePCK                              hardware/lib_AT91SAM7S256.o
AT91F_PMC_DisablePeriphClock                      hardware/lib_AT91SAM7S256.o
AT91F_PMC_EnableIt                                hardware/lib_AT91SAM7S256.o
AT91F_PMC_EnablePCK                               hardware/lib_AT91SAM7S256.o
AT91F_PMC_EnablePeriphClock                       hardware/lib_AT91SAM7S256.o
                                                  main.o
AT91F_PMC_GetInterruptMaskStatus                  hardware/lib_AT91SAM7S256.o
AT91F_PMC_GetMCKReg                               hardware/lib_AT91SAM7S256.o
AT91F_PMC_GetMasterClock                          hardware/lib_AT91SAM7S256.o
AT91F_PMC_GetPeriphClock                          hardware/lib_AT91SAM7S256.o
AT91F_PMC_GetStatus                               hardware/lib_AT91SAM7S256.o
AT91F_PMC_GetSysClkStatusReg                      hardware/lib_AT91SAM7S256.o
AT91F_PMC_IsInterruptMasked                       hardware/lib_AT91SAM7S256.o
AT91F_PMC_IsStatusSet                             hardware/lib_AT91SAM7S256.o
AT91F_PWMC_CH0_CfgPIO                             hardware/lib_AT91SAM7S256.o
AT91F_PWMC_CH1_CfgPIO                             hardware/lib_AT91SAM7S256.o
AT91F_PWMC_CH2_CfgPIO                             hardware/lib_AT91SAM7S256.o
AT91F_PWMC_CH3_CfgPIO                             hardware/lib_AT91SAM7S256.o
AT91F_PWMC_CfgChannel                             hardware/lib_AT91SAM7S256.o
AT91F_PWMC_CfgPMC                                 hardware/lib_AT91SAM7S256.o
AT91F_PWMC_GetInterruptMaskStatus                 hardware/lib_AT91SAM7S256.o
AT91F_PWMC_GetStatus                              hardware/lib_AT91SAM7S256.o
AT91F_PWMC_InterruptDisable                       hardware/lib_AT91SAM7S256.o
AT91F_PWMC_InterruptEnable                        hardware/lib_AT91SAM7S256.o
AT91F_PWMC_IsInterruptMasked                      hardware/lib_AT91SAM7S256.o
AT91F_PWMC_IsStatusSet                            hardware/lib_AT91SAM7S256.o
AT91F_PWMC_StartChannel                           hardware/lib_AT91SAM7S256.o
AT91F_PWMC_StopChannel                            hardware/lib_AT91SAM7S256.o
AT91F_PWMC_UpdateChannel                          hardware/lib_AT91SAM7S256.o
AT91F_RSTC_CfgPMC                                 hardware/lib_AT91SAM7S256.o
AT91F_RSTGetMode                                  hardware/lib_AT91SAM7S256.o
AT91F_RSTGetStatus                                hardware/lib_AT91SAM7S256.o
AT91F_RSTIsSoftRstActive                          hardware/lib_AT91SAM7S256.o
AT91F_RSTSetMode                                  hardware/lib_AT91SAM7S256.o
                                                  main.o
AT91F_RSTSoftReset                                hardware/lib_AT91SAM7S256.o
AT91F_RTTC_CfgPMC                                 hardware/lib_AT91SAM7S256.o
AT91F_RTTClearAlarmINT                            hardware/lib_AT91SAM7S256.o
AT91F_RTTClearRttIncINT                           hardware/lib_AT91SAM7S256.o
AT91F_RTTGetAlarmValue                            hardware/lib_AT91SAM7S256.o
AT91F_RTTGetStatus                                hardware/lib_AT91SAM7S256.o
AT91F_RTTReadValue                                hardware/lib_AT91SAM7S256.o
AT91F_RTTRestart                                  hardware/lib_AT91SAM7S256.o
AT91F_RTTSetAlarmINT                              hardware/lib_AT91SAM7S256.o
AT91F_RTTSetAlarmValue                            hardware/lib_AT91SAM7S256.o
AT91F_RTTSetPrescaler                             hardware/lib_AT91SAM7S256.o
AT91F_RTTSetRttIncINT                             hardware/lib_AT91SAM7S256.o
AT91F_RTTSetTimeBase                              hardware/lib_AT91SAM7S256.o
AT91F_SPI_CfgCs                                   hardware/lib_AT91SAM7S256.o
AT91F_SPI_CfgMode                                 hardware/lib_AT91SAM7S256.o
AT91F_SPI_CfgPCS                                  hardware/lib_AT91SAM7S256.o
AT91F_SPI_CfgPIO                                  hardware/lib_AT91SAM7S256.o
AT91F_SPI_CfgPMC                                  hardware/lib_AT91SAM7S256.o
AT91F_SPI_Close                                   hardware/lib_AT91SAM7S256.o
AT91F_SPI_Disable                                 hardware/lib_AT91SAM7S256.o
AT91F_SPI_DisableIt                               hardware/lib_AT91SAM7S256.o
AT91F_SPI_Enable                                  hardware/lib_AT91SAM7S256.o
AT91F_SPI_EnableIt                                hardware/lib_AT91SAM7S256.o
AT91F_SPI_GetChar                                 hardware/lib_AT91SAM7S256.o
AT91F_SPI_GetInterruptMaskStatus                  hardware/lib_AT91SAM7S256.o
AT91F_SPI_IsInterruptMasked                       hardware/lib_AT91SAM7S256.o
AT91F_SPI_PutChar                                 hardware/lib_AT91SAM7S256.o
AT91F_SPI_ReceiveFrame                            hardware/lib_AT91SAM7S256.o
AT91F_SPI_Reset                                   hardware/lib_AT91SAM7S256.o
AT91F_SPI_SendFrame                               hardware/lib_AT91SAM7S256.o
AT91F_SSC_CfgPIO                                  hardware/lib_AT91SAM7S256.o
AT91F_SSC_CfgPMC                                  hardware/lib_AT91SAM7S256.o
AT91F_SSC_Configure                               hardware/lib_AT91SAM7S256.o
AT91F_SSC_DisableIt                               hardware/lib_AT91SAM7S256.o
AT91F_SSC_DisableRx                               hardware/lib_AT91SAM7S256.o
AT91F_SSC_DisableTx                               hardware/lib_AT91SAM7S256.o
AT91F_SSC_EnableIt                                hardware/lib_AT91SAM7S256.o
AT91F_SSC_EnableRx                                hardware/lib_AT91SAM7S256.o
AT91F_SSC_EnableTx                                hardware/lib_AT91SAM7S256.o
AT91F_SSC_GetInterruptMaskStatus                  hardware/lib_AT91SAM7S256.o
AT91F_SSC_IsInterruptMasked                       hardware/lib_AT91SAM7S256.o
AT91F_SSC_ReceiveFrame                            hardware/lib_AT91SAM7S256.o
AT91F_SSC_SendFrame                               hardware/lib_AT91SAM7S256.o
AT91F_SSC_SetBaudrate                             hardware/lib_AT91SAM7S256.o
AT91F_TC0_CfgPIO                                  hardware/lib_AT91SAM7S256.o
AT91F_TC0_CfgPMC                                  hardware/lib_AT91SAM7S256.o
AT91F_TC1_CfgPIO                                  hardware/lib_AT91SAM7S256.o
AT91F_TC1_CfgPMC                                  hardware/lib_AT91SAM7S256.o
AT91F_TC2_CfgPIO                                  hardware/lib_AT91SAM7S256.o
AT91F_TC2_CfgPMC                                  hardware/lib_AT91SAM7S256.o
AT91F_TC_GetInterruptMaskStatus                   hardware/lib_AT91SAM7S256.o
AT91F_TC_InterruptDisable                         hardware/lib_AT91SAM7S256.o
AT91F_TC_InterruptEnable                          hardware/lib_AT91SAM7S256.o
AT91F_TC_IsInterruptMasked                        hardware/lib_AT91SAM7S256.o
AT91F_TC_Open                                     hardware/lib_AT91SAM7S256.o
AT91F_TWI_CfgPIO                                  hardware/lib_AT91SAM7S256.o
AT91F_TWI_CfgPMC                                  hardware/lib_AT91SAM7S256.o
AT91F_TWI_Configure                               hardware/lib_AT91SAM7S256.o
AT91F_TWI_DisableIt                               hardware/lib_AT91SAM7S256.o
AT91F_TWI_EnableIt                                hardware/lib_AT91SAM7S256.o
AT91F_TWI_GetInterruptMaskStatus                  hardware/lib_AT91SAM7S256.o
AT91F_TWI_IsInterruptMasked                       hardware/lib_AT91SAM7S256.o
AT91F_UDP_CfgPMC                                  hardware/lib_AT91SAM7S256.o
AT91F_UDP_DisableEp                               hardware/lib_AT91SAM7S256.o
AT91F_UDP_DisableIt                               hardware/lib_AT91SAM7S256.o
AT91F_UDP_DisableTransceiver                      hardware/lib_AT91SAM7S256.o
AT91F_UDP_EnableEp                                hardware/lib_AT91SAM7S256.o
AT91F_UDP_EnableIt                                hardware/lib_AT91SAM7S256.o
AT91F_UDP_EnableTransceiver                       hardware/lib_AT91SAM7S256.o
AT91F_UDP_EpClear                                 hardware/lib_AT91SAM7S256.o
AT91F_UDP_EpEndOfWr                               hardware/lib_AT91SAM7S256.o
AT91F_UDP_EpRead                                  hardware/lib_AT91SAM7S256.o
AT91F_UDP_EpSet                                   hardware/lib_AT91SAM7S256.o
AT91F_UDP_EpStall                                 hardware/lib_AT91SAM7S256.o
AT91F_UDP_EpStatus                                hardware/lib_AT91SAM7S256.o
AT91F_UDP_EpWrite                                 hardware/lib_AT91SAM7S256.o
AT91F_UDP_GetInterruptMaskStatus                  hardware/lib_AT91SAM7S256.o
AT91F_UDP_GetState                                hardware/lib_AT91SAM7S256.o
AT91F_UDP_InterruptClearRegister                  hardware/lib_AT91SAM7S256.o
AT91F_UDP_InterruptStatusRegister                 hardware/lib_AT91SAM7S256.o
AT91F_UDP_IsInterruptMasked                       hardware/lib_AT91SAM7S256.o
AT91F_UDP_ResetEp                                 hardware/lib_AT91SAM7S256.o
AT91F_UDP_SetAddress                              hardware/lib_AT91SAM7S256.o
AT91F_UDP_SetState                                hardware/lib_AT91SAM7S256.o
AT91F_US0_CfgPIO                                  hardware/lib_AT91SAM7S256.o
AT91F_US0_CfgPMC                                  hardware/lib_AT91SAM7S256.o
AT91F_US1_CfgPIO                                  hardware/lib_AT91SAM7S256.o
AT91F_US1_CfgPMC                                  hardware/lib_AT91SAM7S256.o
AT91F_US_Baudrate                                 hardware/lib_AT91SAM7S256.o
AT91F_US_Close                                    hardware/lib_AT91SAM7S256.o
AT91F_US_Configure                                hardware/lib_AT91SAM7S256.o
AT91F_US_DisableIt                                hardware/lib_AT91SAM7S256.o
AT91F_US_DisableRx                                hardware/lib_AT91SAM7S256.o
AT91F_US_DisableTx                                hardware/lib_AT91SAM7S256.o
AT91F_US_EnableIt                                 hardware/lib_AT91SAM7S256.o
AT91F_US_EnableRx                                 hardware/lib_AT91SAM7S256.o
AT91F_US_EnableTx                                 hardware/lib_AT91SAM7S256.o
AT91F_US_Error                                    hardware/lib_AT91SAM7S256.o
AT91F_US_GetChar                                  hardware/lib_AT91SAM7S256.o
AT91F_US_PutChar                                  hardware/lib_AT91SAM7S256.o
AT91F_US_ReceiveFrame                             hardware/lib_AT91SAM7S256.o
AT91F_US_ResetRx                                  hardware/lib_AT91SAM7S256.o
AT91F_US_ResetTx                                  hardware/lib_AT91SAM7S256.o
AT91F_US_RxReady                                  hardware/lib_AT91SAM7S256.o
AT91F_US_SendFrame                                hardware/lib_AT91SAM7S256.o
AT91F_US_SetBaudrate                              hardware/lib_AT91SAM7S256.o
AT91F_US_SetIrdaFilter                            hardware/lib_AT91SAM7S256.o
AT91F_US_SetTimeguard                             hardware/lib_AT91SAM7S256.o
AT91F_US_TxReady                                  hardware/lib_AT91SAM7S256.o
AT91F_VREG_CfgPMC                                 hardware/lib_AT91SAM7S256.o
AT91F_VREG_Disable_LowPowerMode                   hardware/lib_AT91SAM7S256.o
AT91F_VREG_Enable_LowPowerMode                    hardware/lib_AT91SAM7S256.o
AT91F_WDTC_CfgPMC                                 hardware/lib_AT91SAM7S256.o
AT91F_WDTGetPeriod                                hardware/lib_AT91SAM7S256.o
AT91F_WDTRestart                                  hardware/lib_AT91SAM7S256.o
AT91F_WDTSGettatus                                hardware/lib_AT91SAM7S256.o
AT91F_WDTSetMode                                  hardware/lib_AT91SAM7S256.o
Clear_LED                                         led_debug.o
DAbt_Handler                                      startup_SAM7S.o
FIQ_Handler                                       startup_SAM7S.o
IRQ_Handler                                       startup_SAM7S.o
Init_LEDs                                         led_debug.o
                                                  main.o
PAbt_Handler                                      startup_SAM7S.o
SWI_Handler                                       FreeRTOS/Source/portable/GCC/ARM7_AT91SAM7S/portISR.o
                                                  startup_SAM7S.o
SendBytes                                         cfi/source/usb_comm.o
Set_LED                                           led_debug.o
Toggle_LED                                        led_debug.o
                                                  cfi/source/USB-CDC.o
                                                  main.o
Undef_Handler                                     startup_SAM7S.o
__aeabi_idiv0                                     /cygdrive/c/gccfd/gnuarm/bin/../lib/gcc/arm-elf/4.0.2/thumb/interwork/libgcc.a(_dvmd_tls.o)
__aeabi_idivmod                                   /cygdrive/c/gccfd/gnuarm/bin/../lib/gcc/arm-elf/4.0.2/thumb/interwork/libgcc.a(_divsi3.o)
__aeabi_ldiv0                                     /cygdrive/c/gccfd/gnuarm/bin/../lib/gcc/arm-elf/4.0.2/thumb/interwork/libgcc.a(_dvmd_tls.o)
__aeabi_uidivmod                                  /cygdrive/c/gccfd/gnuarm/bin/../lib/gcc/arm-elf/4.0.2/thumb/interwork/libgcc.a(_udivsi3.o)
__bss_end__                                       startup_SAM7S.o
__bss_start__                                     startup_SAM7S.o
__ctors_end__                                     startup_SAM7S.o
__ctors_start__                                   startup_SAM7S.o
__div0                                            /cygdrive/c/gccfd/gnuarm/bin/../lib/gcc/arm-elf/4.0.2/thumb/interwork/libgcc.a(_dvmd_tls.o)
                                                  /cygdrive/c/gccfd/gnuarm/bin/../lib/gcc/arm-elf/4.0.2/thumb/interwork/libgcc.a(_umodsi3.o)
                                                  /cygdrive/c/gccfd/gnuarm/bin/../lib/gcc/arm-elf/4.0.2/thumb/interwork/libgcc.a(_divsi3.o)
                                                  /cygdrive/c/gccfd/gnuarm/bin/../lib/gcc/arm-elf/4.0.2/thumb/interwork/libgcc.a(_udivsi3.o)
__divsi3                                          /cygdrive/c/gccfd/gnuarm/bin/../lib/gcc/arm-elf/4.0.2/thumb/interwork/libgcc.a(_divsi3.o)
                                                  hardware/lib_AT91SAM7S256.o
__udivsi3                                         /cygdrive/c/gccfd/gnuarm/bin/../lib/gcc/arm-elf/4.0.2/thumb/interwork/libgcc.a(_udivsi3.o)
                                                  hardware/lib_AT91SAM7S256.o
__umodsi3                                         /cygdrive/c/gccfd/gnuarm/bin/../lib/gcc/arm-elf/4.0.2/thumb/interwork/libgcc.a(_umodsi3.o)
                                                  hardware/lib_AT91SAM7S256.o
__vPortDisableInterruptsFromThumb_change_to_arm   /cygdrive/c/gccfd/gnuarm/bin/../lib/gcc/arm-elf/4.0.2/thumb/interwork/libgcc.a(_dvmd_tls.o)
__vPortDisableInterruptsFromThumb_from_thumb      /cygdrive/c/gccfd/gnuarm/bin/../lib/gcc/arm-elf/4.0.2/thumb/interwork/libgcc.a(_dvmd_tls.o)
__vPortEnterCritical_change_to_arm                /cygdrive/c/gccfd/gnuarm/bin/../lib/gcc/arm-elf/4.0.2/thumb/interwork/libgcc.a(_dvmd_tls.o)
__vPortEnterCritical_from_thumb                   /cygdrive/c/gccfd/gnuarm/bin/../lib/gcc/arm-elf/4.0.2/thumb/interwork/libgcc.a(_dvmd_tls.o)
__vPortExitCritical_change_to_arm                 /cygdrive/c/gccfd/gnuarm/bin/../lib/gcc/arm-elf/4.0.2/thumb/interwork/libgcc.a(_dvmd_tls.o)
__vPortExitCritical_from_thumb                    /cygdrive/c/gccfd/gnuarm/bin/../lib/gcc/arm-elf/4.0.2/thumb/interwork/libgcc.a(_dvmd_tls.o)
__vPortISRStartFirstTask_change_to_arm            /cygdrive/c/gccfd/gnuarm/bin/../lib/gcc/arm-elf/4.0.2/thumb/interwork/libgcc.a(_dvmd_tls.o)
__vPortISRStartFirstTask_from_thumb               /cygdrive/c/gccfd/gnuarm/bin/../lib/gcc/arm-elf/4.0.2/thumb/interwork/libgcc.a(_dvmd_tls.o)
__vTaskIncrementTick_from_arm                     /cygdrive/c/gccfd/gnuarm/bin/../lib/gcc/arm-elf/4.0.2/thumb/interwork/libgcc.a(_dvmd_tls.o)
__vTaskSwitchContext_from_arm                     /cygdrive/c/gccfd/gnuarm/bin/../lib/gcc/arm-elf/4.0.2/thumb/interwork/libgcc.a(_dvmd_tls.o)
__xQueueSendFromISR_from_arm                      /cygdrive/c/gccfd/gnuarm/bin/../lib/gcc/arm-elf/4.0.2/thumb/interwork/libgcc.a(_dvmd_tls.o)
_data                                             startup_SAM7S.o
_edata                                            startup_SAM7S.o
_etext                                            startup_SAM7S.o
_startup                                          startup_SAM7S.o
blinkcount                                        blinker.o
blinker                                           blinker.o
disableFIQ                                        interrupt_utils.o
disableIRQ                                        interrupt_utils.o
enableFIQ                                         interrupt_utils.o
enableIRQ                                         interrupt_utils.o
main                                              main.o
                                                  startup_SAM7S.o
memcpy                                            /cygdrive/c/gccfd/gnuarm/bin/../lib/gcc/arm-elf/4.0.2/../../../../arm-elf/lib/thumb/interwork/libc.a(memcpy.o)
                                                  cfi/source/USB-CDC.o
                                                  FreeRTOS/Source/queue.o
memset                                            /cygdrive/c/gccfd/gnuarm/bin/../lib/gcc/arm-elf/4.0.2/../../../../arm-elf/lib/thumb/interwork/libc.a(memset.o)
                                                  FreeRTOS/Source/tasks.o
onUSBCommTask                                     cfi/source/usb_comm.o
                                                  main.o
onUSBEchoTask                                     cfi/source/usb_comm.o
pvPortMalloc                                      FreeRTOS/Source/portable/MemMang/heap_2.o
                                                  FreeRTOS/Source/queue.o
                                                  FreeRTOS/Source/tasks.o
pxConfigDescriptor                                cfi/source/USB-CDC.o
pxConfigurationStringDescriptor                   cfi/source/USB-CDC.o
pxCurrentTCB                                      FreeRTOS/Source/tasks.o
                                                  cfi/source/USBIsr.o
                                                  FreeRTOS/Source/portable/GCC/ARM7_AT91SAM7S/portISR.o
pxDeviceDescriptor                                cfi/source/USB-CDC.o
pxInterfaceStringDescriptor                       cfi/source/USB-CDC.o
pxLanguageStringDescriptor                        cfi/source/USB-CDC.o
pxManufacturerStringDescriptor                    cfi/source/USB-CDC.o
pxPortInitialiseStack                             FreeRTOS/Source/portable/GCC/ARM7_AT91SAM7S/port.o
                                                  FreeRTOS/Source/tasks.o
pxProductStringDescriptor                         cfi/source/USB-CDC.o
restoreFIQ                                        interrupt_utils.o
restoreIRQ                                        interrupt_utils.o
strcpy                                            /cygdrive/c/gccfd/gnuarm/bin/../lib/gcc/arm-elf/4.0.2/../../../../arm-elf/lib/thumb/interwork/libc.a(strcpy.o)
                                                  cfi/source/usb_comm.o
strlen                                            /cygdrive/c/gccfd/gnuarm/bin/../lib/gcc/arm-elf/4.0.2/../../../../arm-elf/lib/thumb/interwork/libc.a(strlen.o)
                                                  cfi/source/USB-CDC.o
                                                  cfi/source/usb_comm.o
strncpy                                           /cygdrive/c/gccfd/gnuarm/bin/../lib/gcc/arm-elf/4.0.2/../../../../arm-elf/lib/thumb/interwork/libc.a(strncpy.o)
                                                  FreeRTOS/Source/tasks.o
ulCriticalNesting                                 FreeRTOS/Source/portable/GCC/ARM7_AT91SAM7S/portISR.o
                                                  cfi/source/USBIsr.o
uxQueueMessagesWaiting                            FreeRTOS/Source/queue.o
                                                  cfi/source/USB-CDC.o
uxTaskGetNumberOfTasks                            FreeRTOS/Source/tasks.o
uxTaskPriorityGet                                 FreeRTOS/Source/tasks.o
vListInitialise                                   FreeRTOS/Source/list.o
                                                  FreeRTOS/Source/queue.o
                                                  FreeRTOS/Source/tasks.o
vListInitialiseItem                               FreeRTOS/Source/list.o
                                                  FreeRTOS/Source/tasks.o
vListInsert                                       FreeRTOS/Source/list.o
                                                  FreeRTOS/Source/tasks.o
vListInsertEnd                                    FreeRTOS/Source/list.o
                                                  FreeRTOS/Source/tasks.o
vListRemove                                       FreeRTOS/Source/list.o
                                                  FreeRTOS/Source/tasks.o
vPortDisableInterruptsFromThumb                   FreeRTOS/Source/portable/GCC/ARM7_AT91SAM7S/portISR.o
                                                  FreeRTOS/Source/tasks.o
vPortEnableInterruptsFromThumb                    FreeRTOS/Source/portable/GCC/ARM7_AT91SAM7S/portISR.o
vPortEndScheduler                                 FreeRTOS/Source/portable/GCC/ARM7_AT91SAM7S/port.o
                                                  FreeRTOS/Source/tasks.o
vPortEnterCritical                                FreeRTOS/Source/portable/GCC/ARM7_AT91SAM7S/portISR.o
                                                  cfi/source/USB-CDC.o
                                                  FreeRTOS/Source/queue.o
                                                  FreeRTOS/Source/tasks.o
vPortExitCritical                                 FreeRTOS/Source/portable/GCC/ARM7_AT91SAM7S/portISR.o
                                                  cfi/source/USB-CDC.o
                                                  FreeRTOS/Source/queue.o
                                                  FreeRTOS/Source/tasks.o
vPortFree                                         FreeRTOS/Source/portable/MemMang/heap_2.o
                                                  FreeRTOS/Source/queue.o
                                                  FreeRTOS/Source/tasks.o
vPortISRStartFirstTask                            FreeRTOS/Source/portable/GCC/ARM7_AT91SAM7S/portISR.o
                                                  FreeRTOS/Source/portable/GCC/ARM7_AT91SAM7S/port.o
vPreemptiveTick                                   FreeRTOS/Source/portable/GCC/ARM7_AT91SAM7S/portISR.o
                                                  FreeRTOS/Source/portable/GCC/ARM7_AT91SAM7S/port.o
vQueueDelete                                      FreeRTOS/Source/queue.o
vTaskDelay                                        FreeRTOS/Source/tasks.o
                                                  cfi/source/USB-CDC.o
                                                  cfi/source/usb_comm.o
                                                  main.o
vTaskDelayUntil                                   FreeRTOS/Source/tasks.o
vTaskEndScheduler                                 FreeRTOS/Source/tasks.o
vTaskIncrementTick                                FreeRTOS/Source/tasks.o
                                                  FreeRTOS/Source/portable/GCC/ARM7_AT91SAM7S/portISR.o
vTaskMissedYield                                  FreeRTOS/Source/tasks.o
                                                  FreeRTOS/Source/queue.o
vTaskPlaceOnEventList                             FreeRTOS/Source/tasks.o
                                                  FreeRTOS/Source/queue.o
vTaskPrioritySet                                  FreeRTOS/Source/tasks.o
vTaskResume                                       FreeRTOS/Source/tasks.o
vTaskSetTimeOutState                              FreeRTOS/Source/tasks.o
                                                  FreeRTOS/Source/queue.o
vTaskStartScheduler                               FreeRTOS/Source/tasks.o
                                                  main.o
vTaskSuspend                                      FreeRTOS/Source/tasks.o
vTaskSuspendAll                                   FreeRTOS/Source/tasks.o
                                                  FreeRTOS/Source/portable/MemMang/heap_2.o
                                                  FreeRTOS/Source/queue.o
vTaskSwitchContext                                FreeRTOS/Source/tasks.o
                                                  cfi/source/USBIsr.o
                                                  FreeRTOS/Source/portable/GCC/ARM7_AT91SAM7S/portISR.o
vUSBBytesAvailable                                cfi/source/USB-CDC.o
vUSBCDCTask                                       cfi/source/USB-CDC.o
                                                  main.o
vUSBIsInitialized                                 cfi/source/USB-CDC.o
                                                  cfi/source/usb_comm.o
vUSBReceiveByte                                   cfi/source/USB-CDC.o
                                                  cfi/source/usb_comm.o
vUSBSendByte                                      cfi/source/USB-CDC.o
                                                  cfi/source/usb_comm.o
vUSBSendDebug                                     cfi/source/USB-CDC.o
vUSB_ISR                                          cfi/source/USBIsr.o
                                                  cfi/source/USB-CDC.o
xPortStartScheduler                               FreeRTOS/Source/portable/GCC/ARM7_AT91SAM7S/port.o
                                                  FreeRTOS/Source/tasks.o
xQueueCreate                                      FreeRTOS/Source/queue.o
                                                  cfi/source/USB-CDC.o
xQueueReceive                                     FreeRTOS/Source/queue.o
                                                  cfi/source/USB-CDC.o
xQueueReceiveFromISR                              FreeRTOS/Source/queue.o
xQueueSend                                        FreeRTOS/Source/queue.o
                                                  cfi/source/USB-CDC.o
xQueueSendFromISR                                 FreeRTOS/Source/queue.o
                                                  cfi/source/USBIsr.o
xTaskCheckForTimeOut                              FreeRTOS/Source/tasks.o
                                                  FreeRTOS/Source/queue.o
xTaskCreate                                       FreeRTOS/Source/tasks.o
                                                  main.o
xTaskGetTickCount                                 FreeRTOS/Source/tasks.o
xTaskRemoveFromEventList                          FreeRTOS/Source/tasks.o
                                                  FreeRTOS/Source/queue.o
xTaskResumeAll                                    FreeRTOS/Source/tasks.o
                                                  FreeRTOS/Source/portable/MemMang/heap_2.o
                                                  FreeRTOS/Source/queue.o
xTaskResumeFromISR                                FreeRTOS/Source/tasks.o
xUSBInterruptQueue                                cfi/source/USB-CDC.o
                                                  cfi/source/USBIsr.o
