Archive member included because of file (symbol)

/cygdrive/c/gccfd/gnuarm/bin/../lib/gcc/arm-elf/4.0.2/../../../../arm-elf/lib/thumb/interwork/libc.a(memcpy.o)
                              FreeRTOS/Source/queue.o (memcpy)
/cygdrive/c/gccfd/gnuarm/bin/../lib/gcc/arm-elf/4.0.2/../../../../arm-elf/lib/thumb/interwork/libc.a(memset.o)
                              FreeRTOS/Source/tasks.o (memset)
/cygdrive/c/gccfd/gnuarm/bin/../lib/gcc/arm-elf/4.0.2/../../../../arm-elf/lib/thumb/interwork/libc.a(sprintf.o)
                              usb/source/usb_comm.o (sprintf)
/cygdrive/c/gccfd/gnuarm/bin/../lib/gcc/arm-elf/4.0.2/../../../../arm-elf/lib/thumb/interwork/libc.a(strcpy.o)
                              usb/source/usb_comm.o (strcpy)
/cygdrive/c/gccfd/gnuarm/bin/../lib/gcc/arm-elf/4.0.2/../../../../arm-elf/lib/thumb/interwork/libc.a(strlen.o)
                              usb/source/usb_comm.o (strlen)
/cygdrive/c/gccfd/gnuarm/bin/../lib/gcc/arm-elf/4.0.2/../../../../arm-elf/lib/thumb/interwork/libc.a(strncpy.o)
                              FreeRTOS/Source/tasks.o (strncpy)
/cygdrive/c/gccfd/gnuarm/bin/../lib/gcc/arm-elf/4.0.2/../../../../arm-elf/lib/thumb/interwork/libc.a(vfprintf.o)
                              /cygdrive/c/gccfd/gnuarm/bin/../lib/gcc/arm-elf/4.0.2/../../../../arm-elf/lib/thumb/interwork/libc.a(sprintf.o) (_vfprintf_r)
/cygdrive/c/gccfd/gnuarm/bin/../lib/gcc/arm-elf/4.0.2/../../../../arm-elf/lib/thumb/interwork/libc.a(wcrtomb.o)
                              /cygdrive/c/gccfd/gnuarm/bin/../lib/gcc/arm-elf/4.0.2/../../../../arm-elf/lib/thumb/interwork/libc.a(vfprintf.o) (_wcrtomb_r)
/cygdrive/c/gccfd/gnuarm/bin/../lib/gcc/arm-elf/4.0.2/../../../../arm-elf/lib/thumb/interwork/libc.a(wcsrtombs.o)
                              /cygdrive/c/gccfd/gnuarm/bin/../lib/gcc/arm-elf/4.0.2/../../../../arm-elf/lib/thumb/interwork/libc.a(vfprintf.o) (_wcsrtombs_r)
/cygdrive/c/gccfd/gnuarm/bin/../lib/gcc/arm-elf/4.0.2/../../../../arm-elf/lib/thumb/interwork/libc.a(wctomb_r.o)
                              /cygdrive/c/gccfd/gnuarm/bin/../lib/gcc/arm-elf/4.0.2/../../../../arm-elf/lib/thumb/interwork/libc.a(wcrtomb.o) (_wctomb_r)
/cygdrive/c/gccfd/gnuarm/bin/../lib/gcc/arm-elf/4.0.2/../../../../arm-elf/lib/thumb/interwork/libc.a(wsetup.o)
                              /cygdrive/c/gccfd/gnuarm/bin/../lib/gcc/arm-elf/4.0.2/../../../../arm-elf/lib/thumb/interwork/libc.a(vfprintf.o) (__swsetup)
/cygdrive/c/gccfd/gnuarm/bin/../lib/gcc/arm-elf/4.0.2/../../../../arm-elf/lib/thumb/interwork/libc.a(dtoa.o)
                              /cygdrive/c/gccfd/gnuarm/bin/../lib/gcc/arm-elf/4.0.2/../../../../arm-elf/lib/thumb/interwork/libc.a(vfprintf.o) (_dtoa_r)
/cygdrive/c/gccfd/gnuarm/bin/../lib/gcc/arm-elf/4.0.2/../../../../arm-elf/lib/thumb/interwork/libc.a(fflush.o)
                              /cygdrive/c/gccfd/gnuarm/bin/../lib/gcc/arm-elf/4.0.2/../../../../arm-elf/lib/thumb/interwork/libc.a(vfprintf.o) (fflush)
/cygdrive/c/gccfd/gnuarm/bin/../lib/gcc/arm-elf/4.0.2/../../../../arm-elf/lib/thumb/interwork/libc.a(findfp.o)
                              /cygdrive/c/gccfd/gnuarm/bin/../lib/gcc/arm-elf/4.0.2/../../../../arm-elf/lib/thumb/interwork/libc.a(vfprintf.o) (__sinit)
/cygdrive/c/gccfd/gnuarm/bin/../lib/gcc/arm-elf/4.0.2/../../../../arm-elf/lib/thumb/interwork/libc.a(freer.o)
                              /cygdrive/c/gccfd/gnuarm/bin/../lib/gcc/arm-elf/4.0.2/../../../../arm-elf/lib/thumb/interwork/libc.a(vfprintf.o) (_free_r)
/cygdrive/c/gccfd/gnuarm/bin/../lib/gcc/arm-elf/4.0.2/../../../../arm-elf/lib/thumb/interwork/libc.a(fvwrite.o)
                              /cygdrive/c/gccfd/gnuarm/bin/../lib/gcc/arm-elf/4.0.2/../../../../arm-elf/lib/thumb/interwork/libc.a(vfprintf.o) (__sfvwrite)
/cygdrive/c/gccfd/gnuarm/bin/../lib/gcc/arm-elf/4.0.2/../../../../arm-elf/lib/thumb/interwork/libc.a(fwalk.o)
                              /cygdrive/c/gccfd/gnuarm/bin/../lib/gcc/arm-elf/4.0.2/../../../../arm-elf/lib/thumb/interwork/libc.a(fflush.o) (_fwalk)
/cygdrive/c/gccfd/gnuarm/bin/../lib/gcc/arm-elf/4.0.2/../../../../arm-elf/lib/thumb/interwork/libc.a(impure.o)
                              /cygdrive/c/gccfd/gnuarm/bin/../lib/gcc/arm-elf/4.0.2/../../../../arm-elf/lib/thumb/interwork/libc.a(fflush.o) (_global_impure_ptr)
/cygdrive/c/gccfd/gnuarm/bin/../lib/gcc/arm-elf/4.0.2/../../../../arm-elf/lib/thumb/interwork/libc.a(locale.o)
                              /cygdrive/c/gccfd/gnuarm/bin/../lib/gcc/arm-elf/4.0.2/../../../../arm-elf/lib/thumb/interwork/libc.a(wctomb_r.o) (__lc_ctype)
/cygdrive/c/gccfd/gnuarm/bin/../lib/gcc/arm-elf/4.0.2/../../../../arm-elf/lib/thumb/interwork/libc.a(makebuf.o)
                              /cygdrive/c/gccfd/gnuarm/bin/../lib/gcc/arm-elf/4.0.2/../../../../arm-elf/lib/thumb/interwork/libc.a(wsetup.o) (__smakebuf)
/cygdrive/c/gccfd/gnuarm/bin/../lib/gcc/arm-elf/4.0.2/../../../../arm-elf/lib/thumb/interwork/libc.a(mallocr.o)
[...]
Memory Configuration

Name             Origin             Length             Attributes
FLASH            0x00100000         0x00010000         xr
DATA             0x00200000         0x00004000         rw
STACK            0x00204000         0x00000000         rw
*default*        0x00000000         0xffffffff

Linker script and memory map

LOAD startup_SAM7S.o
LOAD FreeRTOS/Source/portable/GCC/ARM7_AT91SAM7S/portISR.o
LOAD interrupt_utils.o
LOAD blinker.o
LOAD usb/source/USBIsr.o
LOAD logger/gpioIsr.o
LOAD main.o
LOAD hardware/lib_AT91SAM7S256.o
LOAD FreeRTOS/Source/tasks.o
LOAD FreeRTOS/Source/queue.o
LOAD FreeRTOS/Source/list.o
LOAD FreeRTOS/Source/portable/MemMang/heap_2.o
LOAD FreeRTOS/Source/portable/GCC/ARM7_AT91SAM7S/port.o
LOAD usb/source/usb_comm.o
LOAD usb/source/USB-CDC.o
LOAD logger/loggerHardware.o
LOAD logger/gpioTasks.o
LOAD logger/loggerTask.o
LOAD serial/usart.o
LOAD sdcard/sdcard.o
LOAD accelerometer/accelerometer.o
LOAD util/modp_numtoa.o
LOAD /cygdrive/c/gccfd/gnuarm/bin/../lib/gcc/arm-elf/4.0.2/../../../../arm-elf/lib/thumb/interwork/libc.a
LOAD /cygdrive/c/gccfd/gnuarm/bin/../lib/gcc/arm-elf/4.0.2/../../../../arm-elf/lib/thumb/interwork/libm.a
LOAD /cygdrive/c/gccfd/gnuarm/bin/../lib/gcc/arm-elf/4.0.2/../../../../arm-elf/lib/thumb/interwork/libc.a
LOAD /cygdrive/c/gccfd/gnuarm/bin/../lib/gcc/arm-elf/4.0.2/thumb/interwork/libgcc.a
LOAD ../libefsl/libefsl.a
LOAD /cygdrive/c/gccfd/gnuarm/bin/../lib/gcc/arm-elf/4.0.2/thumb/interwork/libgcc.a
LOAD /cygdrive/c/gccfd/gnuarm/bin/../lib/gcc/arm-elf/4.0.2/../../../../arm-elf/lib/thumb/interwork/libc.a
LOAD /cygdrive/c/gccfd/gnuarm/bin/../lib/gcc/arm-elf/4.0.2/thumb/interwork/libgcc.a

.text           0x00100000     0xb3fc
 *(.vectrom)
 .vectrom       0x00100000       0x58 startup_SAM7S.o
                0x00100050                IRQ_Handler
                0x00100040                Undef_Handler
                0x0010004c                DAbt_Handler
                0x00100054                FIQ_Handler
                0x00100048                PAbt_Handler
 *(.init)
 .init          0x00100058      0x160 startup_SAM7S.o
                0x00100058                _startup
 *(.text .text.*)
 .text.vPortISRStartFirstTask
                0x001001b8       0x54 FreeRTOS/Source/portable/GCC/ARM7_AT91SAM7S/portISR.o
                0x001001b8                vPortISRStartFirstTask
 .text.SWI_Handler
                0x0010020c       0xac FreeRTOS/Source/portable/GCC/ARM7_AT91SAM7S/portISR.o
                0x0010020c                SWI_Handler
 .text.vPreemptiveTick
                0x001002b8       0xc0 FreeRTOS/Source/portable/GCC/ARM7_AT91SAM7S/portISR.o
                0x001002b8                vPreemptiveTick
 .text.vPortDisableInterruptsFromThumb
                0x00100378       0x18 FreeRTOS/Source/portable/GCC/ARM7_AT91SAM7S/portISR.o
                0x00100378                vPortDisableInterruptsFromThumb
 .text.vPortEnterCritical
                0x00100390       0x2c FreeRTOS/Source/portable/GCC/ARM7_AT91SAM7S/portISR.o
                0x00100390                vPortEnterCritical
 .text.vPortExitCritical
                0x001003bc       0x44 FreeRTOS/Source/portable/GCC/ARM7_AT91SAM7S/portISR.o
                0x001003bc                vPortExitCritical
 .text.vUSB_ISR
                0x00100400      0x23c usb/source/USBIsr.o
                0x00100400                vUSB_ISR
 .text.gpio_irq_handler
                0x0010063c      0x168 logger/gpioIsr.o
                0x0010063c                gpio_irq_handler
 .text.main     0x001007a4       0x90 main.o
                0x001007a4                main
 .text.AT91F_AIC_ConfigureIt
                0x00100834       0x28 hardware/lib_AT91SAM7S256.o
                0x00100834                AT91F_AIC_ConfigureIt
 .text.AT91F_AIC_EnableIt
                0x0010085c        0xc hardware/lib_AT91SAM7S256.o
                0x0010085c                AT91F_AIC_EnableIt
 .text.AT91F_AIC_ClearIt
                0x00100868        0xc hardware/lib_AT91SAM7S256.o
                0x00100868                AT91F_AIC_ClearIt
 .text.AT91F_AIC_AcknowledgeIt
                0x00100874        0x8 hardware/lib_AT91SAM7S256.o
                0x00100874                AT91F_AIC_AcknowledgeIt
 .text.AT91F_PIO_CfgOutput
                0x0010087c        0x8 hardware/lib_AT91SAM7S256.o
                0x0010087c                AT91F_PIO_CfgOutput
 .text.AT91F_PIO_CfgInput
                0x00100884        0x8 hardware/lib_AT91SAM7S256.o
                0x00100884                AT91F_PIO_CfgInput
 .text.AT91F_PIO_CfgOpendrain
                0x0010088c        0x8 hardware/lib_AT91SAM7S256.o
                0x0010088c                AT91F_PIO_CfgOpendrain
 .text.AT91F_PIO_CfgPullup
                0x00100894        0x8 hardware/lib_AT91SAM7S256.o
                0x00100894                AT91F_PIO_CfgPullup
 .text.AT91F_PIO_CfgInputFilter
                0x0010089c        0x8 hardware/lib_AT91SAM7S256.o
                0x0010089c                AT91F_PIO_CfgInputFilter
 .text.AT91F_PIO_GetInput
                0x001008a4        0x4 hardware/lib_AT91SAM7S256.o
                0x001008a4                AT91F_PIO_GetInput
 .text.AT91F_PIO_SetOutput
                0x001008a8        0x4 hardware/lib_AT91SAM7S256.o
                0x001008a8                AT91F_PIO_SetOutput
 .text.AT91F_PIO_ClearOutput
                0x001008ac        0x4 hardware/lib_AT91SAM7S256.o
                0x001008ac                AT91F_PIO_ClearOutput
 .text.AT91F_PIO_InterruptEnable
                0x001008b0        0x4 hardware/lib_AT91SAM7S256.o
                0x001008b0                AT91F_PIO_InterruptEnable
 .text.AT91F_PMC_EnablePeriphClock
                0x001008b4        0x4 hardware/lib_AT91SAM7S256.o
                0x001008b4                AT91F_PMC_EnablePeriphClock
 .text.AT91F_RSTSetMode
                0x001008b8        0xc hardware/lib_AT91SAM7S256.o
                0x001008b8                AT91F_RSTSetMode
 .text.AT91F_ADC_GetStatus
                0x001008c4        0x4 hardware/lib_AT91SAM7S256.o
                0x001008c4                AT91F_ADC_GetStatus
 .text.AT91F_ADC_CfgModeReg
                0x001008c8        0x4 hardware/lib_AT91SAM7S256.o
                0x001008c8                AT91F_ADC_CfgModeReg
 .text.AT91F_ADC_EnableChannel
                0x001008cc        0x4 hardware/lib_AT91SAM7S256.o
                0x001008cc                AT91F_ADC_EnableChannel
 .text.AT91F_ADC_StartConversion
                0x001008d0        0x8 hardware/lib_AT91SAM7S256.o
                0x001008d0                AT91F_ADC_StartConversion
 .text.AT91F_ADC_SoftReset
                0x001008d8        0x8 hardware/lib_AT91SAM7S256.o
                0x001008d8                AT91F_ADC_SoftReset
 .text.AT91F_ADC_GetConvertedDataCH0
                0x001008e0        0x4 hardware/lib_AT91SAM7S256.o
                0x001008e0                AT91F_ADC_GetConvertedDataCH0
 .text.AT91F_ADC_GetConvertedDataCH1
                0x001008e4        0x4 hardware/lib_AT91SAM7S256.o
                0x001008e4                AT91F_ADC_GetConvertedDataCH1
 .text.AT91F_ADC_GetConvertedDataCH2
                0x001008e8        0x4 hardware/lib_AT91SAM7S256.o
                0x001008e8                AT91F_ADC_GetConvertedDataCH2
 .text.AT91F_ADC_GetConvertedDataCH3
                0x001008ec        0x4 hardware/lib_AT91SAM7S256.o
                0x001008ec                AT91F_ADC_GetConvertedDataCH3
 .text.AT91F_ADC_GetConvertedDataCH4
                0x001008f0        0x4 hardware/lib_AT91SAM7S256.o
                0x001008f0                AT91F_ADC_GetConvertedDataCH4
 .text.AT91F_ADC_GetConvertedDataCH5
                0x001008f4        0x4 hardware/lib_AT91SAM7S256.o
                0x001008f4                AT91F_ADC_GetConvertedDataCH5
 .text.AT91F_ADC_GetConvertedDataCH6
                0x001008f8        0x4 hardware/lib_AT91SAM7S256.o
                0x001008f8                AT91F_ADC_GetConvertedDataCH6
 .text.AT91F_ADC_GetConvertedDataCH7
                0x001008fc        0x4 hardware/lib_AT91SAM7S256.o
                0x001008fc                AT91F_ADC_GetConvertedDataCH7
 .text.vTaskSuspendAll
                0x00100900       0x1c FreeRTOS/Source/tasks.o
                0x00100900                vTaskSuspendAll
 .text.vTaskIncrementTick
                0x0010091c       0xb0 FreeRTOS/Source/tasks.o
                0x0010091c                vTaskIncrementTick
 .text.xTaskResumeAll
                0x001009cc       0xd0 FreeRTOS/Source/tasks.o
                0x001009cc                xTaskResumeAll
 .text.vTaskDelay
                0x00100a9c       0x58 FreeRTOS/Source/tasks.o
                0x00100a9c                vTaskDelay
 .text.vTaskSwitchContext
                0x00100af4       0xa8 FreeRTOS/Source/tasks.o
                0x00100af4                vTaskSwitchContext
 .text.vTaskPlaceOnEventList
                0x00100b9c       0x4c FreeRTOS/Source/tasks.o
                0x00100b9c                vTaskPlaceOnEventList
 .text.xTaskRemoveFromEventList
                0x00100be8       0x74 FreeRTOS/Source/tasks.o
                0x00100be8                xTaskRemoveFromEventList
 .text.vTaskSetTimeOutState
                0x00100c5c       0x18 FreeRTOS/Source/tasks.o
                0x00100c5c                vTaskSetTimeOutState
 .text.vTaskMissedYield
                0x00100c74        0xc FreeRTOS/Source/tasks.o
                0x00100c74                vTaskMissedYield
 .text.prvIdleTask
                0x00100c80       0x10 FreeRTOS/Source/tasks.o
 .text.xTaskCreate
                0x00100c90      0x18c FreeRTOS/Source/tasks.o
                0x00100c90                xTaskCreate
 .text.vTaskStartScheduler
                0x00100e1c       0x44 FreeRTOS/Source/tasks.o
                0x00100e1c                vTaskStartScheduler
 .text.xTaskCheckForTimeOut
                0x00100e60       0x4c FreeRTOS/Source/tasks.o
                0x00100e60                xTaskCheckForTimeOut
 .text.xQueueCreate
                0x00100eac       0x68 FreeRTOS/Source/queue.o
                0x00100eac                xQueueCreate
 .text.xQueueSendFromISR
                0x00100f14       0x60 FreeRTOS/Source/queue.o
                0x00100f14                xQueueSendFromISR
 .text.uxQueueMessagesWaiting
                0x00100f74       0x18 FreeRTOS/Source/queue.o
                0x00100f74                uxQueueMessagesWaiting
 .text.prvUnlockQueue
                0x00100f8c       0x68 FreeRTOS/Source/queue.o
 .text.xQueueReceive
                0x00100ff4       0xe4 FreeRTOS/Source/queue.o
                0x00100ff4                xQueueReceive
 .text.xQueueSend
                0x001010d8       0xe8 FreeRTOS/Source/queue.o
                0x001010d8                xQueueSend
 .text.vListInitialise
                0x001011c0       0x18 FreeRTOS/Source/list.o
                0x001011c0                vListInitialise
 .text.vListInitialiseItem
                0x001011d8        0x8 FreeRTOS/Source/list.o
                0x001011d8                vListInitialiseItem
 .text.vListInsertEnd
                0x001011e0       0x1c FreeRTOS/Source/list.o
                0x001011e0                vListInsertEnd
 .text.vListInsert
                0x001011fc       0x34 FreeRTOS/Source/list.o
                0x001011fc                vListInsert
 .text.vListRemove
                0x00101230       0x20 FreeRTOS/Source/list.o
                0x00101230                vListRemove
 .text.pvPortMalloc
                0x00101250       0xb4 FreeRTOS/Source/portable/MemMang/heap_2.o
                0x00101250                pvPortMalloc
 .text.vPortFree
                0x00101304       0x30 FreeRTOS/Source/portable/MemMang/heap_2.o
                0x00101304                vPortFree
 .text.pxPortInitialiseStack
                0x00101334       0xa4 FreeRTOS/Source/portable/GCC/ARM7_AT91SAM7S/port.o
                0x00101334                pxPortInitialiseStack
 .text.xPortStartScheduler
                0x001013d8       0x40 FreeRTOS/Source/portable/GCC/ARM7_AT91SAM7S/port.o
                0x001013d8                xPortStartScheduler
 .text.SendString
                0x00101418       0x18 usb/source/usb_comm.o
                0x00101418                SendString
 .text.ListFile
                0x00101430       0xc4 usb/source/usb_comm.o
                0x00101430                ListFile
 .text.SendBytes
                0x001014f4       0x20 usb/source/usb_comm.o
                0x001014f4                SendBytes
 .text.onUSBCommTask
                0x00101514      0x1f8 usb/source/usb_comm.o
                0x00101514                onUSBCommTask
 .text.vUSBIsInitialized
                0x0010170c        0xc usb/source/USB-CDC.o
                0x0010170c                vUSBIsInitialized
 .text.vUSBSendByte
                0x00101718       0x20 usb/source/USB-CDC.o
                0x00101718                vUSBSendByte
 .text.vUSBReceiveByte
                0x00101738       0x18 usb/source/USB-CDC.o
                0x00101738                vUSBReceiveByte
 .text.prvSendZLP
                0x00101750       0x44 usb/source/USB-CDC.o
 .text.prvSendStall
                0x00101794       0x24 usb/source/USB-CDC.o
 .text.prvSendNextSegment
                0x001017b8       0xa4 usb/source/USB-CDC.o
 .text.prvSendControlData
                0x0010185c       0x50 usb/source/USB-CDC.o
 .text.vUSBCDCTask
                0x001018ac      0x4e4 usb/source/USB-CDC.o
                0x001018ac                vUSBCDCTask
 .text.InitGPIO
                0x00101d90       0x18 logger/loggerHardware.o
                0x00101d90                InitGPIO
 .text.PWM_SetDutyCycle
                0x00101da8       0x48 logger/loggerHardware.o
                0x00101da8                PWM_SetDutyCycle
 .text.InitADC  0x00101df0       0x28 logger/loggerHardware.o
                0x00101df0                InitADC
 .text.ReadAllADC
                0x00101e18       0x6c logger/loggerHardware.o
                0x00101e18                ReadAllADC
 .text.InitLEDs
                0x00101e84       0x20 logger/loggerHardware.o
                0x00101e84                InitLEDs
 .text.EnableLED
                0x00101ea4       0x14 logger/loggerHardware.o
                0x00101ea4                EnableLED
 .text.DisableLED
                0x00101eb8       0x14 logger/loggerHardware.o
                0x00101eb8                DisableLED
 .text.ToggleLED
                0x00101ecc       0x2c logger/loggerHardware.o
                0x00101ecc                ToggleLED
 .text.createGPIOTasks
                0x00101ef8      0x138 logger/gpioTasks.o
                0x00101ef8                createGPIOTasks
 .text.onPushbuttonTask
                0x00102030       0x50 logger/gpioTasks.o
                0x00102030                onPushbuttonTask
 .text.onGPI1Task
                0x00102080       0x18 logger/gpioTasks.o
                0x00102080                onGPI1Task
 .text.onGPI2Task
                0x00102098       0x18 logger/gpioTasks.o
                0x00102098                onGPI2Task
 .text.onGPI3Task
                0x001020b0       0x18 logger/gpioTasks.o
                0x001020b0                onGPI3Task
 .text.createLoggerTask
                0x001020c8       0x58 logger/loggerTask.o
                0x001020c8                createLoggerTask
 .text.writeLogFileValue
                0x00102120       0x24 logger/loggerTask.o
                0x00102120                writeLogFileValue
 .text.loggerTask
                0x00102144      0x138 logger/loggerTask.o
                0x00102144                loggerTask
 .text.InitEFS  0x0010227c       0x18 sdcard/sdcard.o
                0x0010227c                InitEFS
 .text.UnmountEFS
                0x00102294       0x14 sdcard/sdcard.o
                0x00102294                UnmountEFS
 .text.OpenNextLogFile
                0x001022a8       0x5c sdcard/sdcard.o
                0x001022a8                OpenNextLogFile
 .text.ListRootDir
                0x00102304       0xa4 sdcard/sdcard.o
                0x00102304                ListRootDir
 .text.accel_initSPI
                0x001023a8       0x60 accelerometer/accelerometer.o
                0x001023a8                accel_initSPI
 .text.spi_init_chip_select
                0x00102408       0x4c accelerometer/accelerometer.o
                0x00102408                spi_init_chip_select
 .text.accel_spiSend
                0x00102454       0x3c accelerometer/accelerometer.o
                0x00102454                accel_spiSend
 .text.selectChip
                0x00102490       0x2c accelerometer/accelerometer.o
                0x00102490                selectChip
 .text.accel_init
                0x001024bc       0x3c accelerometer/accelerometer.o
                0x001024bc                accel_init
 .text.accel_setup
                0x001024f8       0x30 accelerometer/accelerometer.o
                0x001024f8                accel_setup
 .text.accel_readControlRegister
                0x00102528       0x24 accelerometer/accelerometer.o
                0x00102528                accel_readControlRegister
 .text.accel_readAxis
                0x0010254c       0x50 accelerometer/accelerometer.o
                0x0010254c                accel_readAxis
 .text.strreverse
                0x0010259c       0x14 util/modp_numtoa.o
 .text.modp_itoa10
                0x001025b0       0x50 util/modp_numtoa.o
                0x001025b0                modp_itoa10
 .text          0x00102600       0x68 /cygdrive/c/gccfd/gnuarm/bin/../lib/gcc/arm-elf/4.0.2/../../../../arm-elf/lib/thumb/interwork/libc.a(memcpy.o)
                0x00102600                memcpy
 .text          0x00102668       0x68 /cygdrive/c/gccfd/gnuarm/bin/../lib/gcc/arm-elf/4.0.2/../../../../arm-elf/lib/thumb/interwork/libc.a(memset.o)
                0x00102668                memset
 .text          0x001026d0       0x84 /cygdrive/c/gccfd/gnuarm/bin/../lib/gcc/arm-elf/4.0.2/../../../../arm-elf/lib/thumb/interwork/libc.a(sprintf.o)
                0x001026d0                _sprintf_r
                0x00102710                sprintf
 .text          0x00102754       0x60 /cygdrive/c/gccfd/gnuarm/bin/../lib/gcc/arm-elf/4.0.2/../../../../arm-elf/lib/thumb/interwork/libc.a(strcpy.o)
                0x00102754                strcpy
 .text          0x001027b4       0x48 /cygdrive/c/gccfd/gnuarm/bin/../lib/gcc/arm-elf/4.0.2/../../../../arm-elf/lib/thumb/interwork/libc.a(strlen.o)
                0x001027b4                strlen
 .text          0x001027fc       0x84 /cygdrive/c/gccfd/gnuarm/bin/../lib/gcc/arm-elf/4.0.2/../../../../arm-elf/lib/thumb/interwork/libc.a(strncpy.o)
                0x001027fc                strncpy
 .text          0x00102880     0x1914 /cygdrive/c/gccfd/gnuarm/bin/../lib/gcc/arm-elf/4.0.2/../../../../arm-elf/lib/thumb/interwork/libc.a(vfprintf.o)
                0x001028a0                _vfprintf_r
                0x00104174                vfprintf
 .text          0x00104194       0x54 /cygdrive/c/gccfd/gnuarm/bin/../lib/gcc/arm-elf/4.0.2/../../../../arm-elf/lib/thumb/interwork/libc.a(wcrtomb.o)
                0x00104194                _wcrtomb_r
                0x001041c8                wcrtomb
 .text          0x001041e8      0x100 /cygdrive/c/gccfd/gnuarm/bin/../lib/gcc/arm-elf/4.0.2/../../../../arm-elf/lib/thumb/interwork/libc.a(wcsrtombs.o)
                0x001041e8                _wcsrtombs_r
                0x001042c0                wcsrtombs
 .text          0x001042e8      0x2a8 /cygdrive/c/gccfd/gnuarm/bin/../lib/gcc/arm-elf/4.0.2/../../../../arm-elf/lib/thumb/interwork/libc.a(wctomb_r.o)
                0x001042e8                _wctomb_r
 .text          0x00104590       0xa8 /cygdrive/c/gccfd/gnuarm/bin/../lib/gcc/arm-elf/4.0.2/../../../../arm-elf/lib/thumb/interwork/libc.a(wsetup.o)
                0x00104590                __swsetup
 .text          0x00104638      0xf08 /cygdrive/c/gccfd/gnuarm/bin/../lib/gcc/arm-elf/4.0.2/../../../../arm-elf/lib/thumb/interwork/libc.a(dtoa.o)
                0x00104788                _dtoa_r
 .text          0x00105540       0x90 /cygdrive/c/gccfd/gnuarm/bin/../lib/gcc/arm-elf/4.0.2/../../../../arm-elf/lib/thumb/interwork/libc.a(fflush.o)
                0x00105540                fflush
 .text          0x001055d0      0x1c0 /cygdrive/c/gccfd/gnuarm/bin/../lib/gcc/arm-elf/4.0.2/../../../../arm-elf/lib/thumb/interwork/libc.a(findfp.o)
                0x00105670                __sinit
                0x00105608                __sfmoreglue
                0x00105654                _cleanup
                0x00105644                _cleanup_r
                0x00105760                __fp_lock_all
                0x0010563c                __sfp_lock_acquire
                0x001056cc                __sfp
                0x0010566c                __sinit_lock_release
                0x00105778                __fp_unlock_all
                0x00105640                __sfp_lock_release
                0x00105668                __sinit_lock_acquire
 .text          0x00105790      0x260 /cygdrive/c/gccfd/gnuarm/bin/../lib/gcc/arm-elf/4.0.2/../../../../arm-elf/lib/thumb/interwork/libc.a(freer.o)
                0x00105830                _free_r
                0x00105790                _malloc_trim_r
 .text          0x001059f0      0x2a8 /cygdrive/c/gccfd/gnuarm/bin/../lib/gcc/arm-elf/4.0.2/../../../../arm-elf/lib/thumb/interwork/libc.a(fvwrite.o)
                0x001059f0                __sfvwrite
 .text          0x00105c98       0xe0 /cygdrive/c/gccfd/gnuarm/bin/../lib/gcc/arm-elf/4.0.2/../../../../arm-elf/lib/thumb/interwork/libc.a(fwalk.o)
                0x00105c98                _fwalk
                0x00105d04                _fwalk_reent
 .text          0x00105d78       0x80 /cygdrive/c/gccfd/gnuarm/bin/../lib/gcc/arm-elf/4.0.2/../../../../arm-elf/lib/thumb/interwork/libc.a(locale.o)
                0x00105d78                _setlocale_r
                0x00105db4                __locale_charset
                0x00105dc0                _localeconv_r
                0x00105dc8                setlocale
                0x00105de4                localeconv
 .text          0x00105df8       0xe0 /cygdrive/c/gccfd/gnuarm/bin/../lib/gcc/arm-elf/4.0.2/../../../../arm-elf/lib/thumb/interwork/libc.a(makebuf.o)
                0x00105df8                __smakebuf
 .text          0x00105ed8      0x548 /cygdrive/c/gccfd/gnuarm/bin/../lib/gcc/arm-elf/4.0.2/../../../../arm-elf/lib/thumb/interwork/libc.a(mallocr.o)
                0x00105ed8                _malloc_r
 .text          0x00106420       0x90 /cygdrive/c/gccfd/gnuarm/bin/../lib/gcc/arm-elf/4.0.2/../../../../arm-elf/lib/thumb/interwork/libc.a(memchr.o)
                0x00106420                memchr
 .text          0x001064b0       0x90 /cygdrive/c/gccfd/gnuarm/bin/../lib/gcc/arm-elf/4.0.2/../../../../arm-elf/lib/thumb/interwork/libc.a(memmove.o)
                0x001064b0                memmove
 .text          0x00106540        0x8 /cygdrive/c/gccfd/gnuarm/bin/../lib/gcc/arm-elf/4.0.2/../../../../arm-elf/lib/thumb/interwork/libc.a(mlock.o)
                0x00106544                __malloc_unlock
                0x00106540                __malloc_lock
 .text          0x00106548      0x8ec /cygdrive/c/gccfd/gnuarm/bin/../lib/gcc/arm-elf/4.0.2/../../../../arm-elf/lib/thumb/interwork/libc.a(mprec.o)
                0x00106df0                _mprec_log10
                0x001066f4                _hi0bits
                0x00106548                _Balloc
                0x00106cb4                _d2b
                0x001067c0                _multiply
                0x00106d9c                _ratio
                0x00106654                _s2b
                0x001067a8                _i2b
                0x0010673c                _lo0bits
                0x00106a60                __mcmp
                0x0010690c                _pow5mult
                0x00106b9c                _ulp
                0x00106bf0                _b2d
                0x001065b8                _multadd
                0x00106aa4                __mdiff
                0x001069ac                _lshift
                0x001065a0                _Bfree
 .text          0x00106e34      0x3ac /cygdrive/c/gccfd/gnuarm/bin/../lib/gcc/arm-elf/4.0.2/../../../../arm-elf/lib/thumb/interwork/libc.a(reallocr.o)
                0x00106e34                _realloc_r
 .text          0x001071e0       0x24 /cygdrive/c/gccfd/gnuarm/bin/../lib/gcc/arm-elf/4.0.2/../../../../arm-elf/lib/thumb/interwork/libc.a(s_isinf.o)
                0x001071e0                isinf
 .text          0x00107204       0x1c /cygdrive/c/gccfd/gnuarm/bin/../lib/gcc/arm-elf/4.0.2/../../../../arm-elf/lib/thumb/interwork/libc.a(s_isnan.o)
                0x00107204                isnan
 .text          0x00107220       0x28 /cygdrive/c/gccfd/gnuarm/bin/../lib/gcc/arm-elf/4.0.2/../../../../arm-elf/lib/thumb/interwork/libc.a(sbrkr.o)
                0x00107220                _sbrk_r
 .text          0x00107248       0xe4 /cygdrive/c/gccfd/gnuarm/bin/../lib/gcc/arm-elf/4.0.2/../../../../arm-elf/lib/thumb/interwork/libc.a(stdio.o)
                0x001072d0                __sseek
                0x00107248                __sread
                0x00107310                __sclose
                0x00107284                __swrite
 .text          0x0010732c       0x88 /cygdrive/c/gccfd/gnuarm/bin/../lib/gcc/arm-elf/4.0.2/../../../../arm-elf/lib/thumb/interwork/libc.a(strcmp.o)
                0x0010732c                strcmp
 .text          0x001073b4      0x504 /cygdrive/c/gccfd/gnuarm/bin/../lib/gcc/arm-elf/4.0.2/../../../../arm-elf/lib/thumb/interwork/libc.a(syscalls.o)
                0x00107420                _getpid
                0x001074e8                initialise_monitor_handles
                0x001074b8                isatty
                0x0010745c                _fstat
                0x0010776c                _open
                0x00107424                _sbrk
                0x00107490                _raise
                0x00107494                _times
                0x00107780                _stat
                0x001076d0                _lseek
                0x00107480                _link
                0x00107624                _swiwrite
                0x001074d4                _rename
                0x00107598                _swilseek
                0x0010764c                _swiclose
                0x001076e0                _swiopen
                0x00107488                _unlink
                0x001077bc                _write
                0x00107870                _kill
                0x0010788c                _gettimeofday
                0x0010780c                _read
                0x00107858                _exit
                0x001074bc                _system
                0x00107570                _swiread
                0x001076c0                _close
 .text          0x001078b8       0x2c /cygdrive/c/gccfd/gnuarm/bin/../lib/gcc/arm-elf/4.0.2/../../../../arm-elf/lib/thumb/interwork/libc.a(writer.o)
                0x001078b8                _write_r
 .text          0x001078e4       0x64 /cygdrive/c/gccfd/gnuarm/bin/../lib/gcc/arm-elf/4.0.2/../../../../arm-elf/lib/thumb/interwork/libc.a(callocr.o)
                0x001078e4                _calloc_r
 .text          0x00107948       0x28 /cygdrive/c/gccfd/gnuarm/bin/../lib/gcc/arm-elf/4.0.2/../../../../arm-elf/lib/thumb/interwork/libc.a(closer.o)
                0x00107948                _close_r
 .text          0x00107970        0xc /cygdrive/c/gccfd/gnuarm/bin/../lib/gcc/arm-elf/4.0.2/../../../../arm-elf/lib/thumb/interwork/libc.a(errno.o)
                0x00107970                __errno
 .text          0x0010797c       0xbc /cygdrive/c/gccfd/gnuarm/bin/../lib/gcc/arm-elf/4.0.2/../../../../arm-elf/lib/thumb/interwork/libc.a(fclose.o)
                0x0010797c                _fclose_r
                0x00107a20                fclose
 .text          0x00107a38       0x2c /cygdrive/c/gccfd/gnuarm/bin/../lib/gcc/arm-elf/4.0.2/../../../../arm-elf/lib/thumb/interwork/libc.a(fstatr.o)
                0x00107a38                _fstat_r
 .text          0x00107a64       0x2c /cygdrive/c/gccfd/gnuarm/bin/../lib/gcc/arm-elf/4.0.2/../../../../arm-elf/lib/thumb/interwork/libc.a(lseekr.o)
                0x00107a64                _lseek_r
 .text          0x00107a90       0x2c /cygdrive/c/gccfd/gnuarm/bin/../lib/gcc/arm-elf/4.0.2/../../../../arm-elf/lib/thumb/interwork/libc.a(readr.o)
                0x00107a90                _read_r
 .text          0x00107abc       0x8c /cygdrive/c/gccfd/gnuarm/bin/../lib/gcc/arm-elf/4.0.2/thumb/interwork/libgcc.a(_udivsi3.o)
                0x00107abc                __udivsi3
                0x00107b38                __aeabi_uidivmod
 .text          0x00107b48       0xa4 /cygdrive/c/gccfd/gnuarm/bin/../lib/gcc/arm-elf/4.0.2/thumb/interwork/libgcc.a(_divsi3.o)
                0x00107b48                __divsi3
                0x00107bdc                __aeabi_idivmod
 .text          0x00107bec       0xc8 /cygdrive/c/gccfd/gnuarm/bin/../lib/gcc/arm-elf/4.0.2/thumb/interwork/libgcc.a(_umodsi3.o)
                0x00107bec                __umodsi3
 .text          0x00107cb4       0xd8 /cygdrive/c/gccfd/gnuarm/bin/../lib/gcc/arm-elf/4.0.2/thumb/interwork/libgcc.a(_modsi3.o)
                0x00107cb4                __modsi3
 .text          0x00107d8c        0x4 /cygdrive/c/gccfd/gnuarm/bin/../lib/gcc/arm-elf/4.0.2/thumb/interwork/libgcc.a(_dvmd_tls.o)
                0x00107d8c                __aeabi_ldiv0
                0x00107d8c                __div0
                0x00107d8c                __aeabi_idiv0
 .text          0x00107d90      0x430 /cygdrive/c/gccfd/gnuarm/bin/../lib/gcc/arm-elf/4.0.2/thumb/interwork/libgcc.a(_addsubdf3.o)
                0x00108154                __floatdidf
                0x001080d4                __floatsidf
                0x001080ac                __aeabi_ui2d
                0x00107d90                __aeabi_drsub
                0x00108100                __extendsfdf2
                0x00107d9c                __adddf3
                0x001080ac                __floatunsidf
                0x00107d9c                __aeabi_dadd
                0x00108140                __aeabi_ul2d
                0x00107d98                __aeabi_dsub
                0x00108140                __floatundidf
                0x001080d4                __aeabi_i2d
                0x00108154                __aeabi_l2d
                0x00108100                __aeabi_f2d
                0x00107d98                __subdf3
 .text          0x001081c0      0x49c /cygdrive/c/gccfd/gnuarm/bin/../lib/gcc/arm-elf/4.0.2/thumb/interwork/libgcc.a(_muldivdf3.o)
                0x00108450                __aeabi_ddiv
                0x001081c0                __aeabi_dmul
                0x00108450                __divdf3
                0x001081c0                __muldf3
 .text          0x0010865c      0x140 /cygdrive/c/gccfd/gnuarm/bin/../lib/gcc/arm-elf/4.0.2/thumb/interwork/libgcc.a(_cmpdf2.o)
                0x00108754                __aeabi_dcmple
                0x0010866c                __cmpdf2
                0x0010866c                __eqdf2
                0x0010865c                __gtdf2
                0x0010870c                __aeabi_cdcmple
                0x001086f0                __aeabi_cdrcmple
                0x00108664                __ltdf2
                0x0010873c                __aeabi_dcmplt
                0x00108664                __ledf2
                0x00108784                __aeabi_dcmpgt
                0x0010876c                __aeabi_dcmpge
                0x0010866c                __nedf2
                0x00108724                __aeabi_dcmpeq
                0x0010870c                __aeabi_cdcmpeq
                0x0010865c                __gedf2
 .text          0x0010879c       0x5c /cygdrive/c/gccfd/gnuarm/bin/../lib/gcc/arm-elf/4.0.2/thumb/interwork/libgcc.a(_fixdfsi.o)
                0x0010879c                __fixdfsi
                0x0010879c                __aeabi_d2iz
 .text          0x001087f8       0x90 ../libefsl/libefsl.a(efs.o)
                0x001087f8                efs_init
 .text          0x00108888       0x48 ../libefsl/libefsl.a(disc.o)
                0x001088c0                disc_initDisc
                0x00108888                disc_loadMBR
 .text          0x001088d0      0x154 ../libefsl/libefsl.a(partition.o)
                0x00108994                part_getSect
                0x00108944                part_readBuf
                0x00108920                part_getRealLBA
                0x001088f4                part_initPartition
                0x001089dc                part_directSectorRead
                0x001088d0                part_isFatPart
                0x0010896c                part_writeBuf
                0x00108930                part_relSect
                0x001089b8                part_flushPart
                0x00108a00                part_directSectorWrite
 .text          0x00108a24      0x67c ../libefsl/libefsl.a(fs.o)
                0x00108ac4                fs_countDataSectors
                0x00108bcc                fs_loadVolumeId
                0x00108c9c                fs_sectorToCluster
                0x00108b1c                fs_determineFatType
                0x00108eec                fs_initFs
                0x00108c58                fs_clusterToSector
                0x00108f3c                fs_findFile
                0x00109030                fs_findFreeFile
                0x00108d70                fs_setFirstClusterInDirEntry
                0x00108c44                fs_getFirstClusterRootDir
                0x00108d80                fs_flushFs
                0x00108d98                fs_umount
                0x00108d18                fs_giveFreeClusterHint
                0x00108d1c                fs_getLastCluster
                0x00108b50                fs_findFirstSectorRootDir
                0x00108e6c                fs_setFsInfo
                0x00108cf0                fs_getNextFreeCluster
                0x00108a24                fs_verifySanity
                0x00108df0                fs_getFsInfo
                0x00108d60                fs_initClusterChain
                0x00108ed8                fs_initCurrentDir
                0x00108da8                fs_clearCluster
                0x00108b98                fs_isValidFat
 .text          0x001090a0      0x77c ../libefsl/libefsl.a(fat.o)
                0x001094a0                fat_getNextClusterChain
                0x001093b4                fat_setNextClusterAddressWBuf
                0x001090a0                fat_getSectorAddressFatEntry
                0x0010931c                fat_getNextClusterAddressWBuf
                0x00109544                fat_LogicToDiscCluster
                0x001091a0                fat_setNextClusterAddress
                0x00109674                fat_countFreeClusters
                0x001090d8                fat_getNextClusterAddress
                0x0010962c                fat_DiscToLogicCluster
                0x001092b0                fat_isEocMarker
                0x001096a0                fat_allocClusterChain
                0x001092ec                fat_giveEocMarker
                0x001095ec                fat_countClustersInChain
                0x0010959c                fat_unlinkClusterChain
 .text          0x0010981c      0x67c ../libefsl/libefsl.a(file.o)
                0x00109c64                file_write
                0x001098f0                file_normalToFatName
                0x00109990                file_requiredCluster
                0x0010981c                file_getAttr
                0x00109898                file_validateChar
                0x00109cec                file_fopen
                0x00109b00                file_read
                0x001099fc                file_fread
                0x00109874                file_setAttr
                0x00109c80                file_fclose
                0x00109834                file_setpos
                0x00109848                file_initFile
                0x00109b1c                file_fwrite
 .text          0x00109e98      0x41c ../libefsl/libefsl.a(dir.o)
                0x00109fa8                dir_updateDirectoryEntry
                0x0010a0b8                dir_findinCluster
                0x0010a1b8                dir_findinDir
                0x00109f38                dir_setFirstCluster
                0x0010a094                dir_findinBuf
                0x0010a274                dir_addCluster
                0x0010a13c                dir_findinRootArea
                0x00109ec8                dir_createDirectoryEntry
                0x00109ef8                dir_createDefaultEntry
                0x00109fdc                dir_findFileinBuf
                0x00109f74                dir_setFileSize
                0x0010a21c                dir_getFatFileName
                0x00109e98                dir_getFileStructure
                0x0010a044                dir_findFreeEntryinBuf
 .text          0x0010a2b4      0x9a0 ../libefsl/libefsl.a(ioman.o)
                0x0010a68c                ioman_putSectorInCache
                0x0010a73c                ioman_flushRange
                0x0010a568                ioman_getPtr
                0x0010a500                ioman_push
                0x0010a65c                ioman_findFreeSpot
                0x0010a398                ioman_getUseCnt
                0x0010a920                ioman_printStatus
                0x0010a6d8                ioman_flushSector
                0x0010a5b0                ioman_readSector
                0x0010a9dc                ioman_findUnusedSpot
                0x0010aac0                ioman_getSector
                0x0010a620                ioman_findSectorInCache
                0x0010a944                ioman_findOverallocableSpot
                0x0010a2b8                ioman_reset
                0x0010a458                ioman_decRefCnt
                0x0010a584                ioman_getBp
                0x0010a3d8                ioman_decUseCnt
                0x0010a2b4                ioman_getBuffer
                0x0010a5d4                ioman_writeSector
                0x0010abcc                ioman_releaseSector
                0x0010a87c                ioman_directSectorWrite
                0x0010ac38                ioman_init
                0x0010a7bc                ioman_flushAll
                0x0010a434                ioman_incRefCnt
                0x0010a324                ioman_setAttr
                0x0010a810                ioman_directSectorRead
                0x0010a498                ioman_pop
                0x0010a368                ioman_getAttr
                0x0010a3fc                ioman_resetUseCnt
                0x0010a418                ioman_getRefCnt
                0x0010a47c                ioman_resetRefCnt
                0x0010a3b4                ioman_incUseCnt
                0x0010a5f8                ioman_resetCacheItem
 .text          0x0010ac54       0x88 ../libefsl/libefsl.a(extract.o)
                0x0010ac98                ex_getPartitionField
                0x0010ac6c                ex_getb16
                0x0010ac84                ex_setb32
                0x0010ac54                ex_getb32
                0x0010acd8                ex_setPartitionField
                0x0010ac78                ex_setb16
 .text          0x0010acdc      0x1d8 ../libefsl/libefsl.a(ls.o)
                0x0010ad84                ls_getRootAreaEntry
                0x0010ad48                ls_fileEntryToDirListEntry
                0x0010ae58                ls_getDirEntry
                0x0010ade0                ls_getRealDirEntry
                0x0010ae7c                ls_getNext
                0x0010ad28                ls_isValidFileEntry
                0x0010acdc                ls_openDir
 .text          0x0010aeb4      0x138 ../libefsl/libefsl.a(at91_spi.o)
                0x0010af04                if_spiInit
                0x0010afe8                if_setPos
                0x0010aedc                if_spiSend
                0x0010afd8                if_writeBuf
                0x0010afc4                if_readBuf
                0x0010aeb4                if_spiSetSpeed
                0x0010af70                if_initInterface
 .text          0x0010afec       0x74 ../libefsl/libefsl.a(plibc.o)
                0x0010b048                memSet
                0x0010b034                memClr
                0x0010b014                memCpy
                0x0010afec                strMatch
 .text          0x0010b060        0xc ../libefsl/libefsl.a(time.o)
                0x0010b060                fs_makeDate
                0x0010b064                fs_makeTime
                0x0010b068                fs_hasTimeSupport
 .text          0x0010b06c      0x2c8 ../libefsl/libefsl.a(sd.o)
                0x0010b18c                sd_getDriveSize
                0x0010b2b0                sd_readSector
                0x0010b06c                sd_Resp8bError
                0x0010b094                sd_Command
                0x0010b070                sd_Resp8b
                0x0010b128                sd_writeSector
                0x0010b104                sd_Resp16b
                0x0010b288                sd_State
                0x0010b21c                sd_Init
 *(.gnu.linkonce.t.*)
 *(.glue_7t .glue_7)
 .glue_7        0x0010b334       0x48 /cygdrive/c/gccfd/gnuarm/bin/../lib/gcc/arm-elf/4.0.2/thumb/interwork/libgcc.a(_fixunsdfsi.o)
                0x0010b370                __AT91F_AIC_ClearIt_from_arm
                0x0010b34c                __xQueueSendFromISR_from_arm
                0x0010b340                __vTaskIncrementTick_from_arm
                0x0010b364                __AT91F_AIC_AcknowledgeIt_from_arm
                0x0010b358                __AT91F_PIO_GetInput_from_arm
                0x0010b334                __vTaskSwitchContext_from_arm
 .glue_7t       0x0010b37c       0x80 /cygdrive/c/gccfd/gnuarm/bin/../lib/gcc/arm-elf/4.0.2/thumb/interwork/libgcc.a(_fixunsdfsi.o)
                0x0010b380                __vPortEnterCritical_change_to_arm
                0x0010b3d4                ____gtdf2_from_thumb
                0x0010b3b4                ____subdf3_from_thumb
                0x0010b3a0                ____ltdf2_change_to_arm
                0x0010b3b8                ____subdf3_change_to_arm
                0x0010b388                __vPortExitCritical_change_to_arm
                0x0010b3e0                ____gedf2_change_to_arm
                0x0010b394                __vPortISRStartFirstTask_from_thumb
                0x0010b3e4                ____eqdf2_from_thumb
                0x0010b3a4                ____fixdfsi_from_thumb
                0x0010b38c                __vPortDisableInterruptsFromThumb_from_thumb
                0x0010b3f8                ____divdf3_change_to_arm
                0x0010b3dc                ____gedf2_from_thumb
                0x0010b384                __vPortExitCritical_from_thumb
                0x0010b3c5                ____fixunsdfsi_from_thumb
                0x0010b3c0                ____muldf3_change_to_arm
                0x0010b3a8                ____fixdfsi_change_to_arm
                0x0010b3f4                ____divdf3_from_thumb
                0x0010b3c8                ____fixunsdfsi_change_to_arm
                0x0010b3d0                ____adddf3_change_to_arm
                0x0010b3d8                ____gtdf2_change_to_arm
                0x0010b37c                __vPortEnterCritical_from_thumb
                0x0010b3ac                ____floatsidf_from_thumb
                0x0010b39c                ____ltdf2_from_thumb
                0x0010b398                __vPortISRStartFirstTask_change_to_arm
                0x0010b3f0                ____nedf2_change_to_arm
                0x0010b3cc                ____adddf3_from_thumb
                0x0010b390                __vPortDisableInterruptsFromThumb_change_to_arm
                0x0010b3e8                ____eqdf2_change_to_arm
                0x0010b3bc                ____muldf3_from_thumb
                0x0010b3ec                ____nedf2_from_thumb
                0x0010b3b0                ____floatsidf_change_to_arm
 *(.fini)
 *(.gcc_except_table)
                0x0010b3fc                . = ALIGN (0x4)

.ctors          0x0010b3fc        0x0
                0x0010b3fc                PROVIDE (__ctors_start__, .)
 *(SORT(.ctors.*))
 *(.ctors)
                0x0010b3fc                PROVIDE (__ctors_end__, .)

.dtors          0x0010b3fc        0x0
                0x0010b3fc                PROVIDE (__dtors_start__, .)
 *(SORT(.dtors.*))
 *(.dtors)
                0x0010b3fc                PROVIDE (__dtors_end__, .)

.rodata         0x0010b3fc      0x65c
 *(.rodata .rodata.*)
 .rodata.str1.4
                0x0010b3fc        0xe main.o
                                 0x10 (size before relaxing)
 *fill*         0x0010b40a        0x2 00
 .rodata.str1.4
                0x0010b40c        0x5 FreeRTOS/Source/tasks.o
                                  0x8 (size before relaxing)
 *fill*         0x0010b411        0x3 00
 .rodata.str1.4
                0x0010b414       0xe1 usb/source/usb_comm.o
                                 0xe4 (size before relaxing)
 .rodata.pxConfigDescriptor
                0x0010b4f5       0x43 usb/source/USB-CDC.o
                0x0010b4f5                pxConfigDescriptor
 .rodata.pxDeviceDescriptor
                0x0010b538       0x12 usb/source/USB-CDC.o
                0x0010b538                pxDeviceDescriptor
 .rodata.pxInterfaceStringDescriptor
                0x0010b54a       0x1e usb/source/USB-CDC.o
                0x0010b54a                pxInterfaceStringDescriptor
 .rodata.pxConfigurationStringDescriptor
                0x0010b568       0x26 usb/source/USB-CDC.o
                0x0010b568                pxConfigurationStringDescriptor
 .rodata.pxProductStringDescriptor
                0x0010b58e       0x24 usb/source/USB-CDC.o
                0x0010b58e                pxProductStringDescriptor
 .rodata.pxManufacturerStringDescriptor
                0x0010b5b2       0x12 usb/source/USB-CDC.o
                0x0010b5b2                pxManufacturerStringDescriptor
 .rodata.pxLanguageStringDescriptor
                0x0010b5c4        0x4 usb/source/USB-CDC.o
                0x0010b5c4                pxLanguageStringDescriptor
 .rodata.pxLineCoding
                0x0010b5c8        0x7 usb/source/USB-CDC.o
 *fill*         0x0010b5cf        0x1 00
 .rodata.vUSBCDCTask
                0x0010b5d0       0x3c usb/source/USB-CDC.o
 .rodata.str1.4
                0x0010b60c       0x31 logger/gpioTasks.o
                                 0x34 (size before relaxing)
 *fill*         0x0010b63d        0x3 00
 .rodata.str1.4
                0x0010b640        0xe logger/loggerTask.o
                                 0x14 (size before relaxing)
 *fill*         0x0010b64e        0x2 00
 .rodata.str1.4
                0x0010b650       0x45 sdcard/sdcard.o
                                 0x6c (size before relaxing)
 *fill*         0x0010b695        0x3 00
 .rodata.str1.4
                0x0010b698       0x19 accelerometer/accelerometer.o
                                 0x1c (size before relaxing)
 *fill*         0x0010b6b1        0x3 00
 .rodata        0x0010b6b4      0x18c /cygdrive/c/gccfd/gnuarm/bin/../lib/gcc/arm-elf/4.0.2/../../../../arm-elf/lib/thumb/interwork/libc.a(vfprintf.o)
 .rodata.str1.4
                0x0010b840       0x62 /cygdrive/c/gccfd/gnuarm/bin/../lib/gcc/arm-elf/4.0.2/../../../../arm-elf/lib/thumb/interwork/libc.a(vfprintf.o)
                                 0x64 (size before relaxing)
 *fill*         0x0010b8a2        0x2 00
 .rodata.str1.4
                0x0010b8a4       0x1e /cygdrive/c/gccfd/gnuarm/bin/../lib/gcc/arm-elf/4.0.2/../../../../arm-elf/lib/thumb/interwork/libc.a(wctomb_r.o)
                                 0x20 (size before relaxing)
 *fill*         0x0010b8c2        0x2 00
 .rodata.str1.4
                0x0010b8c4       0x10 /cygdrive/c/gccfd/gnuarm/bin/../lib/gcc/arm-elf/4.0.2/../../../../arm-elf/lib/thumb/interwork/libc.a(dtoa.o)
                                 0x14 (size before relaxing)
 .rodata        0x0010b8d4       0x18 /cygdrive/c/gccfd/gnuarm/bin/../lib/gcc/arm-elf/4.0.2/../../../../arm-elf/lib/thumb/interwork/libc.a(dtoa.o)
 .rodata        0x0010b8ec        0x4 /cygdrive/c/gccfd/gnuarm/bin/../lib/gcc/arm-elf/4.0.2/../../../../arm-elf/lib/thumb/interwork/libc.a(impure.o)
                0x0010b8ec                _global_impure_ptr
 .rodata.str1.4
                0x0010b8f0        0x2 /cygdrive/c/gccfd/gnuarm/bin/../lib/gcc/arm-elf/4.0.2/../../../../arm-elf/lib/thumb/interwork/libc.a(impure.o)
                                  0x4 (size before relaxing)
 *fill*         0x0010b8f2        0x2 00
 .rodata.str1.4
                0x0010b8f4        0xb /cygdrive/c/gccfd/gnuarm/bin/../lib/gcc/arm-elf/4.0.2/../../../../arm-elf/lib/thumb/interwork/libc.a(locale.o)
                                 0x18 (size before relaxing)
 *fill*         0x0010b8ff        0x1 00
 .rodata        0x0010b900       0x30 /cygdrive/c/gccfd/gnuarm/bin/../lib/gcc/arm-elf/4.0.2/../../../../arm-elf/lib/thumb/interwork/libc.a(locale.o)
 .rodata        0x0010b930      0x124 /cygdrive/c/gccfd/gnuarm/bin/../lib/gcc/arm-elf/4.0.2/../../../../arm-elf/lib/thumb/interwork/libc.a(mprec.o)
                0x0010b930                __mprec_tinytens
                0x0010b980                __mprec_tens
                0x0010b958                __mprec_bigtens
 .rodata.str1.4
                0x0010ba54        0x4 /cygdrive/c/gccfd/gnuarm/bin/../lib/gcc/arm-elf/4.0.2/../../../../arm-elf/lib/thumb/interwork/libc.a(syscalls.o)
 *(.gnu.linkonce.r.*)
                0x0010ba58                . = ALIGN (0x4)
                0x0010ba58                _etext = .
                0x0010ba58                PROVIDE (etext, .)

.data           0x00200000      0x880 load address 0x0010ba58
                0x00200000                _data = .
 *(.vectram)
 .vectram       0x00200000       0x58 startup_SAM7S.o
 *(.data)
 .data          0x00200058      0x404 /cygdrive/c/gccfd/gnuarm/bin/../lib/gcc/arm-elf/4.0.2/../../../../arm-elf/lib/thumb/interwork/libc.a(impure.o)
                0x00200458                _impure_ptr
 .data          0x0020045c       0x14 /cygdrive/c/gccfd/gnuarm/bin/../lib/gcc/arm-elf/4.0.2/../../../../arm-elf/lib/thumb/interwork/libc.a(locale.o)
                0x00200468                __mb_cur_max
                0x0020045c                __lc_ctype
 .data          0x00200470      0x410 /cygdrive/c/gccfd/gnuarm/bin/../lib/gcc/arm-elf/4.0.2/../../../../arm-elf/lib/thumb/interwork/libc.a(mallocr.o)
                0x00200470                __malloc_sbrk_base
                0x00200478                __malloc_av_
                0x00200474                __malloc_trim_threshold
                0x00200880                . = ALIGN (0x4)
 *(.fastrun)

.data.ulCriticalNesting
                0x00200880        0x4 load address 0x0010c2d8
 .data.ulCriticalNesting
                0x00200880        0x4 FreeRTOS/Source/portable/GCC/ARM7_AT91SAM7S/portISR.o
                0x00200880                ulCriticalNesting

.data.duty      0x00200884        0x2 load address 0x0010c2dc
 .data.duty     0x00200884        0x2 usb/source/usb_comm.o
                0x00200884                duty
                0x00200888                . = ALIGN (0x4)
                0x00200888                _edata = .
                0x00200888                PROVIDE (edata, .)

.bss            0x00200888      0x5e8
                0x00200888                __bss_start = .
                0x00200888                __bss_start__ = .
 *(.bss)
 .bss           0x00200888       0x34 /cygdrive/c/gccfd/gnuarm/bin/../lib/gcc/arm-elf/4.0.2/../../../../arm-elf/lib/thumb/interwork/libc.a(mallocr.o)
                0x002008b8                __malloc_top_pad
                0x002008b4                __malloc_max_sbrked_mem
                0x00200888                __malloc_current_mallinfo
                0x002008b0                __malloc_max_total_mem
 .bss           0x002008bc       0xb0 /cygdrive/c/gccfd/gnuarm/bin/../lib/gcc/arm-elf/4.0.2/../../../../arm-elf/lib/thumb/interwork/libc.a(syscalls.o)
 *(COMMON)
 COMMON         0x0020096c        0x4 usb/source/USB-CDC.o
                0x0020096c                xUSBInterruptQueue
 COMMON         0x00200970       0x10 logger/gpioTasks.o
                0x00200970                xOnGPI2
                0x00200974                xOnGPI3
                0x00200978                xOnGPI1
                0x0020097c                xOnPushbutton
 COMMON         0x00200980        0x8 logger/loggerTask.o
                0x00200980                g_loggingShouldRun
                0x00200984                g_xLoggerStart
 COMMON         0x00200988      0x4e4 sdcard/sdcard.o
                0x00200988                g_efs
 COMMON         0x00200e6c        0x4 /cygdrive/c/gccfd/gnuarm/bin/../lib/gcc/arm-elf/4.0.2/../../../../arm-elf/lib/thumb/interwork/libc.a(reent.o)
                0x00200e6c                errno

.bss.ulNextMessage.2580
                0x00200e70        0x4
 .bss.ulNextMessage.2580
                0x00200e70        0x4 usb/source/USBIsr.o

.bss.xISRMessages
                0x00200e74       0x40
 .bss.xISRMessages
                0x00200e74       0x40 usb/source/USBIsr.o

.bss.pxCurrentTCB
                0x00200eb4        0x4
 .bss.pxCurrentTCB
                0x00200eb4        0x4 FreeRTOS/Source/tasks.o
                0x00200eb4                pxCurrentTCB

.bss.xMissedYield
                0x00200eb8        0x4
 .bss.xMissedYield
                0x00200eb8        0x4 FreeRTOS/Source/tasks.o

.bss.xTickCount
                0x00200ebc        0x4
 .bss.xTickCount
                0x00200ebc        0x4 FreeRTOS/Source/tasks.o

.bss.xNumOfOverflows
                0x00200ec0        0x4
 .bss.xNumOfOverflows
                0x00200ec0        0x4 FreeRTOS/Source/tasks.o

.bss.uxTopReadyPriority
                0x00200ec4        0x4
 .bss.uxTopReadyPriority
                0x00200ec4        0x4 FreeRTOS/Source/tasks.o

.bss.uxSchedulerSuspended
                0x00200ec8        0x4
 .bss.uxSchedulerSuspended
                0x00200ec8        0x4 FreeRTOS/Source/tasks.o

.bss.uxMissedTicks
                0x00200ecc        0x4
 .bss.uxMissedTicks
                0x00200ecc        0x4 FreeRTOS/Source/tasks.o

.bss.uxCurrentNumberOfTasks
                0x00200ed0        0x4
 .bss.uxCurrentNumberOfTasks
                0x00200ed0        0x4 FreeRTOS/Source/tasks.o

.bss.xSchedulerRunning
                0x00200ed4        0x4
 .bss.xSchedulerRunning
                0x00200ed4        0x4 FreeRTOS/Source/tasks.o

.bss.uxTopUsedPriority
                0x00200ed8        0x4
 .bss.uxTopUsedPriority
                0x00200ed8        0x4 FreeRTOS/Source/tasks.o

.bss.uxTaskNumber.3709
                0x00200edc        0x4
 .bss.uxTaskNumber.3709
                0x00200edc        0x4 FreeRTOS/Source/tasks.o

.bss.xSuspendedTaskList
                0x00200ee0       0x14
 .bss.xSuspendedTaskList
                0x00200ee0       0x14 FreeRTOS/Source/tasks.o

.bss.xPendingReadyList
                0x00200ef4       0x14
 .bss.xPendingReadyList
                0x00200ef4       0x14 FreeRTOS/Source/tasks.o

.bss.pxOverflowDelayedTaskList
                0x00200f08        0x4
 .bss.pxOverflowDelayedTaskList
                0x00200f08        0x4 FreeRTOS/Source/tasks.o

.bss.pxDelayedTaskList
                0x00200f0c        0x4
 .bss.pxDelayedTaskList
                0x00200f0c        0x4 FreeRTOS/Source/tasks.o

.bss.xDelayedTaskList2
                0x00200f10       0x14
 .bss.xDelayedTaskList2
                0x00200f10       0x14 FreeRTOS/Source/tasks.o

.bss.xDelayedTaskList1
                0x00200f24       0x14
 .bss.xDelayedTaskList1
                0x00200f24       0x14 FreeRTOS/Source/tasks.o

.bss.pxReadyTasksLists
                0x00200f38       0x64
 .bss.pxReadyTasksLists
                0x00200f38       0x64 FreeRTOS/Source/tasks.o

.bss.xHeapHasBeenInitialised.3010
                0x00200f9c        0x4
 .bss.xHeapHasBeenInitialised.3010
                0x00200f9c        0x4 FreeRTOS/Source/portable/MemMang/heap_2.o

.bss.xEnd       0x00200fa0        0x8
 .bss.xEnd      0x00200fa0        0x8 FreeRTOS/Source/portable/MemMang/heap_2.o

.bss.xStart     0x00200fa8        0x8
 .bss.xStart    0x00200fa8        0x8 FreeRTOS/Source/portable/MemMang/heap_2.o

.bss.xHeap      0x00200fb0     0x2714
 .bss.xHeap     0x00200fb0     0x2714 FreeRTOS/Source/portable/MemMang/heap_2.o

.bss.usbIntefacedInitialized
                0x002036c4        0x4
 .bss.usbIntefacedInitialized
                0x002036c4        0x4 usb/source/USB-CDC.o

.bss.eDriverState
                0x002036c8        0x4
 .bss.eDriverState
                0x002036c8        0x4 usb/source/USB-CDC.o

.bss.ucUSBConfig
                0x002036cc        0x1
 .bss.ucUSBConfig
                0x002036cc        0x1 usb/source/USB-CDC.o

.bss.ulReceivedAddress
                0x002036d0        0x4
 .bss.ulReceivedAddress
                0x002036d0        0x4 usb/source/USB-CDC.o

.bss.xRequest.3608
                0x002036d4        0x8
 .bss.xRequest.3608
                0x002036d4        0x8 usb/source/USB-CDC.o

.bss.uiCurrentBank
                0x002036dc        0x4
 .bss.uiCurrentBank
                0x002036dc        0x4 usb/source/USB-CDC.o

.bss.ucControlState
                0x002036e0        0x1
 .bss.ucControlState
                0x002036e0        0x1 usb/source/USB-CDC.o

.bss.xTxCDC     0x002036e4        0x4
 .bss.xTxCDC    0x002036e4        0x4 usb/source/USB-CDC.o

.bss.xRxCDC     0x002036e8        0x4
 .bss.xRxCDC    0x002036e8        0x4 usb/source/USB-CDC.o

.bss.pxControlRx
                0x002036ec       0x88
 .bss.pxControlRx
                0x002036ec       0x88 usb/source/USB-CDC.o

.bss.pxControlTx
                0x00203774       0x88
 .bss.pxControlTx
                0x00203774       0x88 usb/source/USB-CDC.o
                0x002037fc                . = ALIGN (0x4)
                0x002037fc                __bss_end__ = .
                0x002037fc                __bss_end__ = .
                0x002037fc                _end = .
                0x002037fc                PROVIDE (end, .)
                0x002037fc                . = ALIGN (0x4)

.int_data
 *(.internal_ram_top)

.stab
 *(.stab)

.stabstr
 *(.stabstr)

.stab.excl
 *(.stab.excl)

.stab.exclstr
 *(.stab.exclstr)

.stab.index
 *(.stab.index)

.stab.indexstr
 *(.stab.indexstr)

.comment        0x00000000      0x558
 *(.comment)
 .comment       0x00000000       0x12 FreeRTOS/Source/portable/GCC/ARM7_AT91SAM7S/portISR.o
 .comment       0x00000012       0x12 interrupt_utils.o
 .comment       0x00000024       0x12 blinker.o
 .comment       0x00000036       0x12 usb/source/USBIsr.o
 .comment       0x00000048       0x12 logger/gpioIsr.o
 .comment       0x0000005a       0x12 main.o
 .comment       0x0000006c       0x12 hardware/lib_AT91SAM7S256.o
 .comment       0x0000007e       0x12 FreeRTOS/Source/tasks.o
 .comment       0x00000090       0x12 FreeRTOS/Source/queue.o
 .comment       0x000000a2       0x12 FreeRTOS/Source/list.o
 .comment       0x000000b4       0x12 FreeRTOS/Source/portable/MemMang/heap_2.o
 .comment       0x000000c6       0x12 FreeRTOS/Source/portable/GCC/ARM7_AT91SAM7S/port.o
 .comment       0x000000d8       0x12 usb/source/usb_comm.o
 .comment       0x000000ea       0x12 usb/source/USB-CDC.o
 .comment       0x000000fc       0x12 logger/loggerHardware.o
 .comment       0x0000010e       0x12 logger/gpioTasks.o
 .comment       0x00000120       0x12 logger/loggerTask.o
 .comment       0x00000132       0x12 serial/usart.o
 .comment       0x00000144       0x12 sdcard/sdcard.o
 .comment       0x00000156       0x12 accelerometer/accelerometer.o
 .comment       0x00000168       0x12 util/modp_numtoa.o
 .comment       0x0000017a       0x12 /cygdrive/c/gccfd/gnuarm/bin/../lib/gcc/arm-elf/4.0.2/../../../../arm-elf/lib/thumb/interwork/libc.a(memcpy.o)
 .comment       0x0000018c       0x12 /cygdrive/c/gccfd/gnuarm/bin/../lib/gcc/arm-elf/4.0.2/../../../../arm-elf/lib/thumb/interwork/libc.a(memset.o)
 .comment       0x0000019e       0x12 /cygdrive/c/gccfd/gnuarm/bin/../lib/gcc/arm-elf/4.0.2/../../../../arm-elf/lib/thumb/interwork/libc.a(sprintf.o)
 .comment       0x000001b0       0x12 /cygdrive/c/gccfd/gnuarm/bin/../lib/gcc/arm-elf/4.0.2/../../../../arm-elf/lib/thumb/interwork/libc.a(strcpy.o)
 .comment       0x000001c2       0x12 /cygdrive/c/gccfd/gnuarm/bin/../lib/gcc/arm-elf/4.0.2/../../../../arm-elf/lib/thumb/interwork/libc.a(strlen.o)
 .comment       0x000001d4       0x12 /cygdrive/c/gccfd/gnuarm/bin/../lib/gcc/arm-elf/4.0.2/../../../../arm-elf/lib/thumb/interwork/libc.a(strncpy.o)
 .comment       0x000001e6       0x12 /cygdrive/c/gccfd/gnuarm/bin/../lib/gcc/arm-elf/4.0.2/../../../../arm-elf/lib/thumb/interwork/libc.a(vfprintf.o)
 .comment       0x000001f8       0x12 /cygdrive/c/gccfd/gnuarm/bin/../lib/gcc/arm-elf/4.0.2/../../../../arm-elf/lib/thumb/interwork/libc.a(wcrtomb.o)
 .comment       0x0000020a       0x12 /cygdrive/c/gccfd/gnuarm/bin/../lib/gcc/arm-elf/4.0.2/../../../../arm-elf/lib/thumb/interwork/libc.a(wcsrtombs.o)
 .comment       0x0000021c       0x12 /cygdrive/c/gccfd/gnuarm/bin/../lib/gcc/arm-elf/4.0.2/../../../../arm-elf/lib/thumb/interwork/libc.a(wctomb_r.o)
 .comment       0x0000022e       0x12 /cygdrive/c/gccfd/gnuarm/bin/../lib/gcc/arm-elf/4.0.2/../../../../arm-elf/lib/thumb/interwork/libc.a(wsetup.o)
 .comment       0x00000240       0x12 /cygdrive/c/gccfd/gnuarm/bin/../lib/gcc/arm-elf/4.0.2/../../../../arm-elf/lib/thumb/interwork/libc.a(dtoa.o)
 .comment       0x00000252       0x12 /cygdrive/c/gccfd/gnuarm/bin/../lib/gcc/arm-elf/4.0.2/../../../../arm-elf/lib/thumb/interwork/libc.a(fflush.o)
 .comment       0x00000264       0x12 /cygdrive/c/gccfd/gnuarm/bin/../lib/gcc/arm-elf/4.0.2/../../../../arm-elf/lib/thumb/interwork/libc.a(findfp.o)
 .comment       0x00000276       0x12 /cygdrive/c/gccfd/gnuarm/bin/../lib/gcc/arm-elf/4.0.2/../../../../arm-elf/lib/thumb/interwork/libc.a(freer.o)
 .comment       0x00000288       0x12 /cygdrive/c/gccfd/gnuarm/bin/../lib/gcc/arm-elf/4.0.2/../../../../arm-elf/lib/thumb/interwork/libc.a(fvwrite.o)
 .comment       0x0000029a       0x12 /cygdrive/c/gccfd/gnuarm/bin/../lib/gcc/arm-elf/4.0.2/../../../../arm-elf/lib/thumb/interwork/libc.a(fwalk.o)
 .comment       0x000002ac       0x12 /cygdrive/c/gccfd/gnuarm/bin/../lib/gcc/arm-elf/4.0.2/../../../../arm-elf/lib/thumb/interwork/libc.a(impure.o)
 .comment       0x000002be       0x12 /cygdrive/c/gccfd/gnuarm/bin/../lib/gcc/arm-elf/4.0.2/../../../../arm-elf/lib/thumb/interwork/libc.a(locale.o)
 .comment       0x000002d0       0x12 /cygdrive/c/gccfd/gnuarm/bin/../lib/gcc/arm-elf/4.0.2/../../../../arm-elf/lib/thumb/interwork/libc.a(makebuf.o)
 .comment       0x000002e2       0x12 /cygdrive/c/gccfd/gnuarm/bin/../lib/gcc/arm-elf/4.0.2/../../../../arm-elf/lib/thumb/interwork/libc.a(mallocr.o)
 .comment       0x000002f4       0x12 /cygdrive/c/gccfd/gnuarm/bin/../lib/gcc/arm-elf/4.0.2/../../../../arm-elf/lib/thumb/interwork/libc.a(memchr.o)
 .comment       0x00000306       0x12 /cygdrive/c/gccfd/gnuarm/bin/../lib/gcc/arm-elf/4.0.2/../../../../arm-elf/lib/thumb/interwork/libc.a(memmove.o)
 .comment       0x00000318       0x12 /cygdrive/c/gccfd/gnuarm/bin/../lib/gcc/arm-elf/4.0.2/../../../../arm-elf/lib/thumb/interwork/libc.a(mlock.o)
 .comment       0x0000032a       0x12 /cygdrive/c/gccfd/gnuarm/bin/../lib/gcc/arm-elf/4.0.2/../../../../arm-elf/lib/thumb/interwork/libc.a(mprec.o)
 .comment       0x0000033c       0x12 /cygdrive/c/gccfd/gnuarm/bin/../lib/gcc/arm-elf/4.0.2/../../../../arm-elf/lib/thumb/interwork/libc.a(reallocr.o)
 .comment       0x0000034e       0x12 /cygdrive/c/gccfd/gnuarm/bin/../lib/gcc/arm-elf/4.0.2/../../../../arm-elf/lib/thumb/interwork/libc.a(s_isinf.o)
 .comment       0x00000360       0x12 /cygdrive/c/gccfd/gnuarm/bin/../lib/gcc/arm-elf/4.0.2/../../../../arm-elf/lib/thumb/interwork/libc.a(s_isnan.o)
 .comment       0x00000372       0x12 /cygdrive/c/gccfd/gnuarm/bin/../lib/gcc/arm-elf/4.0.2/../../../../arm-elf/lib/thumb/interwork/libc.a(sbrkr.o)
 .comment       0x00000384       0x12 /cygdrive/c/gccfd/gnuarm/bin/../lib/gcc/arm-elf/4.0.2/../../../../arm-elf/lib/thumb/interwork/libc.a(stdio.o)
 .comment       0x00000396       0x12 /cygdrive/c/gccfd/gnuarm/bin/../lib/gcc/arm-elf/4.0.2/../../../../arm-elf/lib/thumb/interwork/libc.a(strcmp.o)
 .comment       0x000003a8       0x12 /cygdrive/c/gccfd/gnuarm/bin/../lib/gcc/arm-elf/4.0.2/../../../../arm-elf/lib/thumb/interwork/libc.a(syscalls.o)
 .comment       0x000003ba       0x12 /cygdrive/c/gccfd/gnuarm/bin/../lib/gcc/arm-elf/4.0.2/../../../../arm-elf/lib/thumb/interwork/libc.a(writer.o)
 .comment       0x000003cc       0x12 /cygdrive/c/gccfd/gnuarm/bin/../lib/gcc/arm-elf/4.0.2/../../../../arm-elf/lib/thumb/interwork/libc.a(callocr.o)
 .comment       0x000003de       0x12 /cygdrive/c/gccfd/gnuarm/bin/../lib/gcc/arm-elf/4.0.2/../../../../arm-elf/lib/thumb/interwork/libc.a(closer.o)
 .comment       0x000003f0       0x12 /cygdrive/c/gccfd/gnuarm/bin/../lib/gcc/arm-elf/4.0.2/../../../../arm-elf/lib/thumb/interwork/libc.a(errno.o)
 .comment       0x00000402       0x12 /cygdrive/c/gccfd/gnuarm/bin/../lib/gcc/arm-elf/4.0.2/../../../../arm-elf/lib/thumb/interwork/libc.a(fclose.o)
 .comment       0x00000414       0x12 /cygdrive/c/gccfd/gnuarm/bin/../lib/gcc/arm-elf/4.0.2/../../../../arm-elf/lib/thumb/interwork/libc.a(fstatr.o)
 .comment       0x00000426       0x12 /cygdrive/c/gccfd/gnuarm/bin/../lib/gcc/arm-elf/4.0.2/../../../../arm-elf/lib/thumb/interwork/libc.a(lseekr.o)
 .comment       0x00000438       0x12 /cygdrive/c/gccfd/gnuarm/bin/../lib/gcc/arm-elf/4.0.2/../../../../arm-elf/lib/thumb/interwork/libc.a(readr.o)
 .comment       0x0000044a       0x12 /cygdrive/c/gccfd/gnuarm/bin/../lib/gcc/arm-elf/4.0.2/../../../../arm-elf/lib/thumb/interwork/libc.a(reent.o)
 .comment       0x0000045c       0x12 ../libefsl/libefsl.a(efs.o)
 .comment       0x0000046e       0x12 ../libefsl/libefsl.a(disc.o)
 .comment       0x00000480       0x12 ../libefsl/libefsl.a(partition.o)
 .comment       0x00000492       0x12 ../libefsl/libefsl.a(fs.o)
 .comment       0x000004a4       0x12 ../libefsl/libefsl.a(fat.o)
 .comment       0x000004b6       0x12 ../libefsl/libefsl.a(file.o)
 .comment       0x000004c8       0x12 ../libefsl/libefsl.a(dir.o)
 .comment       0x000004da       0x12 ../libefsl/libefsl.a(ioman.o)
 .comment       0x000004ec       0x12 ../libefsl/libefsl.a(extract.o)
 .comment       0x000004fe       0x12 ../libefsl/libefsl.a(ls.o)
 .comment       0x00000510       0x12 ../libefsl/libefsl.a(at91_spi.o)
 .comment       0x00000522       0x12 ../libefsl/libefsl.a(plibc.o)
 .comment       0x00000534       0x12 ../libefsl/libefsl.a(time.o)
 .comment       0x00000546       0x12 ../libefsl/libefsl.a(sd.o)

.debug
 *(.debug)

.line
 *(.line)

.debug_srcinfo
 *(.debug_srcinfo)

.debug_sfnames
 *(.debug_sfnames)

.debug_aranges  0x00000000      0x800
 *(.debug_aranges)
 .debug_aranges
                0x00000000       0x20 /cygdrive/c/gccfd/gnuarm/bin/../lib/gcc/arm-elf/4.0.2/../../../../arm-elf/lib/thumb/interwork/libc.a(memcpy.o)
 .debug_aranges
                0x00000020       0x20 /cygdrive/c/gccfd/gnuarm/bin/../lib/gcc/arm-elf/4.0.2/../../../../arm-elf/lib/thumb/interwork/libc.a(memset.o)
 .debug_aranges
                0x00000040       0x20 /cygdrive/c/gccfd/gnuarm/bin/../lib/gcc/arm-elf/4.0.2/../../../../arm-elf/lib/thumb/interwork/libc.a(sprintf.o)
 .debug_aranges
                0x00000060       0x20 /cygdrive/c/gccfd/gnuarm/bin/../lib/gcc/arm-elf/4.0.2/../../../../arm-elf/lib/thumb/interwork/libc.a(strcpy.o)
 .debug_aranges
                0x00000080       0x20 /cygdrive/c/gccfd/gnuarm/bin/../lib/gcc/arm-elf/4.0.2/../../../../arm-elf/lib/thumb/interwork/libc.a(strlen.o)
 .debug_aranges
                0x000000a0       0x20 /cygdrive/c/gccfd/gnuarm/bin/../lib/gcc/arm-elf/4.0.2/../../../../arm-elf/lib/thumb/interwork/libc.a(strncpy.o)
 .debug_aranges
                0x000000c0       0x20 /cygdrive/c/gccfd/gnuarm/bin/../lib/gcc/arm-elf/4.0.2/../../../../arm-elf/lib/thumb/interwork/libc.a(vfprintf.o)
 .debug_aranges
                0x000000e0       0x20 /cygdrive/c/gccfd/gnuarm/bin/../lib/gcc/arm-elf/4.0.2/../../../../arm-elf/lib/thumb/interwork/libc.a(wcrtomb.o)
 .debug_aranges
                0x00000100       0x20 /cygdrive/c/gccfd/gnuarm/bin/../lib/gcc/arm-elf/4.0.2/../../../../arm-elf/lib/thumb/interwork/libc.a(wcsrtombs.o)
 .debug_aranges
                0x00000120       0x20 /cygdrive/c/gccfd/gnuarm/bin/../lib/gcc/arm-elf/4.0.2/../../../../arm-elf/lib/thumb/interwork/libc.a(wctomb_r.o)
 .debug_aranges
                0x00000140       0x20 /cygdrive/c/gccfd/gnuarm/bin/../lib/gcc/arm-elf/4.0.2/../../../../arm-elf/lib/thumb/interwork/libc.a(wsetup.o)
 .debug_aranges
                0x00000160       0x20 /cygdrive/c/gccfd/gnuarm/bin/../lib/gcc/arm-elf/4.0.2/../../../../arm-elf/lib/thumb/interwork/libc.a(dtoa.o)
 .debug_aranges
                0x00000180       0x20 /cygdrive/c/gccfd/gnuarm/bin/../lib/gcc/arm-elf/4.0.2/../../../../arm-elf/lib/thumb/interwork/libc.a(fflush.o)
 .debug_aranges
                0x000001a0       0x20 /cygdrive/c/gccfd/gnuarm/bin/../lib/gcc/arm-elf/4.0.2/../../../../arm-elf/lib/thumb/interwork/libc.a(findfp.o)
 .debug_aranges
                0x000001c0       0x20 /cygdrive/c/gccfd/gnuarm/bin/../lib/gcc/arm-elf/4.0.2/../../../../arm-elf/lib/thumb/interwork/libc.a(freer.o)
 .debug_aranges
                0x000001e0       0x20 /cygdrive/c/gccfd/gnuarm/bin/../lib/gcc/arm-elf/4.0.2/../../../../arm-elf/lib/thumb/interwork/libc.a(fvwrite.o)
 .debug_aranges
                0x00000200       0x20 /cygdrive/c/gccfd/gnuarm/bin/../lib/gcc/arm-elf/4.0.2/../../../../arm-elf/lib/thumb/interwork/libc.a(fwalk.o)
 .debug_aranges
                0x00000220       0x20 /cygdrive/c/gccfd/gnuarm/bin/../lib/gcc/arm-elf/4.0.2/../../../../arm-elf/lib/thumb/interwork/libc.a(locale.o)
 .debug_aranges
                0x00000240       0x20 /cygdrive/c/gccfd/gnuarm/bin/../lib/gcc/arm-elf/4.0.2/../../../../arm-elf/lib/thumb/interwork/libc.a(makebuf.o)
 .debug_aranges
                0x00000260       0x20 /cygdrive/c/gccfd/gnuarm/bin/../lib/gcc/arm-elf/4.0.2/../../../../arm-elf/lib/thumb/interwork/libc.a(mallocr.o)
 .debug_aranges
                0x00000280       0x20 /cygdrive/c/gccfd/gnuarm/bin/../lib/gcc/arm-elf/4.0.2/../../../../arm-elf/lib/thumb/interwork/libc.a(memchr.o)
 .debug_aranges
                0x000002a0       0x20 /cygdrive/c/gccfd/gnuarm/bin/../lib/gcc/arm-elf/4.0.2/../../../../arm-elf/lib/thumb/interwork/libc.a(memmove.o)
 .debug_aranges
                0x000002c0       0x20 /cygdrive/c/gccfd/gnuarm/bin/../lib/gcc/arm-elf/4.0.2/../../../../arm-elf/lib/thumb/interwork/libc.a(mlock.o)
 .debug_aranges
                0x000002e0       0x20 /cygdrive/c/gccfd/gnuarm/bin/../lib/gcc/arm-elf/4.0.2/../../../../arm-elf/lib/thumb/interwork/libc.a(mprec.o)
 .debug_aranges
                0x00000300       0x20 /cygdrive/c/gccfd/gnuarm/bin/../lib/gcc/arm-elf/4.0.2/../../../../arm-elf/lib/thumb/interwork/libc.a(reallocr.o)
 .debug_aranges
                0x00000320       0x20 /cygdrive/c/gccfd/gnuarm/bin/../lib/gcc/arm-elf/4.0.2/../../../../arm-elf/lib/thumb/interwork/libc.a(s_isinf.o)
 .debug_aranges
                0x00000340       0x20 /cygdrive/c/gccfd/gnuarm/bin/../lib/gcc/arm-elf/4.0.2/../../../../arm-elf/lib/thumb/interwork/libc.a(s_isnan.o)
 .debug_aranges
                0x00000360       0x20 /cygdrive/c/gccfd/gnuarm/bin/../lib/gcc/arm-elf/4.0.2/../../../../arm-elf/lib/thumb/interwork/libc.a(sbrkr.o)
 .debug_aranges
                0x00000380       0x20 /cygdrive/c/gccfd/gnuarm/bin/../lib/gcc/arm-elf/4.0.2/../../../../arm-elf/lib/thumb/interwork/libc.a(stdio.o)
 .debug_aranges
                0x000003a0       0x20 /cygdrive/c/gccfd/gnuarm/bin/../lib/gcc/arm-elf/4.0.2/../../../../arm-elf/lib/thumb/interwork/libc.a(strcmp.o)
 .debug_aranges
                0x000003c0       0x20 /cygdrive/c/gccfd/gnuarm/bin/../lib/gcc/arm-elf/4.0.2/../../../../arm-elf/lib/thumb/interwork/libc.a(syscalls.o)
 .debug_aranges
                0x000003e0       0x20 /cygdrive/c/gccfd/gnuarm/bin/../lib/gcc/arm-elf/4.0.2/../../../../arm-elf/lib/thumb/interwork/libc.a(writer.o)
 .debug_aranges
                0x00000400       0x20 /cygdrive/c/gccfd/gnuarm/bin/../lib/gcc/arm-elf/4.0.2/../../../../arm-elf/lib/thumb/interwork/libc.a(callocr.o)
 .debug_aranges
                0x00000420       0x20 /cygdrive/c/gccfd/gnuarm/bin/../lib/gcc/arm-elf/4.0.2/../../../../arm-elf/lib/thumb/interwork/libc.a(closer.o)
 .debug_aranges
                0x00000440       0x20 /cygdrive/c/gccfd/gnuarm/bin/../lib/gcc/arm-elf/4.0.2/../../../../arm-elf/lib/thumb/interwork/libc.a(errno.o)
 .debug_aranges
                0x00000460       0x20 /cygdrive/c/gccfd/gnuarm/bin/../lib/gcc/arm-elf/4.0.2/../../../../arm-elf/lib/thumb/interwork/libc.a(fclose.o)
 .debug_aranges
                0x00000480       0x20 /cygdrive/c/gccfd/gnuarm/bin/../lib/gcc/arm-elf/4.0.2/../../../../arm-elf/lib/thumb/interwork/libc.a(fstatr.o)
 .debug_aranges
                0x000004a0       0x20 /cygdrive/c/gccfd/gnuarm/bin/../lib/gcc/arm-elf/4.0.2/../../../../arm-elf/lib/thumb/interwork/libc.a(lseekr.o)
 .debug_aranges
                0x000004c0       0x20 /cygdrive/c/gccfd/gnuarm/bin/../lib/gcc/arm-elf/4.0.2/../../../../arm-elf/lib/thumb/interwork/libc.a(readr.o)
 .debug_aranges
                0x000004e0       0x20 /cygdrive/c/gccfd/gnuarm/bin/../lib/gcc/arm-elf/4.0.2/../../../../arm-elf/lib/thumb/interwork/libc.a(reent.o)
 .debug_aranges
                0x00000500       0x20 /cygdrive/c/gccfd/gnuarm/bin/../lib/gcc/arm-elf/4.0.2/thumb/interwork/libgcc.a(_udivsi3.o)
 .debug_aranges
                0x00000520       0x20 /cygdrive/c/gccfd/gnuarm/bin/../lib/gcc/arm-elf/4.0.2/thumb/interwork/libgcc.a(_divsi3.o)
 .debug_aranges
                0x00000540       0x20 /cygdrive/c/gccfd/gnuarm/bin/../lib/gcc/arm-elf/4.0.2/thumb/interwork/libgcc.a(_umodsi3.o)
 .debug_aranges
                0x00000560       0x20 /cygdrive/c/gccfd/gnuarm/bin/../lib/gcc/arm-elf/4.0.2/thumb/interwork/libgcc.a(_modsi3.o)
 .debug_aranges
                0x00000580       0x20 /cygdrive/c/gccfd/gnuarm/bin/../lib/gcc/arm-elf/4.0.2/thumb/interwork/libgcc.a(_dvmd_tls.o)
 .debug_aranges
                0x000005a0       0x20 /cygdrive/c/gccfd/gnuarm/bin/../lib/gcc/arm-elf/4.0.2/thumb/interwork/libgcc.a(_addsubdf3.o)
 .debug_aranges
                0x000005c0       0x20 /cygdrive/c/gccfd/gnuarm/bin/../lib/gcc/arm-elf/4.0.2/thumb/interwork/libgcc.a(_muldivdf3.o)
 .debug_aranges
                0x000005e0       0x20 /cygdrive/c/gccfd/gnuarm/bin/../lib/gcc/arm-elf/4.0.2/thumb/interwork/libgcc.a(_cmpdf2.o)
 .debug_aranges
                0x00000600       0x20 /cygdrive/c/gccfd/gnuarm/bin/../lib/gcc/arm-elf/4.0.2/thumb/interwork/libgcc.a(_fixdfsi.o)
 .debug_aranges
                0x00000620       0x20 /cygdrive/c/gccfd/gnuarm/bin/../lib/gcc/arm-elf/4.0.2/thumb/interwork/libgcc.a(_fixunsdfsi.o)
 .debug_aranges
                0x00000640       0x20 ../libefsl/libefsl.a(efs.o)
 .debug_aranges
                0x00000660       0x20 ../libefsl/libefsl.a(disc.o)
 .debug_aranges
                0x00000680       0x20 ../libefsl/libefsl.a(partition.o)
 .debug_aranges
                0x000006a0       0x20 ../libefsl/libefsl.a(fs.o)
 .debug_aranges
                0x000006c0       0x20 ../libefsl/libefsl.a(fat.o)
 .debug_aranges
                0x000006e0       0x20 ../libefsl/libefsl.a(file.o)
 .debug_aranges
                0x00000700       0x20 ../libefsl/libefsl.a(dir.o)
 .debug_aranges
                0x00000720       0x20 ../libefsl/libefsl.a(ioman.o)
 .debug_aranges
                0x00000740       0x20 ../libefsl/libefsl.a(extract.o)
 .debug_aranges
                0x00000760       0x20 ../libefsl/libefsl.a(ls.o)
 .debug_aranges
                0x00000780       0x20 ../libefsl/libefsl.a(at91_spi.o)
 .debug_aranges
                0x000007a0       0x20 ../libefsl/libefsl.a(plibc.o)
 .debug_aranges
                0x000007c0       0x20 ../libefsl/libefsl.a(time.o)
 .debug_aranges
                0x000007e0       0x20 ../libefsl/libefsl.a(sd.o)

.debug_pubnames
                0x00000000     0x16cd
 *(.debug_pubnames)
 .debug_pubnames
                0x00000000       0x1d /cygdrive/c/gccfd/gnuarm/bin/../lib/gcc/arm-elf/4.0.2/../../../../arm-elf/lib/thumb/interwork/libc.a(memcpy.o)
 .debug_pubnames
                0x0000001d       0x1d /cygdrive/c/gccfd/gnuarm/bin/../lib/gcc/arm-elf/4.0.2/../../../../arm-elf/lib/thumb/interwork/libc.a(memset.o)
 .debug_pubnames
                0x0000003a       0x2d /cygdrive/c/gccfd/gnuarm/bin/../lib/gcc/arm-elf/4.0.2/../../../../arm-elf/lib/thumb/interwork/libc.a(sprintf.o)
 .debug_pubnames
                0x00000067       0x1d /cygdrive/c/gccfd/gnuarm/bin/../lib/gcc/arm-elf/4.0.2/../../../../arm-elf/lib/thumb/interwork/libc.a(strcpy.o)
 .debug_pubnames
                0x00000084       0x1d /cygdrive/c/gccfd/gnuarm/bin/../lib/gcc/arm-elf/4.0.2/../../../../arm-elf/lib/thumb/interwork/libc.a(strlen.o)
 .debug_pubnames
                0x000000a1       0x1e /cygdrive/c/gccfd/gnuarm/bin/../lib/gcc/arm-elf/4.0.2/../../../../arm-elf/lib/thumb/interwork/libc.a(strncpy.o)
 .debug_pubnames
                0x000000bf       0x2f /cygdrive/c/gccfd/gnuarm/bin/../lib/gcc/arm-elf/4.0.2/../../../../arm-elf/lib/thumb/interwork/libc.a(vfprintf.o)
 .debug_pubnames
                0x000000ee       0x2d /cygdrive/c/gccfd/gnuarm/bin/../lib/gcc/arm-elf/4.0.2/../../../../arm-elf/lib/thumb/interwork/libc.a(wcrtomb.o)
 .debug_pubnames
                0x0000011b       0x31 /cygdrive/c/gccfd/gnuarm/bin/../lib/gcc/arm-elf/4.0.2/../../../../arm-elf/lib/thumb/interwork/libc.a(wcsrtombs.o)
 .debug_pubnames
                0x0000014c       0x20 /cygdrive/c/gccfd/gnuarm/bin/../lib/gcc/arm-elf/4.0.2/../../../../arm-elf/lib/thumb/interwork/libc.a(wctomb_r.o)
 .debug_pubnames
                0x0000016c       0x20 /cygdrive/c/gccfd/gnuarm/bin/../lib/gcc/arm-elf/4.0.2/../../../../arm-elf/lib/thumb/interwork/libc.a(wsetup.o)
 .debug_pubnames
                0x0000018c       0x1e /cygdrive/c/gccfd/gnuarm/bin/../lib/gcc/arm-elf/4.0.2/../../../../arm-elf/lib/thumb/interwork/libc.a(dtoa.o)
 .debug_pubnames
                0x000001aa       0x1d /cygdrive/c/gccfd/gnuarm/bin/../lib/gcc/arm-elf/4.0.2/../../../../arm-elf/lib/thumb/interwork/libc.a(fflush.o)
 .debug_pubnames
                0x000001c7       0xdb /cygdrive/c/gccfd/gnuarm/bin/../lib/gcc/arm-elf/4.0.2/../../../../arm-elf/lib/thumb/interwork/libc.a(findfp.o)
 .debug_pubnames
                0x000002a2       0x31 /cygdrive/c/gccfd/gnuarm/bin/../lib/gcc/arm-elf/4.0.2/../../../../arm-elf/lib/thumb/interwork/libc.a(freer.o)
 .debug_pubnames
                0x000002d3       0x21 /cygdrive/c/gccfd/gnuarm/bin/../lib/gcc/arm-elf/4.0.2/../../../../arm-elf/lib/thumb/interwork/libc.a(fvwrite.o)
 .debug_pubnames
                0x000002f4       0x2e /cygdrive/c/gccfd/gnuarm/bin/../lib/gcc/arm-elf/4.0.2/../../../../arm-elf/lib/thumb/interwork/libc.a(fwalk.o)
 .debug_pubnames
                0x00000322       0x39 /cygdrive/c/gccfd/gnuarm/bin/../lib/gcc/arm-elf/4.0.2/../../../../arm-elf/lib/thumb/interwork/libc.a(impure.o)
 .debug_pubnames
                0x0000035b       0xc3 /cygdrive/c/gccfd/gnuarm/bin/../lib/gcc/arm-elf/4.0.2/../../../../arm-elf/lib/thumb/interwork/libc.a(locale.o)
 .debug_pubnames
                0x0000041e       0x21 /cygdrive/c/gccfd/gnuarm/bin/../lib/gcc/arm-elf/4.0.2/../../../../arm-elf/lib/thumb/interwork/libc.a(makebuf.o)
 .debug_pubnames
                0x0000043f       0xce /cygdrive/c/gccfd/gnuarm/bin/../lib/gcc/arm-elf/4.0.2/../../../../arm-elf/lib/thumb/interwork/libc.a(mallocr.o)
 .debug_pubnames
                0x0000050d       0x1d /cygdrive/c/gccfd/gnuarm/bin/../lib/gcc/arm-elf/4.0.2/../../../../arm-elf/lib/thumb/interwork/libc.a(memchr.o)
 .debug_pubnames
                0x0000052a       0x1e /cygdrive/c/gccfd/gnuarm/bin/../lib/gcc/arm-elf/4.0.2/../../../../arm-elf/lib/thumb/interwork/libc.a(memmove.o)
 .debug_pubnames
                0x00000548       0x38 /cygdrive/c/gccfd/gnuarm/bin/../lib/gcc/arm-elf/4.0.2/../../../../arm-elf/lib/thumb/interwork/libc.a(mlock.o)
 .debug_pubnames
                0x00000580      0x112 /cygdrive/c/gccfd/gnuarm/bin/../lib/gcc/arm-elf/4.0.2/../../../../arm-elf/lib/thumb/interwork/libc.a(mprec.o)
 .debug_pubnames
                0x00000692       0x21 /cygdrive/c/gccfd/gnuarm/bin/../lib/gcc/arm-elf/4.0.2/../../../../arm-elf/lib/thumb/interwork/libc.a(reallocr.o)
 .debug_pubnames
                0x000006b3       0x1c /cygdrive/c/gccfd/gnuarm/bin/../lib/gcc/arm-elf/4.0.2/../../../../arm-elf/lib/thumb/interwork/libc.a(s_isinf.o)
 .debug_pubnames
                0x000006cf       0x1c /cygdrive/c/gccfd/gnuarm/bin/../lib/gcc/arm-elf/4.0.2/../../../../arm-elf/lib/thumb/interwork/libc.a(s_isnan.o)
 .debug_pubnames
                0x000006eb       0x1e /cygdrive/c/gccfd/gnuarm/bin/../lib/gcc/arm-elf/4.0.2/../../../../arm-elf/lib/thumb/interwork/libc.a(sbrkr.o)
 .debug_pubnames
                0x00000709       0x44 /cygdrive/c/gccfd/gnuarm/bin/../lib/gcc/arm-elf/4.0.2/../../../../arm-elf/lib/thumb/interwork/libc.a(stdio.o)
 .debug_pubnames
                0x0000074d       0x1d /cygdrive/c/gccfd/gnuarm/bin/../lib/gcc/arm-elf/4.0.2/../../../../arm-elf/lib/thumb/interwork/libc.a(strcmp.o)
 .debug_pubnames
                0x0000076a      0x14a /cygdrive/c/gccfd/gnuarm/bin/../lib/gcc/arm-elf/4.0.2/../../../../arm-elf/lib/thumb/interwork/libc.a(syscalls.o)
 .debug_pubnames
                0x000008b4       0x1f /cygdrive/c/gccfd/gnuarm/bin/../lib/gcc/arm-elf/4.0.2/../../../../arm-elf/lib/thumb/interwork/libc.a(writer.o)
 .debug_pubnames
                0x000008d3       0x20 /cygdrive/c/gccfd/gnuarm/bin/../lib/gcc/arm-elf/4.0.2/../../../../arm-elf/lib/thumb/interwork/libc.a(callocr.o)
 .debug_pubnames
                0x000008f3       0x1f /cygdrive/c/gccfd/gnuarm/bin/../lib/gcc/arm-elf/4.0.2/../../../../arm-elf/lib/thumb/interwork/libc.a(closer.o)
 .debug_pubnames
                0x00000912       0x1e /cygdrive/c/gccfd/gnuarm/bin/../lib/gcc/arm-elf/4.0.2/../../../../arm-elf/lib/thumb/interwork/libc.a(errno.o)
 .debug_pubnames
                0x00000930       0x2b /cygdrive/c/gccfd/gnuarm/bin/../lib/gcc/arm-elf/4.0.2/../../../../arm-elf/lib/thumb/interwork/libc.a(fclose.o)
 .debug_pubnames
                0x0000095b       0x1f /cygdrive/c/gccfd/gnuarm/bin/../lib/gcc/arm-elf/4.0.2/../../../../arm-elf/lib/thumb/interwork/libc.a(fstatr.o)
 .debug_pubnames
                0x0000097a       0x1f /cygdrive/c/gccfd/gnuarm/bin/../lib/gcc/arm-elf/4.0.2/../../../../arm-elf/lib/thumb/interwork/libc.a(lseekr.o)
 .debug_pubnames
                0x00000999       0x1e /cygdrive/c/gccfd/gnuarm/bin/../lib/gcc/arm-elf/4.0.2/../../../../arm-elf/lib/thumb/interwork/libc.a(readr.o)
 .debug_pubnames
                0x000009b7       0x52 /cygdrive/c/gccfd/gnuarm/bin/../lib/gcc/arm-elf/4.0.2/../../../../arm-elf/lib/thumb/interwork/libc.a(reent.o)
 .debug_pubnames
                0x00000a09       0x1f ../libefsl/libefsl.a(efs.o)
 .debug_pubnames
                0x00000a28       0x35 ../libefsl/libefsl.a(disc.o)
 .debug_pubnames
                0x00000a5d       0xdd ../libefsl/libefsl.a(partition.o)
 .debug_pubnames
                0x00000b3a      0x205 ../libefsl/libefsl.a(fs.o)
 .debug_pubnames
                0x00000d3f      0x19b ../libefsl/libefsl.a(fat.o)
 .debug_pubnames
                0x00000eda       0xf9 ../libefsl/libefsl.a(file.o)
 .debug_pubnames
                0x00000fd3      0x158 ../libefsl/libefsl.a(dir.o)
 .debug_pubnames
                0x0000112b      0x2cd ../libefsl/libefsl.a(ioman.o)
 .debug_pubnames
                0x000013f8       0x7c ../libefsl/libefsl.a(extract.o)
 .debug_pubnames
                0x00001474       0xa9 ../libefsl/libefsl.a(ls.o)
 .debug_pubnames
                0x0000151d       0x85 ../libefsl/libefsl.a(at91_spi.o)
 .debug_pubnames
                0x000015a2       0x40 ../libefsl/libefsl.a(plibc.o)
 .debug_pubnames
                0x000015e2       0x48 ../libefsl/libefsl.a(time.o)
 .debug_pubnames
                0x0000162a       0xa3 ../libefsl/libefsl.a(sd.o)

.debug_info     0x00000000    0x1cc33
 *(.debug_info .gnu.linkonce.wi.*)
 .debug_info    0x00000000      0x10d /cygdrive/c/gccfd/gnuarm/bin/../lib/gcc/arm-elf/4.0.2/../../../../arm-elf/lib/thumb/interwork/libc.a(memcpy.o)
 .debug_info    0x0000010d      0x111 /cygdrive/c/gccfd/gnuarm/bin/../lib/gcc/arm-elf/4.0.2/../../../../arm-elf/lib/thumb/interwork/libc.a(memset.o)
 .debug_info    0x0000021e      0xa00 /cygdrive/c/gccfd/gnuarm/bin/../lib/gcc/arm-elf/4.0.2/../../../../arm-elf/lib/thumb/interwork/libc.a(sprintf.o)
 .debug_info    0x00000c1e      0x10c /cygdrive/c/gccfd/gnuarm/bin/../lib/gcc/arm-elf/4.0.2/../../../../arm-elf/lib/thumb/interwork/libc.a(strcpy.o)
 .debug_info    0x00000d2a       0xd5 /cygdrive/c/gccfd/gnuarm/bin/../lib/gcc/arm-elf/4.0.2/../../../../arm-elf/lib/thumb/interwork/libc.a(strlen.o)
 .debug_info    0x00000dff      0x126 /cygdrive/c/gccfd/gnuarm/bin/../lib/gcc/arm-elf/4.0.2/../../../../arm-elf/lib/thumb/interwork/libc.a(strncpy.o)
 .debug_info    0x00000f25     0x10f2 /cygdrive/c/gccfd/gnuarm/bin/../lib/gcc/arm-elf/4.0.2/../../../../arm-elf/lib/thumb/interwork/libc.a(vfprintf.o)
 .debug_info    0x00002017      0x9ee /cygdrive/c/gccfd/gnuarm/bin/../lib/gcc/arm-elf/4.0.2/../../../../arm-elf/lib/thumb/interwork/libc.a(wcrtomb.o)
 .debug_info    0x00002a05      0xa84 /cygdrive/c/gccfd/gnuarm/bin/../lib/gcc/arm-elf/4.0.2/../../../../arm-elf/lib/thumb/interwork/libc.a(wcsrtombs.o)
 .debug_info    0x00003489      0x9f6 /cygdrive/c/gccfd/gnuarm/bin/../lib/gcc/arm-elf/4.0.2/../../../../arm-elf/lib/thumb/interwork/libc.a(wctomb_r.o)
 .debug_info    0x00003e7f      0x939 /cygdrive/c/gccfd/gnuarm/bin/../lib/gcc/arm-elf/4.0.2/../../../../arm-elf/lib/thumb/interwork/libc.a(wsetup.o)
 .debug_info    0x000047b8      0xd65 /cygdrive/c/gccfd/gnuarm/bin/../lib/gcc/arm-elf/4.0.2/../../../../arm-elf/lib/thumb/interwork/libc.a(dtoa.o)
 .debug_info    0x0000551d      0x973 /cygdrive/c/gccfd/gnuarm/bin/../lib/gcc/arm-elf/4.0.2/../../../../arm-elf/lib/thumb/interwork/libc.a(fflush.o)
 .debug_info    0x00005e90      0xb67 /cygdrive/c/gccfd/gnuarm/bin/../lib/gcc/arm-elf/4.0.2/../../../../arm-elf/lib/thumb/interwork/libc.a(findfp.o)
 .debug_info    0x000069f7      0xbb3 /cygdrive/c/gccfd/gnuarm/bin/../lib/gcc/arm-elf/4.0.2/../../../../arm-elf/lib/thumb/interwork/libc.a(freer.o)
 .debug_info    0x000075aa      0xa63 /cygdrive/c/gccfd/gnuarm/bin/../lib/gcc/arm-elf/4.0.2/../../../../arm-elf/lib/thumb/interwork/libc.a(fvwrite.o)
 .debug_info    0x0000800d      0xadb /cygdrive/c/gccfd/gnuarm/bin/../lib/gcc/arm-elf/4.0.2/../../../../arm-elf/lib/thumb/interwork/libc.a(fwalk.o)
 .debug_info    0x00008ae8      0x922 /cygdrive/c/gccfd/gnuarm/bin/../lib/gcc/arm-elf/4.0.2/../../../../arm-elf/lib/thumb/interwork/libc.a(impure.o)
 .debug_info    0x0000940a      0xb7c /cygdrive/c/gccfd/gnuarm/bin/../lib/gcc/arm-elf/4.0.2/../../../../arm-elf/lib/thumb/interwork/libc.a(locale.o)
 .debug_info    0x00009f86      0xad8 /cygdrive/c/gccfd/gnuarm/bin/../lib/gcc/arm-elf/4.0.2/../../../../arm-elf/lib/thumb/interwork/libc.a(makebuf.o)
 .debug_info    0x0000aa5e      0xcbd /cygdrive/c/gccfd/gnuarm/bin/../lib/gcc/arm-elf/4.0.2/../../../../arm-elf/lib/thumb/interwork/libc.a(mallocr.o)
 .debug_info    0x0000b71b      0x136 /cygdrive/c/gccfd/gnuarm/bin/../lib/gcc/arm-elf/4.0.2/../../../../arm-elf/lib/thumb/interwork/libc.a(memchr.o)
 .debug_info    0x0000b851      0x13e /cygdrive/c/gccfd/gnuarm/bin/../lib/gcc/arm-elf/4.0.2/../../../../arm-elf/lib/thumb/interwork/libc.a(memmove.o)
 .debug_info    0x0000b98f      0x93e /cygdrive/c/gccfd/gnuarm/bin/../lib/gcc/arm-elf/4.0.2/../../../../arm-elf/lib/thumb/interwork/libc.a(mlock.o)
 .debug_info    0x0000c2cd     0x1332 /cygdrive/c/gccfd/gnuarm/bin/../lib/gcc/arm-elf/4.0.2/../../../../arm-elf/lib/thumb/interwork/libc.a(mprec.o)
 .debug_info    0x0000d5ff      0xbc3 /cygdrive/c/gccfd/gnuarm/bin/../lib/gcc/arm-elf/4.0.2/../../../../arm-elf/lib/thumb/interwork/libc.a(reallocr.o)
 .debug_info    0x0000e1c2       0xd8 /cygdrive/c/gccfd/gnuarm/bin/../lib/gcc/arm-elf/4.0.2/../../../../arm-elf/lib/thumb/interwork/libc.a(s_isinf.o)
 .debug_info    0x0000e29a       0xd6 /cygdrive/c/gccfd/gnuarm/bin/../lib/gcc/arm-elf/4.0.2/../../../../arm-elf/lib/thumb/interwork/libc.a(s_isnan.o)
 .debug_info    0x0000e370      0x951 /cygdrive/c/gccfd/gnuarm/bin/../lib/gcc/arm-elf/4.0.2/../../../../arm-elf/lib/thumb/interwork/libc.a(sbrkr.o)
 .debug_info    0x0000ecc1      0xa70 /cygdrive/c/gccfd/gnuarm/bin/../lib/gcc/arm-elf/4.0.2/../../../../arm-elf/lib/thumb/interwork/libc.a(stdio.o)
 .debug_info    0x0000f731       0xd9 /cygdrive/c/gccfd/gnuarm/bin/../lib/gcc/arm-elf/4.0.2/../../../../arm-elf/lib/thumb/interwork/libc.a(strcmp.o)
 .debug_info    0x0000f80a     0x15b0 /cygdrive/c/gccfd/gnuarm/bin/../lib/gcc/arm-elf/4.0.2/../../../../arm-elf/lib/thumb/interwork/libc.a(syscalls.o)
 .debug_info    0x00010dba      0x980 /cygdrive/c/gccfd/gnuarm/bin/../lib/gcc/arm-elf/4.0.2/../../../../arm-elf/lib/thumb/interwork/libc.a(writer.o)
 .debug_info    0x0001173a      0xa02 /cygdrive/c/gccfd/gnuarm/bin/../lib/gcc/arm-elf/4.0.2/../../../../arm-elf/lib/thumb/interwork/libc.a(callocr.o)
 .debug_info    0x0001213c      0x945 /cygdrive/c/gccfd/gnuarm/bin/../lib/gcc/arm-elf/4.0.2/../../../../arm-elf/lib/thumb/interwork/libc.a(closer.o)
 .debug_info    0x00012a81      0x914 /cygdrive/c/gccfd/gnuarm/bin/../lib/gcc/arm-elf/4.0.2/../../../../arm-elf/lib/thumb/interwork/libc.a(errno.o)
 .debug_info    0x00013395      0x980 /cygdrive/c/gccfd/gnuarm/bin/../lib/gcc/arm-elf/4.0.2/../../../../arm-elf/lib/thumb/interwork/libc.a(fclose.o)
 .debug_info    0x00013d15      0xabd /cygdrive/c/gccfd/gnuarm/bin/../lib/gcc/arm-elf/4.0.2/../../../../arm-elf/lib/thumb/interwork/libc.a(fstatr.o)
 .debug_info    0x000147d2      0x96a /cygdrive/c/gccfd/gnuarm/bin/../lib/gcc/arm-elf/4.0.2/../../../../arm-elf/lib/thumb/interwork/libc.a(lseekr.o)
 .debug_info    0x0001513c      0x979 /cygdrive/c/gccfd/gnuarm/bin/../lib/gcc/arm-elf/4.0.2/../../../../arm-elf/lib/thumb/interwork/libc.a(readr.o)
 .debug_info    0x00015ab5      0x9fe /cygdrive/c/gccfd/gnuarm/bin/../lib/gcc/arm-elf/4.0.2/../../../../arm-elf/lib/thumb/interwork/libc.a(reent.o)
 .debug_info    0x000164b3       0x6a /cygdrive/c/gccfd/gnuarm/bin/../lib/gcc/arm-elf/4.0.2/thumb/interwork/libgcc.a(_udivsi3.o)
 .debug_info    0x0001651d       0x6a /cygdrive/c/gccfd/gnuarm/bin/../lib/gcc/arm-elf/4.0.2/thumb/interwork/libgcc.a(_divsi3.o)
 .debug_info    0x00016587       0x6a /cygdrive/c/gccfd/gnuarm/bin/../lib/gcc/arm-elf/4.0.2/thumb/interwork/libgcc.a(_umodsi3.o)
 .debug_info    0x000165f1       0x6a /cygdrive/c/gccfd/gnuarm/bin/../lib/gcc/arm-elf/4.0.2/thumb/interwork/libgcc.a(_modsi3.o)
 .debug_info    0x0001665b       0x6a /cygdrive/c/gccfd/gnuarm/bin/../lib/gcc/arm-elf/4.0.2/thumb/interwork/libgcc.a(_dvmd_tls.o)
 .debug_info    0x000166c5       0x69 /cygdrive/c/gccfd/gnuarm/bin/../lib/gcc/arm-elf/4.0.2/thumb/interwork/libgcc.a(_addsubdf3.o)
 .debug_info    0x0001672e       0x69 /cygdrive/c/gccfd/gnuarm/bin/../lib/gcc/arm-elf/4.0.2/thumb/interwork/libgcc.a(_muldivdf3.o)
 .debug_info    0x00016797       0x69 /cygdrive/c/gccfd/gnuarm/bin/../lib/gcc/arm-elf/4.0.2/thumb/interwork/libgcc.a(_cmpdf2.o)
 .debug_info    0x00016800       0x69 /cygdrive/c/gccfd/gnuarm/bin/../lib/gcc/arm-elf/4.0.2/thumb/interwork/libgcc.a(_fixdfsi.o)
 .debug_info    0x00016869       0x69 /cygdrive/c/gccfd/gnuarm/bin/../lib/gcc/arm-elf/4.0.2/thumb/interwork/libgcc.a(_fixunsdfsi.o)
 .debug_info    0x000168d2      0x521 ../libefsl/libefsl.a(efs.o)
 .debug_info    0x00016df3      0x353 ../libefsl/libefsl.a(disc.o)
 .debug_info    0x00017146      0x5f5 ../libefsl/libefsl.a(partition.o)
 .debug_info    0x0001773b      0xc8e ../libefsl/libefsl.a(fs.o)
 .debug_info    0x000183c9      0xb32 ../libefsl/libefsl.a(fat.o)
 .debug_info    0x00018efb      0xc70 ../libefsl/libefsl.a(file.o)
 .debug_info    0x00019b6b      0xbb6 ../libefsl/libefsl.a(dir.o)
 .debug_info    0x0001a721      0xc48 ../libefsl/libefsl.a(ioman.o)
 .debug_info    0x0001b369      0x281 ../libefsl/libefsl.a(extract.o)
 .debug_info    0x0001b5ea      0x799 ../libefsl/libefsl.a(ls.o)
 .debug_info    0x0001bd83      0x80c ../libefsl/libefsl.a(at91_spi.o)
 .debug_info    0x0001c58f      0x1a4 ../libefsl/libefsl.a(plibc.o)
 .debug_info    0x0001c733       0xbc ../libefsl/libefsl.a(time.o)
 .debug_info    0x0001c7ef      0x444 ../libefsl/libefsl.a(sd.o)

.debug_abbrev   0x00000000     0x51a2
 *(.debug_abbrev)
 .debug_abbrev  0x00000000       0x99 /cygdrive/c/gccfd/gnuarm/bin/../lib/gcc/arm-elf/4.0.2/../../../../arm-elf/lib/thumb/interwork/libc.a(memcpy.o)
 .debug_abbrev  0x00000099       0x9a /cygdrive/c/gccfd/gnuarm/bin/../lib/gcc/arm-elf/4.0.2/../../../../arm-elf/lib/thumb/interwork/libc.a(memset.o)
 .debug_abbrev  0x00000133      0x193 /cygdrive/c/gccfd/gnuarm/bin/../lib/gcc/arm-elf/4.0.2/../../../../arm-elf/lib/thumb/interwork/libc.a(sprintf.o)
 .debug_abbrev  0x000002c6       0x80 /cygdrive/c/gccfd/gnuarm/bin/../lib/gcc/arm-elf/4.0.2/../../../../arm-elf/lib/thumb/interwork/libc.a(strcpy.o)
 .debug_abbrev  0x00000346       0x8b /cygdrive/c/gccfd/gnuarm/bin/../lib/gcc/arm-elf/4.0.2/../../../../arm-elf/lib/thumb/interwork/libc.a(strlen.o)
 .debug_abbrev  0x000003d1       0x8d /cygdrive/c/gccfd/gnuarm/bin/../lib/gcc/arm-elf/4.0.2/../../../../arm-elf/lib/thumb/interwork/libc.a(strncpy.o)
 .debug_abbrev  0x0000045e      0x35d /cygdrive/c/gccfd/gnuarm/bin/../lib/gcc/arm-elf/4.0.2/../../../../arm-elf/lib/thumb/interwork/libc.a(vfprintf.o)
 .debug_abbrev  0x000007bb      0x1a7 /cygdrive/c/gccfd/gnuarm/bin/../lib/gcc/arm-elf/4.0.2/../../../../arm-elf/lib/thumb/interwork/libc.a(wcrtomb.o)